<?xml version="1.0" encoding="ISO-8859-1" ?>
<link_info>
   <banner>TI ARM Clang Linker PC v4.0.3.LTS</banner>
   <copyright>Copyright (c) 1996-2018 Texas Instruments Incorporated</copyright>
   <command_line>D:\TI\ccs2020\ccs\tools\compiler\ti-cgt-armllvm_4.0.3.LTS\bin\tiarmlnk -ID:\TI\ccs2020\ccs\tools\compiler\ti-cgt-armllvm_4.0.3.LTS\lib -o empty_LP_MSPM0G3507_nortos_ticlang.out -mempty_LP_MSPM0G3507_nortos_ticlang.map -iC:/ti/mspm0_sdk_2_05_01_00/source -iD:/25diansai/empty_LP_MSPM0G3507_nortos_ticlang -iD:/25diansai/empty_LP_MSPM0G3507_nortos_ticlang/Debug/syscfg -iD:/TI/ccs2020/ccs/tools/compiler/ti-cgt-armllvm_4.0.3.LTS/lib --diag_wrap=off --display_error_number --warn_sections --xml_link_info=empty_LP_MSPM0G3507_nortos_ticlang_linkInfo.xml --rom_model ./ce.o ./ti_msp_dl_config.o ./startup_mspm0g350x_ticlang.o ./main.o ./Board/board.o ./Delay/Delay.o ./Hardware/hardware.o ./MOTOR/motor.o ./MPU6050/inv_mpu.o ./MPU6050/inv_mpu_dmp_motion_driver.o ./MPU6050/mpu6050.o ./OLED/oled.o ./PID/PID1.o ./PID/pid.o ./UART/uart.o ./tarck/track.o -l./device_linker.cmd -ldevice.cmd.genlibs -llibc.a --start-group -llibc++.a -llibc++abi.a -llibc.a -llibsys.a -llibsysbm.a -llibclang_rt.builtins.a -llibclang_rt.profile.a --end-group --cg_opt_level=2</command_line>
   <link_time>0x6875d3ab</link_time>
   <link_errors>0x0</link_errors>
   <output_file>D:\25diansai\empty_LP_MSPM0G3507_nortos_ticlang\Debug\empty_LP_MSPM0G3507_nortos_ticlang.out</output_file>
   <entry_point>
      <name>_c_int00_noargs</name>
      <address>0x5a95</address>
   </entry_point>
   <input_file_list>
      <input_file id="fl-1">
         <path>D:\25diansai\empty_LP_MSPM0G3507_nortos_ticlang\Debug\.\</path>
         <kind>object</kind>
         <file>ce.o</file>
         <name>ce.o</name>
      </input_file>
      <input_file id="fl-2">
         <path>D:\25diansai\empty_LP_MSPM0G3507_nortos_ticlang\Debug\.\</path>
         <kind>object</kind>
         <file>ti_msp_dl_config.o</file>
         <name>ti_msp_dl_config.o</name>
      </input_file>
      <input_file id="fl-3">
         <path>D:\25diansai\empty_LP_MSPM0G3507_nortos_ticlang\Debug\.\</path>
         <kind>object</kind>
         <file>startup_mspm0g350x_ticlang.o</file>
         <name>startup_mspm0g350x_ticlang.o</name>
      </input_file>
      <input_file id="fl-4">
         <path>D:\25diansai\empty_LP_MSPM0G3507_nortos_ticlang\Debug\.\</path>
         <kind>object</kind>
         <file>main.o</file>
         <name>main.o</name>
      </input_file>
      <input_file id="fl-5">
         <path>D:\25diansai\empty_LP_MSPM0G3507_nortos_ticlang\Debug\.\Board\</path>
         <kind>object</kind>
         <file>board.o</file>
         <name>board.o</name>
      </input_file>
      <input_file id="fl-6">
         <path>D:\25diansai\empty_LP_MSPM0G3507_nortos_ticlang\Debug\.\Delay\</path>
         <kind>object</kind>
         <file>Delay.o</file>
         <name>Delay.o</name>
      </input_file>
      <input_file id="fl-7">
         <path>D:\25diansai\empty_LP_MSPM0G3507_nortos_ticlang\Debug\.\Hardware\</path>
         <kind>object</kind>
         <file>hardware.o</file>
         <name>hardware.o</name>
      </input_file>
      <input_file id="fl-8">
         <path>D:\25diansai\empty_LP_MSPM0G3507_nortos_ticlang\Debug\.\MOTOR\</path>
         <kind>object</kind>
         <file>motor.o</file>
         <name>motor.o</name>
      </input_file>
      <input_file id="fl-9">
         <path>D:\25diansai\empty_LP_MSPM0G3507_nortos_ticlang\Debug\.\MPU6050\</path>
         <kind>object</kind>
         <file>inv_mpu.o</file>
         <name>inv_mpu.o</name>
      </input_file>
      <input_file id="fl-a">
         <path>D:\25diansai\empty_LP_MSPM0G3507_nortos_ticlang\Debug\.\MPU6050\</path>
         <kind>object</kind>
         <file>inv_mpu_dmp_motion_driver.o</file>
         <name>inv_mpu_dmp_motion_driver.o</name>
      </input_file>
      <input_file id="fl-b">
         <path>D:\25diansai\empty_LP_MSPM0G3507_nortos_ticlang\Debug\.\MPU6050\</path>
         <kind>object</kind>
         <file>mpu6050.o</file>
         <name>mpu6050.o</name>
      </input_file>
      <input_file id="fl-c">
         <path>D:\25diansai\empty_LP_MSPM0G3507_nortos_ticlang\Debug\.\OLED\</path>
         <kind>object</kind>
         <file>oled.o</file>
         <name>oled.o</name>
      </input_file>
      <input_file id="fl-d">
         <path>D:\25diansai\empty_LP_MSPM0G3507_nortos_ticlang\Debug\.\PID\</path>
         <kind>object</kind>
         <file>PID1.o</file>
         <name>PID1.o</name>
      </input_file>
      <input_file id="fl-e">
         <path>D:\25diansai\empty_LP_MSPM0G3507_nortos_ticlang\Debug\.\PID\</path>
         <kind>object</kind>
         <file>pid.o</file>
         <name>pid.o</name>
      </input_file>
      <input_file id="fl-f">
         <path>D:\25diansai\empty_LP_MSPM0G3507_nortos_ticlang\Debug\.\UART\</path>
         <kind>object</kind>
         <file>uart.o</file>
         <name>uart.o</name>
      </input_file>
      <input_file id="fl-10">
         <path>D:\25diansai\empty_LP_MSPM0G3507_nortos_ticlang\Debug\.\tarck\</path>
         <kind>object</kind>
         <file>track.o</file>
         <name>track.o</name>
      </input_file>
      <input_file id="fl-1d">
         <path>D:\25diansai\empty_LP_MSPM0G3507_nortos_ticlang\Debug\</path>
         <kind>object</kind>
         <file>&lt;internal&gt;</file>
         <name>&lt;internal&gt;</name>
      </input_file>
      <input_file id="fl-1e">
         <path>C:\ti\mspm0_sdk_2_05_01_00\source\ti\driverlib\lib\ticlang\m0p\mspm0g1x0x_g3x0x\</path>
         <kind>archive</kind>
         <file>driverlib.a</file>
         <name>dl_common.o</name>
      </input_file>
      <input_file id="fl-1f">
         <path>C:\ti\mspm0_sdk_2_05_01_00\source\ti\driverlib\lib\ticlang\m0p\mspm0g1x0x_g3x0x\</path>
         <kind>archive</kind>
         <file>driverlib.a</file>
         <name>dl_i2c.o</name>
      </input_file>
      <input_file id="fl-20">
         <path>C:\ti\mspm0_sdk_2_05_01_00\source\ti\driverlib\lib\ticlang\m0p\mspm0g1x0x_g3x0x\</path>
         <kind>archive</kind>
         <file>driverlib.a</file>
         <name>dl_timer.o</name>
      </input_file>
      <input_file id="fl-21">
         <path>C:\ti\mspm0_sdk_2_05_01_00\source\ti\driverlib\lib\ticlang\m0p\mspm0g1x0x_g3x0x\</path>
         <kind>archive</kind>
         <file>driverlib.a</file>
         <name>dl_uart.o</name>
      </input_file>
      <input_file id="fl-22">
         <path>C:\ti\mspm0_sdk_2_05_01_00\source\ti\driverlib\lib\ticlang\m0p\mspm0g1x0x_g3x0x\</path>
         <kind>archive</kind>
         <file>driverlib.a</file>
         <name>dl_sysctl_mspm0g1x0x_g3x0x.o</name>
      </input_file>
      <input_file id="fl-39">
         <path>D:\TI\ccs2020\ccs\tools\compiler\ti-cgt-armllvm_4.0.3.LTS\lib\armv6m-ti-none-eabi\c\</path>
         <kind>archive</kind>
         <file>libc.a</file>
         <name>printf.c.obj</name>
      </input_file>
      <input_file id="fl-3a">
         <path>D:\TI\ccs2020\ccs\tools\compiler\ti-cgt-armllvm_4.0.3.LTS\lib\armv6m-ti-none-eabi\c\</path>
         <kind>archive</kind>
         <file>libc.a</file>
         <name>_printfi.c.obj</name>
      </input_file>
      <input_file id="fl-3b">
         <path>D:\TI\ccs2020\ccs\tools\compiler\ti-cgt-armllvm_4.0.3.LTS\lib\armv6m-ti-none-eabi\c\</path>
         <kind>archive</kind>
         <file>libc.a</file>
         <name>sprintf.c.obj</name>
      </input_file>
      <input_file id="fl-3c">
         <path>D:\TI\ccs2020\ccs\tools\compiler\ti-cgt-armllvm_4.0.3.LTS\lib\armv6m-ti-none-eabi\c\</path>
         <kind>archive</kind>
         <file>libc.a</file>
         <name>vsnprintf.c.obj</name>
      </input_file>
      <input_file id="fl-3d">
         <path>D:\TI\ccs2020\ccs\tools\compiler\ti-cgt-armllvm_4.0.3.LTS\lib\armv6m-ti-none-eabi\c\</path>
         <kind>archive</kind>
         <file>libc.a</file>
         <name>fputs.c.obj</name>
      </input_file>
      <input_file id="fl-3e">
         <path>D:\TI\ccs2020\ccs\tools\compiler\ti-cgt-armllvm_4.0.3.LTS\lib\armv6m-ti-none-eabi\c\</path>
         <kind>archive</kind>
         <file>libc.a</file>
         <name>_io_perm.c.obj</name>
      </input_file>
      <input_file id="fl-3f">
         <path>D:\TI\ccs2020\ccs\tools\compiler\ti-cgt-armllvm_4.0.3.LTS\lib\armv6m-ti-none-eabi\c\</path>
         <kind>archive</kind>
         <file>libc.a</file>
         <name>setvbuf.c.obj</name>
      </input_file>
      <input_file id="fl-40">
         <path>D:\TI\ccs2020\ccs\tools\compiler\ti-cgt-armllvm_4.0.3.LTS\lib\armv6m-ti-none-eabi\c\</path>
         <kind>archive</kind>
         <file>libc.a</file>
         <name>e_asin.c.obj</name>
      </input_file>
      <input_file id="fl-41">
         <path>D:\TI\ccs2020\ccs\tools\compiler\ti-cgt-armllvm_4.0.3.LTS\lib\armv6m-ti-none-eabi\c\</path>
         <kind>archive</kind>
         <file>libc.a</file>
         <name>e_atan2.c.obj</name>
      </input_file>
      <input_file id="fl-42">
         <path>D:\TI\ccs2020\ccs\tools\compiler\ti-cgt-armllvm_4.0.3.LTS\lib\armv6m-ti-none-eabi\c\</path>
         <kind>archive</kind>
         <file>libc.a</file>
         <name>e_sqrt.c.obj</name>
      </input_file>
      <input_file id="fl-43">
         <path>D:\TI\ccs2020\ccs\tools\compiler\ti-cgt-armllvm_4.0.3.LTS\lib\armv6m-ti-none-eabi\c\</path>
         <kind>archive</kind>
         <file>libc.a</file>
         <name>s_atan.c.obj</name>
      </input_file>
      <input_file id="fl-44">
         <path>D:\TI\ccs2020\ccs\tools\compiler\ti-cgt-armllvm_4.0.3.LTS\lib\armv6m-ti-none-eabi\c\</path>
         <kind>archive</kind>
         <file>libc.a</file>
         <name>s_frexp.c.obj</name>
      </input_file>
      <input_file id="fl-45">
         <path>D:\TI\ccs2020\ccs\tools\compiler\ti-cgt-armllvm_4.0.3.LTS\lib\armv6m-ti-none-eabi\c\</path>
         <kind>archive</kind>
         <file>libc.a</file>
         <name>s_scalbn.c.obj</name>
      </input_file>
      <input_file id="fl-46">
         <path>D:\TI\ccs2020\ccs\tools\compiler\ti-cgt-armllvm_4.0.3.LTS\lib\armv6m-ti-none-eabi\c\</path>
         <kind>archive</kind>
         <file>libc.a</file>
         <name>wcslen.c.obj</name>
      </input_file>
      <input_file id="fl-47">
         <path>D:\TI\ccs2020\ccs\tools\compiler\ti-cgt-armllvm_4.0.3.LTS\lib\armv6m-ti-none-eabi\c\</path>
         <kind>archive</kind>
         <file>libc.a</file>
         <name>aeabi_portable.c.obj</name>
      </input_file>
      <input_file id="fl-48">
         <path>D:\TI\ccs2020\ccs\tools\compiler\ti-cgt-armllvm_4.0.3.LTS\lib\armv6m-ti-none-eabi\c\</path>
         <kind>archive</kind>
         <file>libc.a</file>
         <name>exit.c.obj</name>
      </input_file>
      <input_file id="fl-49">
         <path>D:\TI\ccs2020\ccs\tools\compiler\ti-cgt-armllvm_4.0.3.LTS\lib\armv6m-ti-none-eabi\c\</path>
         <kind>archive</kind>
         <file>libc.a</file>
         <name>_lock.c.obj</name>
      </input_file>
      <input_file id="fl-4a">
         <path>D:\TI\ccs2020\ccs\tools\compiler\ti-cgt-armllvm_4.0.3.LTS\lib\armv6m-ti-none-eabi\c\</path>
         <kind>archive</kind>
         <file>libc.a</file>
         <name>_ltoa.c.obj</name>
      </input_file>
      <input_file id="fl-4b">
         <path>D:\TI\ccs2020\ccs\tools\compiler\ti-cgt-armllvm_4.0.3.LTS\lib\armv6m-ti-none-eabi\c\</path>
         <kind>archive</kind>
         <file>libc.a</file>
         <name>assert.c.obj</name>
      </input_file>
      <input_file id="fl-4c">
         <path>D:\TI\ccs2020\ccs\tools\compiler\ti-cgt-armllvm_4.0.3.LTS\lib\armv6m-ti-none-eabi\c\</path>
         <kind>archive</kind>
         <file>libc.a</file>
         <name>atoi.c.obj</name>
      </input_file>
      <input_file id="fl-4d">
         <path>D:\TI\ccs2020\ccs\tools\compiler\ti-cgt-armllvm_4.0.3.LTS\lib\armv6m-ti-none-eabi\c\</path>
         <kind>archive</kind>
         <file>libc.a</file>
         <name>defs.c.obj</name>
      </input_file>
      <input_file id="fl-4e">
         <path>D:\TI\ccs2020\ccs\tools\compiler\ti-cgt-armllvm_4.0.3.LTS\lib\armv6m-ti-none-eabi\c\</path>
         <kind>archive</kind>
         <file>libc.a</file>
         <name>memccpy.c.obj</name>
      </input_file>
      <input_file id="fl-4f">
         <path>D:\TI\ccs2020\ccs\tools\compiler\ti-cgt-armllvm_4.0.3.LTS\lib\armv6m-ti-none-eabi\c\</path>
         <kind>archive</kind>
         <file>libc.a</file>
         <name>memory.c.obj</name>
      </input_file>
      <input_file id="fl-50">
         <path>D:\TI\ccs2020\ccs\tools\compiler\ti-cgt-armllvm_4.0.3.LTS\lib\armv6m-ti-none-eabi\c\</path>
         <kind>archive</kind>
         <file>libc.a</file>
         <name>boot_cortex_m.c.obj</name>
      </input_file>
      <input_file id="fl-51">
         <path>D:\TI\ccs2020\ccs\tools\compiler\ti-cgt-armllvm_4.0.3.LTS\lib\armv6m-ti-none-eabi\c\</path>
         <kind>archive</kind>
         <file>libc.a</file>
         <name>mathacl_init.c.obj</name>
      </input_file>
      <input_file id="fl-52">
         <path>D:\TI\ccs2020\ccs\tools\compiler\ti-cgt-armllvm_4.0.3.LTS\lib\armv6m-ti-none-eabi\c\</path>
         <kind>archive</kind>
         <file>libc.a</file>
         <name>autoinit.c.obj</name>
      </input_file>
      <input_file id="fl-53">
         <path>D:\TI\ccs2020\ccs\tools\compiler\ti-cgt-armllvm_4.0.3.LTS\lib\armv6m-ti-none-eabi\c\</path>
         <kind>archive</kind>
         <file>libc.a</file>
         <name>pre_init.c.obj</name>
      </input_file>
      <input_file id="fl-54">
         <path>D:\TI\ccs2020\ccs\tools\compiler\ti-cgt-armllvm_4.0.3.LTS\lib\armv6m-ti-none-eabi\c\</path>
         <kind>archive</kind>
         <file>libc.a</file>
         <name>cpy_tbl.c.obj</name>
      </input_file>
      <input_file id="fl-55">
         <path>D:\TI\ccs2020\ccs\tools\compiler\ti-cgt-armllvm_4.0.3.LTS\lib\armv6m-ti-none-eabi\c\</path>
         <kind>archive</kind>
         <file>libc.a</file>
         <name>copy_zero_init.c.obj</name>
      </input_file>
      <input_file id="fl-56">
         <path>D:\TI\ccs2020\ccs\tools\compiler\ti-cgt-armllvm_4.0.3.LTS\lib\armv6m-ti-none-eabi\c\</path>
         <kind>archive</kind>
         <file>libc.a</file>
         <name>copy_decompress_none.c.obj</name>
      </input_file>
      <input_file id="fl-57">
         <path>D:\TI\ccs2020\ccs\tools\compiler\ti-cgt-armllvm_4.0.3.LTS\lib\armv6m-ti-none-eabi\c\</path>
         <kind>archive</kind>
         <file>libc.a</file>
         <name>copy_decompress_lzss.c.obj</name>
      </input_file>
      <input_file id="fl-58">
         <path>D:\TI\ccs2020\ccs\tools\compiler\ti-cgt-armllvm_4.0.3.LTS\lib\armv6m-ti-none-eabi\c\</path>
         <kind>archive</kind>
         <file>libc.a</file>
         <name>fflush.c.obj</name>
      </input_file>
      <input_file id="fl-59">
         <path>D:\TI\ccs2020\ccs\tools\compiler\ti-cgt-armllvm_4.0.3.LTS\lib\armv6m-ti-none-eabi\c\</path>
         <kind>archive</kind>
         <file>libc.a</file>
         <name>fopen.c.obj</name>
      </input_file>
      <input_file id="fl-5a">
         <path>D:\TI\ccs2020\ccs\tools\compiler\ti-cgt-armllvm_4.0.3.LTS\lib\armv6m-ti-none-eabi\c\</path>
         <kind>archive</kind>
         <file>libc.a</file>
         <name>fseek.c.obj</name>
      </input_file>
      <input_file id="fl-5b">
         <path>D:\TI\ccs2020\ccs\tools\compiler\ti-cgt-armllvm_4.0.3.LTS\lib\armv6m-ti-none-eabi\c\</path>
         <kind>archive</kind>
         <file>libc.a</file>
         <name>aeabi_ctype.S.obj</name>
      </input_file>
      <input_file id="fl-5c">
         <path>D:\TI\ccs2020\ccs\tools\compiler\ti-cgt-armllvm_4.0.3.LTS\lib\armv6m-ti-none-eabi\c\</path>
         <kind>archive</kind>
         <file>libc.a</file>
         <name>args_main.c.obj</name>
      </input_file>
      <input_file id="fl-5d">
         <path>D:\TI\ccs2020\ccs\tools\compiler\ti-cgt-armllvm_4.0.3.LTS\lib\armv6m-ti-none-eabi\c\</path>
         <kind>archive</kind>
         <file>libc.a</file>
         <name>fclose.c.obj</name>
      </input_file>
      <input_file id="fl-fd">
         <path>D:\TI\ccs2020\ccs\tools\compiler\ti-cgt-armllvm_4.0.3.LTS\lib\armv6m-ti-none-eabi\c\</path>
         <kind>archive</kind>
         <file>libsysbm.a</file>
         <name>hostexit.c.obj</name>
      </input_file>
      <input_file id="fl-fe">
         <path>D:\TI\ccs2020\ccs\tools\compiler\ti-cgt-armllvm_4.0.3.LTS\lib\armv6m-ti-none-eabi\c\</path>
         <kind>archive</kind>
         <file>libsysbm.a</file>
         <name>write.c.obj</name>
      </input_file>
      <input_file id="fl-ff">
         <path>D:\TI\ccs2020\ccs\tools\compiler\ti-cgt-armllvm_4.0.3.LTS\lib\armv6m-ti-none-eabi\c\</path>
         <kind>archive</kind>
         <file>libsysbm.a</file>
         <name>host_device.c.obj</name>
      </input_file>
      <input_file id="fl-100">
         <path>D:\TI\ccs2020\ccs\tools\compiler\ti-cgt-armllvm_4.0.3.LTS\lib\armv6m-ti-none-eabi\c\</path>
         <kind>archive</kind>
         <file>libsysbm.a</file>
         <name>remove.c.obj</name>
      </input_file>
      <input_file id="fl-101">
         <path>D:\TI\ccs2020\ccs\tools\compiler\ti-cgt-armllvm_4.0.3.LTS\lib\armv6m-ti-none-eabi\c\</path>
         <kind>archive</kind>
         <file>libsysbm.a</file>
         <name>open.c.obj</name>
      </input_file>
      <input_file id="fl-102">
         <path>D:\TI\ccs2020\ccs\tools\compiler\ti-cgt-armllvm_4.0.3.LTS\lib\armv6m-ti-none-eabi\c\</path>
         <kind>archive</kind>
         <file>libsysbm.a</file>
         <name>lseek.c.obj</name>
      </input_file>
      <input_file id="fl-103">
         <path>D:\TI\ccs2020\ccs\tools\compiler\ti-cgt-armllvm_4.0.3.LTS\lib\armv6m-ti-none-eabi\c\</path>
         <kind>archive</kind>
         <file>libsysbm.a</file>
         <name>close.c.obj</name>
      </input_file>
      <input_file id="fl-104">
         <path>D:\TI\ccs2020\ccs\tools\compiler\ti-cgt-armllvm_4.0.3.LTS\lib\armv6m-ti-none-eabi\c\</path>
         <kind>archive</kind>
         <file>libsysbm.a</file>
         <name>unlink.c.obj</name>
      </input_file>
      <input_file id="fl-105">
         <path>D:\TI\ccs2020\ccs\tools\compiler\ti-cgt-armllvm_4.0.3.LTS\lib\armv6m-ti-none-eabi\c\</path>
         <kind>archive</kind>
         <file>libsysbm.a</file>
         <name>hostclose.c.obj</name>
      </input_file>
      <input_file id="fl-106">
         <path>D:\TI\ccs2020\ccs\tools\compiler\ti-cgt-armllvm_4.0.3.LTS\lib\armv6m-ti-none-eabi\c\</path>
         <kind>archive</kind>
         <file>libsysbm.a</file>
         <name>hostlseek.c.obj</name>
      </input_file>
      <input_file id="fl-107">
         <path>D:\TI\ccs2020\ccs\tools\compiler\ti-cgt-armllvm_4.0.3.LTS\lib\armv6m-ti-none-eabi\c\</path>
         <kind>archive</kind>
         <file>libsysbm.a</file>
         <name>hostopen.c.obj</name>
      </input_file>
      <input_file id="fl-108">
         <path>D:\TI\ccs2020\ccs\tools\compiler\ti-cgt-armllvm_4.0.3.LTS\lib\armv6m-ti-none-eabi\c\</path>
         <kind>archive</kind>
         <file>libsysbm.a</file>
         <name>hostread.c.obj</name>
      </input_file>
      <input_file id="fl-109">
         <path>D:\TI\ccs2020\ccs\tools\compiler\ti-cgt-armllvm_4.0.3.LTS\lib\armv6m-ti-none-eabi\c\</path>
         <kind>archive</kind>
         <file>libsysbm.a</file>
         <name>hostrename.c.obj</name>
      </input_file>
      <input_file id="fl-10a">
         <path>D:\TI\ccs2020\ccs\tools\compiler\ti-cgt-armllvm_4.0.3.LTS\lib\armv6m-ti-none-eabi\c\</path>
         <kind>archive</kind>
         <file>libsysbm.a</file>
         <name>hostunlink.c.obj</name>
      </input_file>
      <input_file id="fl-10b">
         <path>D:\TI\ccs2020\ccs\tools\compiler\ti-cgt-armllvm_4.0.3.LTS\lib\armv6m-ti-none-eabi\c\</path>
         <kind>archive</kind>
         <file>libsysbm.a</file>
         <name>hostwrite.c.obj</name>
      </input_file>
      <input_file id="fl-10c">
         <path>D:\TI\ccs2020\ccs\tools\compiler\ti-cgt-armllvm_4.0.3.LTS\lib\armv6m-ti-none-eabi\c\</path>
         <kind>archive</kind>
         <file>libsysbm.a</file>
         <name>trgmsg.c.obj</name>
      </input_file>
      <input_file id="fl-10d">
         <path>D:\TI\ccs2020\ccs\tools\compiler\ti-cgt-armllvm_4.0.3.LTS\lib\armv6m-ti-none-eabi\</path>
         <kind>archive</kind>
         <file>libclang_rt.builtins.a</file>
         <name>addsf3.S.obj</name>
      </input_file>
      <input_file id="fl-10e">
         <path>D:\TI\ccs2020\ccs\tools\compiler\ti-cgt-armllvm_4.0.3.LTS\lib\armv6m-ti-none-eabi\</path>
         <kind>archive</kind>
         <file>libclang_rt.builtins.a</file>
         <name>adddf3.S.obj</name>
      </input_file>
      <input_file id="fl-10f">
         <path>D:\TI\ccs2020\ccs\tools\compiler\ti-cgt-armllvm_4.0.3.LTS\lib\armv6m-ti-none-eabi\</path>
         <kind>archive</kind>
         <file>libclang_rt.builtins.a</file>
         <name>muldf3.S.obj</name>
      </input_file>
      <input_file id="fl-110">
         <path>D:\TI\ccs2020\ccs\tools\compiler\ti-cgt-armllvm_4.0.3.LTS\lib\armv6m-ti-none-eabi\</path>
         <kind>archive</kind>
         <file>libclang_rt.builtins.a</file>
         <name>muldsi3.S.obj</name>
      </input_file>
      <input_file id="fl-111">
         <path>D:\TI\ccs2020\ccs\tools\compiler\ti-cgt-armllvm_4.0.3.LTS\lib\armv6m-ti-none-eabi\</path>
         <kind>archive</kind>
         <file>libclang_rt.builtins.a</file>
         <name>mulsf3.S.obj</name>
      </input_file>
      <input_file id="fl-112">
         <path>D:\TI\ccs2020\ccs\tools\compiler\ti-cgt-armllvm_4.0.3.LTS\lib\armv6m-ti-none-eabi\</path>
         <kind>archive</kind>
         <file>libclang_rt.builtins.a</file>
         <name>divsf3.S.obj</name>
      </input_file>
      <input_file id="fl-113">
         <path>D:\TI\ccs2020\ccs\tools\compiler\ti-cgt-armllvm_4.0.3.LTS\lib\armv6m-ti-none-eabi\</path>
         <kind>archive</kind>
         <file>libclang_rt.builtins.a</file>
         <name>divdf3.S.obj</name>
      </input_file>
      <input_file id="fl-114">
         <path>D:\TI\ccs2020\ccs\tools\compiler\ti-cgt-armllvm_4.0.3.LTS\lib\armv6m-ti-none-eabi\</path>
         <kind>archive</kind>
         <file>libclang_rt.builtins.a</file>
         <name>extendsfdf2.S.obj</name>
      </input_file>
      <input_file id="fl-115">
         <path>D:\TI\ccs2020\ccs\tools\compiler\ti-cgt-armllvm_4.0.3.LTS\lib\armv6m-ti-none-eabi\</path>
         <kind>archive</kind>
         <file>libclang_rt.builtins.a</file>
         <name>fixdfsi.S.obj</name>
      </input_file>
      <input_file id="fl-116">
         <path>D:\TI\ccs2020\ccs\tools\compiler\ti-cgt-armllvm_4.0.3.LTS\lib\armv6m-ti-none-eabi\</path>
         <kind>archive</kind>
         <file>libclang_rt.builtins.a</file>
         <name>fixsfsi.S.obj</name>
      </input_file>
      <input_file id="fl-117">
         <path>D:\TI\ccs2020\ccs\tools\compiler\ti-cgt-armllvm_4.0.3.LTS\lib\armv6m-ti-none-eabi\</path>
         <kind>archive</kind>
         <file>libclang_rt.builtins.a</file>
         <name>floatsidf.S.obj</name>
      </input_file>
      <input_file id="fl-118">
         <path>D:\TI\ccs2020\ccs\tools\compiler\ti-cgt-armllvm_4.0.3.LTS\lib\armv6m-ti-none-eabi\</path>
         <kind>archive</kind>
         <file>libclang_rt.builtins.a</file>
         <name>floatsisf.S.obj</name>
      </input_file>
      <input_file id="fl-119">
         <path>D:\TI\ccs2020\ccs\tools\compiler\ti-cgt-armllvm_4.0.3.LTS\lib\armv6m-ti-none-eabi\</path>
         <kind>archive</kind>
         <file>libclang_rt.builtins.a</file>
         <name>floatunsisf.S.obj</name>
      </input_file>
      <input_file id="fl-11a">
         <path>D:\TI\ccs2020\ccs\tools\compiler\ti-cgt-armllvm_4.0.3.LTS\lib\armv6m-ti-none-eabi\</path>
         <kind>archive</kind>
         <file>libclang_rt.builtins.a</file>
         <name>muldi3.S.obj</name>
      </input_file>
      <input_file id="fl-11b">
         <path>D:\TI\ccs2020\ccs\tools\compiler\ti-cgt-armllvm_4.0.3.LTS\lib\armv6m-ti-none-eabi\</path>
         <kind>archive</kind>
         <file>libclang_rt.builtins.a</file>
         <name>truncdfsf2.S.obj</name>
      </input_file>
      <input_file id="fl-11c">
         <path>D:\TI\ccs2020\ccs\tools\compiler\ti-cgt-armllvm_4.0.3.LTS\lib\armv6m-ti-none-eabi\</path>
         <kind>archive</kind>
         <file>libclang_rt.builtins.a</file>
         <name>aeabi_dcmp.S.obj</name>
      </input_file>
      <input_file id="fl-11d">
         <path>D:\TI\ccs2020\ccs\tools\compiler\ti-cgt-armllvm_4.0.3.LTS\lib\armv6m-ti-none-eabi\</path>
         <kind>archive</kind>
         <file>libclang_rt.builtins.a</file>
         <name>aeabi_fcmp.S.obj</name>
      </input_file>
      <input_file id="fl-11e">
         <path>D:\TI\ccs2020\ccs\tools\compiler\ti-cgt-armllvm_4.0.3.LTS\lib\armv6m-ti-none-eabi\</path>
         <kind>archive</kind>
         <file>libclang_rt.builtins.a</file>
         <name>aeabi_idivmod.S.obj</name>
      </input_file>
      <input_file id="fl-11f">
         <path>D:\TI\ccs2020\ccs\tools\compiler\ti-cgt-armllvm_4.0.3.LTS\lib\armv6m-ti-none-eabi\</path>
         <kind>archive</kind>
         <file>libclang_rt.builtins.a</file>
         <name>aeabi_ldivmod.S.obj</name>
      </input_file>
      <input_file id="fl-120">
         <path>D:\TI\ccs2020\ccs\tools\compiler\ti-cgt-armllvm_4.0.3.LTS\lib\armv6m-ti-none-eabi\</path>
         <kind>archive</kind>
         <file>libclang_rt.builtins.a</file>
         <name>aeabi_memcpy.S.obj</name>
      </input_file>
      <input_file id="fl-121">
         <path>D:\TI\ccs2020\ccs\tools\compiler\ti-cgt-armllvm_4.0.3.LTS\lib\armv6m-ti-none-eabi\</path>
         <kind>archive</kind>
         <file>libclang_rt.builtins.a</file>
         <name>aeabi_memset.S.obj</name>
      </input_file>
      <input_file id="fl-122">
         <path>D:\TI\ccs2020\ccs\tools\compiler\ti-cgt-armllvm_4.0.3.LTS\lib\armv6m-ti-none-eabi\</path>
         <kind>archive</kind>
         <file>libclang_rt.builtins.a</file>
         <name>aeabi_uidivmod.S.obj</name>
      </input_file>
      <input_file id="fl-123">
         <path>D:\TI\ccs2020\ccs\tools\compiler\ti-cgt-armllvm_4.0.3.LTS\lib\armv6m-ti-none-eabi\</path>
         <kind>archive</kind>
         <file>libclang_rt.builtins.a</file>
         <name>aeabi_uldivmod.S.obj</name>
      </input_file>
      <input_file id="fl-124">
         <path>D:\TI\ccs2020\ccs\tools\compiler\ti-cgt-armllvm_4.0.3.LTS\lib\armv6m-ti-none-eabi\</path>
         <kind>archive</kind>
         <file>libclang_rt.builtins.a</file>
         <name>comparesf2.S.obj</name>
      </input_file>
      <input_file id="fl-125">
         <path>D:\TI\ccs2020\ccs\tools\compiler\ti-cgt-armllvm_4.0.3.LTS\lib\armv6m-ti-none-eabi\</path>
         <kind>archive</kind>
         <file>libclang_rt.builtins.a</file>
         <name>udivmoddi4.S.obj</name>
      </input_file>
      <input_file id="fl-126">
         <path>D:\TI\ccs2020\ccs\tools\compiler\ti-cgt-armllvm_4.0.3.LTS\lib\armv6m-ti-none-eabi\</path>
         <kind>archive</kind>
         <file>libclang_rt.builtins.a</file>
         <name>ashldi3.S.obj</name>
      </input_file>
      <input_file id="fl-127">
         <path>D:\TI\ccs2020\ccs\tools\compiler\ti-cgt-armllvm_4.0.3.LTS\lib\armv6m-ti-none-eabi\</path>
         <kind>archive</kind>
         <file>libclang_rt.builtins.a</file>
         <name>comparedf2.c.obj</name>
      </input_file>
      <input_file id="fl-128">
         <path>D:\TI\ccs2020\ccs\tools\compiler\ti-cgt-armllvm_4.0.3.LTS\lib\armv6m-ti-none-eabi\</path>
         <kind>archive</kind>
         <file>libclang_rt.builtins.a</file>
         <name>divmoddi4.c.obj</name>
      </input_file>
      <input_file id="fl-129">
         <path>D:\TI\ccs2020\ccs\tools\compiler\ti-cgt-armllvm_4.0.3.LTS\lib\armv6m-ti-none-eabi\</path>
         <kind>archive</kind>
         <file>libclang_rt.builtins.a</file>
         <name>aeabi_div0.c.obj</name>
      </input_file>
      <input_file id="fl-12a">
         <path>D:\TI\ccs2020\ccs\tools\compiler\ti-cgt-armllvm_4.0.3.LTS\lib\armv6m-ti-none-eabi\c\</path>
         <kind>archive</kind>
         <file>libc.a</file>
         <name>getdevice.c.obj</name>
      </input_file>
      <input_file id="fl-12b">
         <path>D:\TI\ccs2020\ccs\tools\compiler\ti-cgt-armllvm_4.0.3.LTS\lib\armv6m-ti-none-eabi\c\</path>
         <kind>archive</kind>
         <file>libc.a</file>
         <name>memcpy16.S.obj</name>
      </input_file>
      <input_file id="fl-12c">
         <path>D:\TI\ccs2020\ccs\tools\compiler\ti-cgt-armllvm_4.0.3.LTS\lib\armv6m-ti-none-eabi\c\</path>
         <kind>archive</kind>
         <file>libc.a</file>
         <name>memset16.S.obj</name>
      </input_file>
      <input_file id="fl-12d">
         <path>D:\TI\ccs2020\ccs\tools\compiler\ti-cgt-armllvm_4.0.3.LTS\lib\armv6m-ti-none-eabi\c\</path>
         <kind>archive</kind>
         <file>libc.a</file>
         <name>strcmp-armv6m.S.obj</name>
      </input_file>
   </input_file_list>
   <object_component_list>
      <object_component id="oc-18">
         <name>.intvecs</name>
         <load_address>0x0</load_address>
         <readonly>true</readonly>
         <run_address>0x0</run_address>
         <size>0xc0</size>
         <alignment>0x4</alignment>
         <input_file_ref idref="fl-3"/>
      </object_component>
      <object_component id="oc-1be">
         <name>.text:__TI_printfi</name>
         <load_address>0xc0</load_address>
         <readonly>true</readonly>
         <executable>true</executable>
         <run_address>0xc0</run_address>
         <size>0x9d0</size>
         <alignment>0x4</alignment>
         <input_file_ref idref="fl-3a"/>
      </object_component>
      <object_component id="oc-178">
         <name>.text.MPU6050_ReadData</name>
         <load_address>0xa90</load_address>
         <readonly>true</readonly>
         <executable>true</executable>
         <run_address>0xa90</run_address>
         <size>0x8bc</size>
         <alignment>0x4</alignment>
         <input_file_ref idref="fl-b"/>
      </object_component>
      <object_component id="oc-125">
         <name>.text.MPU6050_WriteReg</name>
         <load_address>0x134c</load_address>
         <readonly>true</readonly>
         <executable>true</executable>
         <run_address>0x134c</run_address>
         <size>0x658</size>
         <alignment>0x4</alignment>
         <input_file_ref idref="fl-b"/>
      </object_component>
      <object_component id="oc-134">
         <name>.text.dmp_enable_feature</name>
         <load_address>0x19a4</load_address>
         <readonly>true</readonly>
         <executable>true</executable>
         <run_address>0x19a4</run_address>
         <size>0x2b0</size>
         <alignment>0x4</alignment>
         <input_file_ref idref="fl-a"/>
      </object_component>
      <object_component id="oc-7c">
         <name>.text.xunji</name>
         <load_address>0x1c54</load_address>
         <readonly>true</readonly>
         <executable>true</executable>
         <run_address>0x1c54</run_address>
         <size>0x244</size>
         <alignment>0x4</alignment>
         <input_file_ref idref="fl-10"/>
      </object_component>
      <object_component id="oc-1f7">
         <name>.text._pconv_a</name>
         <load_address>0x1e98</load_address>
         <readonly>true</readonly>
         <executable>true</executable>
         <run_address>0x1e98</run_address>
         <size>0x220</size>
         <alignment>0x4</alignment>
         <input_file_ref idref="fl-3a"/>
      </object_component>
      <object_component id="oc-18c">
         <name>.text.mpu_lp_accel_mode</name>
         <load_address>0x20b8</load_address>
         <readonly>true</readonly>
         <executable>true</executable>
         <run_address>0x20b8</run_address>
         <size>0x1e8</size>
         <alignment>0x4</alignment>
         <input_file_ref idref="fl-9"/>
      </object_component>
      <object_component id="oc-1fc">
         <name>.text._pconv_g</name>
         <load_address>0x22a0</load_address>
         <readonly>true</readonly>
         <executable>true</executable>
         <run_address>0x22a0</run_address>
         <size>0x1dc</size>
         <alignment>0x4</alignment>
         <input_file_ref idref="fl-3a"/>
      </object_component>
      <object_component id="oc-255">
         <name>.text.adddf3_subdf3</name>
         <load_address>0x247c</load_address>
         <readonly>true</readonly>
         <executable>true</executable>
         <run_address>0x247c</run_address>
         <size>0x192</size>
         <alignment>0x4</alignment>
         <input_file_ref idref="fl-10e"/>
      </object_component>
      <object_component id="oc-33">
         <name>.text.Default_Handler</name>
         <load_address>0x260e</load_address>
         <readonly>true</readonly>
         <executable>true</executable>
         <run_address>0x260e</run_address>
         <size>0x2</size>
         <alignment>0x2</alignment>
         <input_file_ref idref="fl-3"/>
      </object_component>
      <object_component id="oc-122">
         <name>.text.mpu_init</name>
         <load_address>0x2610</load_address>
         <readonly>true</readonly>
         <executable>true</executable>
         <run_address>0x2610</run_address>
         <size>0x158</size>
         <alignment>0x4</alignment>
         <input_file_ref idref="fl-9"/>
      </object_component>
      <object_component id="oc-12b">
         <name>.text.mpu_reset_fifo</name>
         <load_address>0x2768</load_address>
         <readonly>true</readonly>
         <executable>true</executable>
         <run_address>0x2768</run_address>
         <size>0x150</size>
         <alignment>0x4</alignment>
         <input_file_ref idref="fl-9"/>
      </object_component>
      <object_component id="oc-194">
         <name>.text.mpu_load_firmware</name>
         <load_address>0x28b8</load_address>
         <readonly>true</readonly>
         <executable>true</executable>
         <run_address>0x28b8</run_address>
         <size>0x148</size>
         <alignment>0x4</alignment>
         <input_file_ref idref="fl-9"/>
      </object_component>
      <object_component id="oc-259">
         <name>.text.fcvt</name>
         <load_address>0x2a00</load_address>
         <readonly>true</readonly>
         <executable>true</executable>
         <run_address>0x2a00</run_address>
         <size>0x13c</size>
         <alignment>0x4</alignment>
         <input_file_ref idref="fl-3a"/>
      </object_component>
      <object_component id="oc-19c">
         <name>.text.dmp_set_tap_thresh</name>
         <load_address>0x2b3c</load_address>
         <readonly>true</readonly>
         <executable>true</executable>
         <run_address>0x2b3c</run_address>
         <size>0x134</size>
         <alignment>0x4</alignment>
         <input_file_ref idref="fl-a"/>
      </object_component>
      <object_component id="oc-1fe">
         <name>.text._pconv_e</name>
         <load_address>0x2c70</load_address>
         <readonly>true</readonly>
         <executable>true</executable>
         <run_address>0x2c70</run_address>
         <size>0x120</size>
         <alignment>0x4</alignment>
         <input_file_ref idref="fl-3a"/>
      </object_component>
      <object_component id="oc-2ab">
         <name>.text.aligned_alloc</name>
         <load_address>0x2d90</load_address>
         <readonly>true</readonly>
         <executable>true</executable>
         <run_address>0x2d90</run_address>
         <size>0x114</size>
         <alignment>0x4</alignment>
         <input_file_ref idref="fl-4f"/>
      </object_component>
      <object_component id="oc-251">
         <name>.text.__divdf3</name>
         <load_address>0x2ea4</load_address>
         <readonly>true</readonly>
         <executable>true</executable>
         <run_address>0x2ea4</run_address>
         <size>0x10c</size>
         <alignment>0x4</alignment>
         <input_file_ref idref="fl-113"/>
      </object_component>
      <object_component id="oc-15b">
         <name>.text.DL_Timer_initFourCCPWMMode</name>
         <load_address>0x2fb0</load_address>
         <readonly>true</readonly>
         <executable>true</executable>
         <run_address>0x2fb0</run_address>
         <size>0x104</size>
         <alignment>0x4</alignment>
         <input_file_ref idref="fl-20"/>
      </object_component>
      <object_component id="oc-1bf">
         <name>.text.fputs</name>
         <load_address>0x30b4</load_address>
         <readonly>true</readonly>
         <executable>true</executable>
         <run_address>0x30b4</run_address>
         <size>0xf8</size>
         <alignment>0x4</alignment>
         <input_file_ref idref="fl-3d"/>
      </object_component>
      <object_component id="oc-17c">
         <name>.text.mpu_set_bypass</name>
         <load_address>0x31ac</load_address>
         <readonly>true</readonly>
         <executable>true</executable>
         <run_address>0x31ac</run_address>
         <size>0xf8</size>
         <alignment>0x4</alignment>
         <input_file_ref idref="fl-9"/>
      </object_component>
      <object_component id="oc-132">
         <name>.text.dmp_set_orientation</name>
         <load_address>0x32a4</load_address>
         <readonly>true</readonly>
         <executable>true</executable>
         <run_address>0x32a4</run_address>
         <size>0xec</size>
         <alignment>0x4</alignment>
         <input_file_ref idref="fl-a"/>
      </object_component>
      <object_component id="oc-160">
         <name>.text.DL_Timer_initTimerMode</name>
         <load_address>0x3390</load_address>
         <readonly>true</readonly>
         <executable>true</executable>
         <run_address>0x3390</run_address>
         <size>0xe8</size>
         <alignment>0x4</alignment>
         <input_file_ref idref="fl-20"/>
      </object_component>
      <object_component id="oc-28b">
         <name>.text.free</name>
         <load_address>0x3478</load_address>
         <readonly>true</readonly>
         <executable>true</executable>
         <run_address>0x3478</run_address>
         <size>0xe8</size>
         <alignment>0x4</alignment>
         <input_file_ref idref="fl-4f"/>
      </object_component>
      <object_component id="oc-d2">
         <name>.text.mpu_dmp_init</name>
         <load_address>0x3560</load_address>
         <readonly>true</readonly>
         <executable>true</executable>
         <run_address>0x3560</run_address>
         <size>0xe8</size>
         <alignment>0x4</alignment>
         <input_file_ref idref="fl-9"/>
      </object_component>
      <object_component id="oc-241">
         <name>.text.__muldf3</name>
         <load_address>0x3648</load_address>
         <readonly>true</readonly>
         <executable>true</executable>
         <run_address>0x3648</run_address>
         <size>0xe4</size>
         <alignment>0x4</alignment>
         <input_file_ref idref="fl-10f"/>
      </object_component>
      <object_component id="oc-124">
         <name>.text.mpu_set_sample_rate</name>
         <load_address>0x372c</load_address>
         <readonly>true</readonly>
         <executable>true</executable>
         <run_address>0x372c</run_address>
         <size>0xe4</size>
         <alignment>0x4</alignment>
         <input_file_ref idref="fl-9"/>
      </object_component>
      <object_component id="oc-261">
         <name>.text.setvbuf</name>
         <load_address>0x3810</load_address>
         <readonly>true</readonly>
         <executable>true</executable>
         <run_address>0x3810</run_address>
         <size>0xe0</size>
         <alignment>0x4</alignment>
         <input_file_ref idref="fl-3f"/>
      </object_component>
      <object_component id="oc-152">
         <name>.text.DL_SYSCTL_configSYSPLL</name>
         <load_address>0x38f0</load_address>
         <readonly>true</readonly>
         <executable>true</executable>
         <run_address>0x38f0</run_address>
         <size>0xdc</size>
         <alignment>0x4</alignment>
         <input_file_ref idref="fl-22"/>
      </object_component>
      <object_component id="oc-123">
         <name>.text.mpu_set_sensors</name>
         <load_address>0x39cc</load_address>
         <readonly>true</readonly>
         <executable>true</executable>
         <run_address>0x39cc</run_address>
         <size>0xdc</size>
         <alignment>0x4</alignment>
         <input_file_ref idref="fl-9"/>
      </object_component>
      <object_component id="oc-230">
         <name>.text.scalbn</name>
         <load_address>0x3aa8</load_address>
         <readonly>true</readonly>
         <executable>true</executable>
         <run_address>0x3aa8</run_address>
         <size>0xd8</size>
         <alignment>0x4</alignment>
         <input_file_ref idref="fl-45"/>
      </object_component>
      <object_component id="oc-a3">
         <name>.text</name>
         <load_address>0x3b80</load_address>
         <readonly>true</readonly>
         <executable>true</executable>
         <run_address>0x3b80</run_address>
         <size>0xd8</size>
         <alignment>0x4</alignment>
         <input_file_ref idref="fl-10d"/>
      </object_component>
      <object_component id="oc-10c">
         <name>.text.SYSCFG_DL_GPIO_init</name>
         <load_address>0x3c58</load_address>
         <readonly>true</readonly>
         <executable>true</executable>
         <run_address>0x3c58</run_address>
         <size>0xd4</size>
         <alignment>0x4</alignment>
         <input_file_ref idref="fl-2"/>
      </object_component>
      <object_component id="oc-136">
         <name>.text.mpu_set_dmp_state</name>
         <load_address>0x3d2c</load_address>
         <readonly>true</readonly>
         <executable>true</executable>
         <run_address>0x3d2c</run_address>
         <size>0xd0</size>
         <alignment>0x4</alignment>
         <input_file_ref idref="fl-9"/>
      </object_component>
      <object_component id="oc-92">
         <name>.text.main</name>
         <load_address>0x3dfc</load_address>
         <readonly>true</readonly>
         <executable>true</executable>
         <run_address>0x3dfc</run_address>
         <size>0xc8</size>
         <alignment>0x4</alignment>
         <input_file_ref idref="fl-4"/>
      </object_component>
      <object_component id="oc-131">
         <name>.text.inv_orientation_matrix_to_scalar</name>
         <load_address>0x3ec4</load_address>
         <readonly>true</readonly>
         <executable>true</executable>
         <run_address>0x3ec4</run_address>
         <size>0xbc</size>
         <alignment>0x2</alignment>
         <input_file_ref idref="fl-9"/>
      </object_component>
      <object_component id="oc-70">
         <name>.text.PId_calc</name>
         <load_address>0x3f80</load_address>
         <readonly>true</readonly>
         <executable>true</executable>
         <run_address>0x3f80</run_address>
         <size>0xac</size>
         <alignment>0x4</alignment>
         <input_file_ref idref="fl-d"/>
      </object_component>
      <object_component id="oc-17b">
         <name>.text.mpu_configure_fifo</name>
         <load_address>0x402c</load_address>
         <readonly>true</readonly>
         <executable>true</executable>
         <run_address>0x402c</run_address>
         <size>0xac</size>
         <alignment>0x4</alignment>
         <input_file_ref idref="fl-9"/>
      </object_component>
      <object_component id="oc-34">
         <name>.text.GROUP1_IRQHandler</name>
         <load_address>0x40d8</load_address>
         <readonly>true</readonly>
         <executable>true</executable>
         <run_address>0x40d8</run_address>
         <size>0xa8</size>
         <alignment>0x4</alignment>
         <input_file_ref idref="fl-8"/>
      </object_component>
      <object_component id="oc-227">
         <name>.text</name>
         <load_address>0x4180</load_address>
         <readonly>true</readonly>
         <executable>true</executable>
         <run_address>0x4180</run_address>
         <size>0xa2</size>
         <alignment>0x4</alignment>
         <input_file_ref idref="fl-125"/>
      </object_component>
      <object_component id="oc-bd">
         <name>.text:memcpy</name>
         <load_address>0x4222</load_address>
         <readonly>true</readonly>
         <executable>true</executable>
         <run_address>0x4222</run_address>
         <size>0x9a</size>
         <alignment>0x1</alignment>
         <input_file_ref idref="fl-12b"/>
      </object_component>
      <object_component id="oc-10f">
         <name>.text.SYSCFG_DL_PWM_MOTOR_init</name>
         <load_address>0x42bc</load_address>
         <readonly>true</readonly>
         <executable>true</executable>
         <run_address>0x42bc</run_address>
         <size>0x94</size>
         <alignment>0x4</alignment>
         <input_file_ref idref="fl-2"/>
      </object_component>
      <object_component id="oc-39">
         <name>.text.TIMA0_IRQHandler</name>
         <load_address>0x4350</load_address>
         <readonly>true</readonly>
         <executable>true</executable>
         <run_address>0x4350</run_address>
         <size>0x90</size>
         <alignment>0x4</alignment>
         <input_file_ref idref="fl-4"/>
      </object_component>
      <object_component id="oc-112">
         <name>.text.SYSCFG_DL_UART_0_init</name>
         <load_address>0x43e0</load_address>
         <readonly>true</readonly>
         <executable>true</executable>
         <run_address>0x43e0</run_address>
         <size>0x8c</size>
         <alignment>0x4</alignment>
         <input_file_ref idref="fl-2"/>
      </object_component>
      <object_component id="oc-ab">
         <name>.text.__mulsf3</name>
         <load_address>0x446c</load_address>
         <readonly>true</readonly>
         <executable>true</executable>
         <run_address>0x446c</run_address>
         <size>0x8c</size>
         <alignment>0x4</alignment>
         <input_file_ref idref="fl-111"/>
      </object_component>
      <object_component id="oc-179">
         <name>.text.mpu_set_accel_fsr</name>
         <load_address>0x44f8</load_address>
         <readonly>true</readonly>
         <executable>true</executable>
         <run_address>0x44f8</run_address>
         <size>0x88</size>
         <alignment>0x4</alignment>
         <input_file_ref idref="fl-9"/>
      </object_component>
      <object_component id="oc-31b">
         <name>.text:strcmp</name>
         <load_address>0x4580</load_address>
         <readonly>true</readonly>
         <executable>true</executable>
         <run_address>0x4580</run_address>
         <size>0x88</size>
         <alignment>0x10</alignment>
         <input_file_ref idref="fl-12d"/>
      </object_component>
      <object_component id="oc-1d3">
         <name>.text.__divsf3</name>
         <load_address>0x4608</load_address>
         <readonly>true</readonly>
         <executable>true</executable>
         <run_address>0x4608</run_address>
         <size>0x82</size>
         <alignment>0x4</alignment>
         <input_file_ref idref="fl-112"/>
      </object_component>
      <object_component id="oc-1c9">
         <name>.text.__aeabi_idiv0</name>
         <load_address>0x468a</load_address>
         <readonly>true</readonly>
         <executable>true</executable>
         <run_address>0x468a</run_address>
         <size>0x2</size>
         <alignment>0x2</alignment>
         <input_file_ref idref="fl-129"/>
      </object_component>
      <object_component id="oc-2ac">
         <name>.text.__TI_closefile</name>
         <load_address>0x468c</load_address>
         <readonly>true</readonly>
         <executable>true</executable>
         <run_address>0x468c</run_address>
         <size>0x7c</size>
         <alignment>0x4</alignment>
         <input_file_ref idref="fl-5d"/>
      </object_component>
      <object_component id="oc-1c">
         <name>.text:decompress:lzss</name>
         <load_address>0x4708</load_address>
         <readonly>true</readonly>
         <executable>true</executable>
         <run_address>0x4708</run_address>
         <size>0x7c</size>
         <alignment>0x4</alignment>
         <input_file_ref idref="fl-57"/>
      </object_component>
      <object_component id="oc-10d">
         <name>.text.SYSCFG_DL_SYSCTL_init</name>
         <load_address>0x4784</load_address>
         <readonly>true</readonly>
         <executable>true</executable>
         <run_address>0x4784</run_address>
         <size>0x74</size>
         <alignment>0x4</alignment>
         <input_file_ref idref="fl-2"/>
      </object_component>
      <object_component id="oc-24f">
         <name>.text.__gedf2</name>
         <load_address>0x47f8</load_address>
         <readonly>true</readonly>
         <executable>true</executable>
         <run_address>0x47f8</run_address>
         <size>0x74</size>
         <alignment>0x4</alignment>
         <input_file_ref idref="fl-127"/>
      </object_component>
      <object_component id="oc-17a">
         <name>.text.mpu_set_lpf</name>
         <load_address>0x486c</load_address>
         <readonly>true</readonly>
         <executable>true</executable>
         <run_address>0x486c</run_address>
         <size>0x74</size>
         <alignment>0x4</alignment>
         <input_file_ref idref="fl-9"/>
      </object_component>
      <object_component id="oc-2c5">
         <name>.text.HOSTlseek</name>
         <load_address>0x48e0</load_address>
         <readonly>true</readonly>
         <executable>true</executable>
         <run_address>0x48e0</run_address>
         <size>0x6c</size>
         <alignment>0x4</alignment>
         <input_file_ref idref="fl-106"/>
      </object_component>
      <object_component id="oc-2cd">
         <name>.text.HOSTrename</name>
         <load_address>0x494c</load_address>
         <readonly>true</readonly>
         <executable>true</executable>
         <run_address>0x494c</run_address>
         <size>0x6c</size>
         <alignment>0x4</alignment>
         <input_file_ref idref="fl-109"/>
      </object_component>
      <object_component id="oc-288">
         <name>.text.fseeko</name>
         <load_address>0x49b8</load_address>
         <readonly>true</readonly>
         <executable>true</executable>
         <run_address>0x49b8</run_address>
         <size>0x6c</size>
         <alignment>0x4</alignment>
         <input_file_ref idref="fl-5a"/>
      </object_component>
      <object_component id="oc-30f">
         <name>.text.getdevice</name>
         <load_address>0x4a24</load_address>
         <readonly>true</readonly>
         <executable>true</executable>
         <run_address>0x4a24</run_address>
         <size>0x6c</size>
         <alignment>0x4</alignment>
         <input_file_ref idref="fl-12a"/>
      </object_component>
      <object_component id="oc-198">
         <name>.text.mpu_write_mem</name>
         <load_address>0x4a90</load_address>
         <readonly>true</readonly>
         <executable>true</executable>
         <run_address>0x4a90</run_address>
         <size>0x6c</size>
         <alignment>0x4</alignment>
         <input_file_ref idref="fl-9"/>
      </object_component>
      <object_component id="oc-249">
         <name>.text.__ledf2</name>
         <load_address>0x4afc</load_address>
         <readonly>true</readonly>
         <executable>true</executable>
         <run_address>0x4afc</run_address>
         <size>0x68</size>
         <alignment>0x4</alignment>
         <input_file_ref idref="fl-127"/>
      </object_component>
      <object_component id="oc-135">
         <name>.text.dmp_set_fifo_rate</name>
         <load_address>0x4b64</load_address>
         <readonly>true</readonly>
         <executable>true</executable>
         <run_address>0x4b64</run_address>
         <size>0x68</size>
         <alignment>0x4</alignment>
         <input_file_ref idref="fl-a"/>
      </object_component>
      <object_component id="oc-cc">
         <name>.text.lc_printf</name>
         <load_address>0x4bcc</load_address>
         <readonly>true</readonly>
         <executable>true</executable>
         <run_address>0x4bcc</run_address>
         <size>0x68</size>
         <alignment>0x4</alignment>
         <input_file_ref idref="fl-5"/>
      </object_component>
      <object_component id="oc-248">
         <name>.text._mcpy</name>
         <load_address>0x4c34</load_address>
         <readonly>true</readonly>
         <executable>true</executable>
         <run_address>0x4c34</run_address>
         <size>0x66</size>
         <alignment>0x2</alignment>
         <input_file_ref idref="fl-3a"/>
      </object_component>
      <object_component id="oc-1ff">
         <name>.text.__TI_wrt_ok</name>
         <load_address>0x4c9a</load_address>
         <readonly>true</readonly>
         <executable>true</executable>
         <run_address>0x4c9a</run_address>
         <size>0x64</size>
         <alignment>0x2</alignment>
         <input_file_ref idref="fl-3e"/>
      </object_component>
      <object_component id="oc-26e">
         <name>.text.__aeabi_ldiv0</name>
         <load_address>0x4cfe</load_address>
         <readonly>true</readonly>
         <executable>true</executable>
         <run_address>0x4cfe</run_address>
         <size>0x2</size>
         <alignment>0x2</alignment>
         <input_file_ref idref="fl-129"/>
      </object_component>
      <object_component id="oc-2d7">
         <name>.text.split</name>
         <load_address>0x4d00</load_address>
         <readonly>true</readonly>
         <executable>true</executable>
         <run_address>0x4d00</run_address>
         <size>0x64</size>
         <alignment>0x4</alignment>
         <input_file_ref idref="fl-4f"/>
      </object_component>
      <object_component id="oc-1f8">
         <name>.text.__aeabi_dcmp</name>
         <load_address>0x4d64</load_address>
         <readonly>true</readonly>
         <executable>true</executable>
         <run_address>0x4d64</run_address>
         <size>0x62</size>
         <alignment>0x4</alignment>
         <input_file_ref idref="fl-11c"/>
      </object_component>
      <object_component id="oc-1a8">
         <name>.text._nop</name>
         <load_address>0x4dc6</load_address>
         <readonly>true</readonly>
         <executable>true</executable>
         <run_address>0x4dc6</run_address>
         <size>0x2</size>
         <alignment>0x2</alignment>
         <input_file_ref idref="fl-49"/>
      </object_component>
      <object_component id="oc-a7">
         <name>.text.__aeabi_fcmp</name>
         <load_address>0x4dc8</load_address>
         <readonly>true</readonly>
         <executable>true</executable>
         <run_address>0x4dc8</run_address>
         <size>0x62</size>
         <alignment>0x4</alignment>
         <input_file_ref idref="fl-11d"/>
      </object_component>
      <object_component id="oc-10a">
         <name>.text:memset</name>
         <load_address>0x4e2a</load_address>
         <readonly>true</readonly>
         <executable>true</executable>
         <run_address>0x4e2a</run_address>
         <size>0x62</size>
         <alignment>0x1</alignment>
         <input_file_ref idref="fl-12c"/>
      </object_component>
      <object_component id="oc-2b5">
         <name>.text.HOSTopen</name>
         <load_address>0x4e8c</load_address>
         <readonly>true</readonly>
         <executable>true</executable>
         <run_address>0x4e8c</run_address>
         <size>0x60</size>
         <alignment>0x4</alignment>
         <input_file_ref idref="fl-107"/>
      </object_component>
      <object_component id="oc-22c">
         <name>.text.frexp</name>
         <load_address>0x4eec</load_address>
         <readonly>true</readonly>
         <executable>true</executable>
         <run_address>0x4eec</run_address>
         <size>0x5c</size>
         <alignment>0x4</alignment>
         <input_file_ref idref="fl-44"/>
      </object_component>
      <object_component id="oc-6a">
         <name>.text.mode_chack</name>
         <load_address>0x4f48</load_address>
         <readonly>true</readonly>
         <executable>true</executable>
         <run_address>0x4f48</run_address>
         <size>0x5c</size>
         <alignment>0x4</alignment>
         <input_file_ref idref="fl-10"/>
      </object_component>
      <object_component id="oc-183">
         <name>.text.printf</name>
         <load_address>0x4fa4</load_address>
         <readonly>true</readonly>
         <executable>true</executable>
         <run_address>0x4fa4</run_address>
         <size>0x5c</size>
         <alignment>0x4</alignment>
         <input_file_ref idref="fl-39"/>
      </object_component>
      <object_component id="oc-2bd">
         <name>.text.HOSTread</name>
         <load_address>0x5000</load_address>
         <readonly>true</readonly>
         <executable>true</executable>
         <run_address>0x5000</run_address>
         <size>0x58</size>
         <alignment>0x4</alignment>
         <input_file_ref idref="fl-108"/>
      </object_component>
      <object_component id="oc-2c1">
         <name>.text.HOSTwrite</name>
         <load_address>0x5058</load_address>
         <readonly>true</readonly>
         <executable>true</executable>
         <run_address>0x5058</run_address>
         <size>0x58</size>
         <alignment>0x4</alignment>
         <input_file_ref idref="fl-10b"/>
      </object_component>
      <object_component id="oc-238">
         <name>.text.__TI_ltoa</name>
         <load_address>0x50b0</load_address>
         <readonly>true</readonly>
         <executable>true</executable>
         <run_address>0x50b0</run_address>
         <size>0x58</size>
         <alignment>0x2</alignment>
         <input_file_ref idref="fl-4a"/>
      </object_component>
      <object_component id="oc-1fd">
         <name>.text._pconv_f</name>
         <load_address>0x5108</load_address>
         <readonly>true</readonly>
         <executable>true</executable>
         <run_address>0x5108</run_address>
         <size>0x58</size>
         <alignment>0x2</alignment>
         <input_file_ref idref="fl-3a"/>
      </object_component>
      <object_component id="oc-27b">
         <name>.text.__aeabi_idivmod</name>
         <load_address>0x5160</load_address>
         <readonly>true</readonly>
         <executable>true</executable>
         <run_address>0x5160</run_address>
         <size>0x56</size>
         <alignment>0x4</alignment>
         <input_file_ref idref="fl-11e"/>
      </object_component>
      <object_component id="oc-111">
         <name>.text.SYSCFG_DL_I2C_OLED_init</name>
         <load_address>0x51b8</load_address>
         <readonly>true</readonly>
         <executable>true</executable>
         <run_address>0x51b8</run_address>
         <size>0x54</size>
         <alignment>0x4</alignment>
         <input_file_ref idref="fl-2"/>
      </object_component>
      <object_component id="oc-10b">
         <name>.text.SYSCFG_DL_initPower</name>
         <load_address>0x520c</load_address>
         <readonly>true</readonly>
         <executable>true</executable>
         <run_address>0x520c</run_address>
         <size>0x54</size>
         <alignment>0x4</alignment>
         <input_file_ref idref="fl-2"/>
      </object_component>
      <object_component id="oc-7b">
         <name>.text.Set_PWM</name>
         <load_address>0x5260</load_address>
         <readonly>true</readonly>
         <executable>true</executable>
         <run_address>0x5260</run_address>
         <size>0x54</size>
         <alignment>0x4</alignment>
         <input_file_ref idref="fl-8"/>
      </object_component>
      <object_component id="oc-209">
         <name>.text.__TI_doflush</name>
         <load_address>0x52b4</load_address>
         <readonly>true</readonly>
         <executable>true</executable>
         <run_address>0x52b4</run_address>
         <size>0x52</size>
         <alignment>0x2</alignment>
         <input_file_ref idref="fl-58"/>
      </object_component>
      <object_component id="oc-246">
         <name>.text._ecpy</name>
         <load_address>0x5306</load_address>
         <readonly>true</readonly>
         <executable>true</executable>
         <run_address>0x5306</run_address>
         <size>0x52</size>
         <alignment>0x2</alignment>
         <input_file_ref idref="fl-3a"/>
      </object_component>
      <object_component id="oc-110">
         <name>.text.SYSCFG_DL_TIMER_0_init</name>
         <load_address>0x5358</load_address>
         <readonly>true</readonly>
         <executable>true</executable>
         <run_address>0x5358</run_address>
         <size>0x50</size>
         <alignment>0x4</alignment>
         <input_file_ref idref="fl-2"/>
      </object_component>
      <object_component id="oc-2d9">
         <name>.text.close</name>
         <load_address>0x53a8</load_address>
         <readonly>true</readonly>
         <executable>true</executable>
         <run_address>0x53a8</run_address>
         <size>0x50</size>
         <alignment>0x4</alignment>
         <input_file_ref idref="fl-103"/>
      </object_component>
      <object_component id="oc-234">
         <name>.text.__fixdfsi</name>
         <load_address>0x53f8</load_address>
         <readonly>true</readonly>
         <executable>true</executable>
         <run_address>0x53f8</run_address>
         <size>0x4a</size>
         <alignment>0x4</alignment>
         <input_file_ref idref="fl-115"/>
      </object_component>
      <object_component id="oc-170">
         <name>.text.DL_UART_init</name>
         <load_address>0x5444</load_address>
         <readonly>true</readonly>
         <executable>true</executable>
         <run_address>0x5444</run_address>
         <size>0x48</size>
         <alignment>0x4</alignment>
         <input_file_ref idref="fl-21"/>
      </object_component>
      <object_component id="oc-2b9">
         <name>.text.HOSTclose</name>
         <load_address>0x548c</load_address>
         <readonly>true</readonly>
         <executable>true</executable>
         <run_address>0x548c</run_address>
         <size>0x48</size>
         <alignment>0x4</alignment>
         <input_file_ref idref="fl-105"/>
      </object_component>
      <object_component id="oc-2c9">
         <name>.text.HOSTunlink</name>
         <load_address>0x54d4</load_address>
         <readonly>true</readonly>
         <executable>true</executable>
         <run_address>0x54d4</run_address>
         <size>0x48</size>
         <alignment>0x4</alignment>
         <input_file_ref idref="fl-10a"/>
      </object_component>
      <object_component id="oc-65">
         <name>.text.updata</name>
         <load_address>0x551c</load_address>
         <readonly>true</readonly>
         <executable>true</executable>
         <run_address>0x551c</run_address>
         <size>0x48</size>
         <alignment>0x4</alignment>
         <input_file_ref idref="fl-10"/>
      </object_component>
      <object_component id="oc-158">
         <name>.text.DL_SYSCTL_switchMCLKfromSYSOSCtoHSCLK</name>
         <load_address>0x5564</load_address>
         <readonly>true</readonly>
         <executable>true</executable>
         <run_address>0x5564</run_address>
         <size>0x44</size>
         <alignment>0x4</alignment>
         <input_file_ref idref="fl-22"/>
      </object_component>
      <object_component id="oc-18d">
         <name>.text.__aeabi_uidivmod</name>
         <load_address>0x55a8</load_address>
         <readonly>true</readonly>
         <executable>true</executable>
         <run_address>0x55a8</run_address>
         <size>0x40</size>
         <alignment>0x4</alignment>
         <input_file_ref idref="fl-122"/>
      </object_component>
      <object_component id="oc-1e1">
         <name>.text.atoi</name>
         <load_address>0x55e8</load_address>
         <readonly>true</readonly>
         <executable>true</executable>
         <run_address>0x55e8</run_address>
         <size>0x40</size>
         <alignment>0x4</alignment>
         <input_file_ref idref="fl-4c"/>
      </object_component>
      <object_component id="oc-11a">
         <name>.text.vsnprintf</name>
         <load_address>0x5628</load_address>
         <readonly>true</readonly>
         <executable>true</executable>
         <run_address>0x5628</run_address>
         <size>0x40</size>
         <alignment>0x4</alignment>
         <input_file_ref idref="fl-3c"/>
      </object_component>
      <object_component id="oc-6c">
         <name>.text.__floatsisf</name>
         <load_address>0x5668</load_address>
         <readonly>true</readonly>
         <executable>true</executable>
         <run_address>0x5668</run_address>
         <size>0x3c</size>
         <alignment>0x4</alignment>
         <input_file_ref idref="fl-118"/>
      </object_component>
      <object_component id="oc-fb">
         <name>.text.__gtsf2</name>
         <load_address>0x56a4</load_address>
         <readonly>true</readonly>
         <executable>true</executable>
         <run_address>0x56a4</run_address>
         <size>0x3c</size>
         <alignment>0x4</alignment>
         <input_file_ref idref="fl-124"/>
      </object_component>
      <object_component id="oc-e3">
         <name>.text:__TI_auto_init_nobinit_nopinit</name>
         <load_address>0x56e0</load_address>
         <readonly>true</readonly>
         <executable>true</executable>
         <run_address>0x56e0</run_address>
         <size>0x3c</size>
         <alignment>0x4</alignment>
         <input_file_ref idref="fl-52"/>
      </object_component>
      <object_component id="oc-f6">
         <name>.text.__eqsf2</name>
         <load_address>0x571c</load_address>
         <readonly>true</readonly>
         <executable>true</executable>
         <run_address>0x571c</run_address>
         <size>0x3a</size>
         <alignment>0x4</alignment>
         <input_file_ref idref="fl-124"/>
      </object_component>
      <object_component id="oc-fd">
         <name>.text.__muldsi3</name>
         <load_address>0x5758</load_address>
         <readonly>true</readonly>
         <executable>true</executable>
         <run_address>0x5758</run_address>
         <size>0x3a</size>
         <alignment>0x4</alignment>
         <input_file_ref idref="fl-110"/>
      </object_component>
      <object_component id="oc-c2">
         <name>.text.SYSCFG_DL_init</name>
         <load_address>0x5794</load_address>
         <readonly>true</readonly>
         <executable>true</executable>
         <run_address>0x5794</run_address>
         <size>0x38</size>
         <alignment>0x4</alignment>
         <input_file_ref idref="fl-2"/>
      </object_component>
      <object_component id="oc-76">
         <name>.text.__fixsfsi</name>
         <load_address>0x57cc</load_address>
         <readonly>true</readonly>
         <executable>true</executable>
         <run_address>0x57cc</run_address>
         <size>0x38</size>
         <alignment>0x4</alignment>
         <input_file_ref idref="fl-116"/>
      </object_component>
      <object_component id="oc-292">
         <name>.text.__TI_cleanup</name>
         <load_address>0x5804</load_address>
         <readonly>true</readonly>
         <executable>true</executable>
         <run_address>0x5804</run_address>
         <size>0x34</size>
         <alignment>0x4</alignment>
         <input_file_ref idref="fl-59"/>
      </object_component>
      <object_component id="oc-2ea">
         <name>.text.__TI_readmsg</name>
         <load_address>0x5838</load_address>
         <readonly>true</readonly>
         <executable>true</executable>
         <run_address>0x5838</run_address>
         <size>0x34</size>
         <alignment>0x4</alignment>
         <input_file_ref idref="fl-10c"/>
      </object_component>
      <object_component id="oc-2e4">
         <name>.text.__TI_writemsg</name>
         <load_address>0x586c</load_address>
         <readonly>true</readonly>
         <executable>true</executable>
         <run_address>0x586c</run_address>
         <size>0x34</size>
         <alignment>0x4</alignment>
         <input_file_ref idref="fl-10c"/>
      </object_component>
      <object_component id="oc-e1">
         <name>.text.exit</name>
         <load_address>0x58a0</load_address>
         <readonly>true</readonly>
         <executable>true</executable>
         <run_address>0x58a0</run_address>
         <size>0x34</size>
         <alignment>0x4</alignment>
         <input_file_ref idref="fl-48"/>
      </object_component>
      <object_component id="oc-318">
         <name>.text.finddevice</name>
         <load_address>0x58d4</load_address>
         <readonly>true</readonly>
         <executable>true</executable>
         <run_address>0x58d4</run_address>
         <size>0x34</size>
         <alignment>0x4</alignment>
         <input_file_ref idref="fl-12a"/>
      </object_component>
      <object_component id="oc-1d7">
         <name>.text.mpu_get_accel_fsr</name>
         <load_address>0x5908</load_address>
         <readonly>true</readonly>
         <executable>true</executable>
         <run_address>0x5908</run_address>
         <size>0x34</size>
         <alignment>0x4</alignment>
         <input_file_ref idref="fl-9"/>
      </object_component>
      <object_component id="oc-247">
         <name>.text._fcpy</name>
         <load_address>0x593c</load_address>
         <readonly>true</readonly>
         <executable>true</executable>
         <run_address>0x593c</run_address>
         <size>0x30</size>
         <alignment>0x2</alignment>
         <input_file_ref idref="fl-3a"/>
      </object_component>
      <object_component id="oc-174">
         <name>.text._outs</name>
         <load_address>0x596c</load_address>
         <readonly>true</readonly>
         <executable>true</executable>
         <run_address>0x596c</run_address>
         <size>0x30</size>
         <alignment>0x2</alignment>
         <input_file_ref idref="fl-3c"/>
      </object_component>
      <object_component id="oc-23c">
         <name>.text.__floatsidf</name>
         <load_address>0x599c</load_address>
         <readonly>true</readonly>
         <executable>true</executable>
         <run_address>0x599c</run_address>
         <size>0x2c</size>
         <alignment>0x4</alignment>
         <input_file_ref idref="fl-117"/>
      </object_component>
      <object_component id="oc-305">
         <name>.text.unlink</name>
         <load_address>0x59c8</load_address>
         <readonly>true</readonly>
         <executable>true</executable>
         <run_address>0x59c8</run_address>
         <size>0x2c</size>
         <alignment>0x4</alignment>
         <input_file_ref idref="fl-104"/>
      </object_component>
      <object_component id="oc-1cf">
         <name>.text.__floatunsisf</name>
         <load_address>0x59f4</load_address>
         <readonly>true</readonly>
         <executable>true</executable>
         <run_address>0x59f4</run_address>
         <size>0x28</size>
         <alignment>0x4</alignment>
         <input_file_ref idref="fl-119"/>
      </object_component>
      <object_component id="oc-2a7">
         <name>.text.free_list_insert</name>
         <load_address>0x5a1c</load_address>
         <readonly>true</readonly>
         <executable>true</executable>
         <run_address>0x5a1c</run_address>
         <size>0x28</size>
         <alignment>0x4</alignment>
         <input_file_ref idref="fl-4f"/>
      </object_component>
      <object_component id="oc-2a1">
         <name>.text.lseek</name>
         <load_address>0x5a44</load_address>
         <readonly>true</readonly>
         <executable>true</executable>
         <run_address>0x5a44</run_address>
         <size>0x28</size>
         <alignment>0x4</alignment>
         <input_file_ref idref="fl-102"/>
      </object_component>
      <object_component id="oc-205">
         <name>.text.write</name>
         <load_address>0x5a6c</load_address>
         <readonly>true</readonly>
         <executable>true</executable>
         <run_address>0x5a6c</run_address>
         <size>0x28</size>
         <alignment>0x4</alignment>
         <input_file_ref idref="fl-fe"/>
      </object_component>
      <object_component id="oc-59">
         <name>.text:_c_int00_noargs</name>
         <load_address>0x5a94</load_address>
         <readonly>true</readonly>
         <executable>true</executable>
         <run_address>0x5a94</run_address>
         <size>0x28</size>
         <alignment>0x4</alignment>
         <input_file_ref idref="fl-50"/>
      </object_component>
      <object_component id="oc-163">
         <name>.text.DL_I2C_setClockConfig</name>
         <load_address>0x5abc</load_address>
         <readonly>true</readonly>
         <executable>true</executable>
         <run_address>0x5abc</run_address>
         <size>0x26</size>
         <alignment>0x2</alignment>
         <input_file_ref idref="fl-1f"/>
      </object_component>
      <object_component id="oc-1ee">
         <name>.text.__muldi3</name>
         <load_address>0x5ae4</load_address>
         <readonly>true</readonly>
         <executable>true</executable>
         <run_address>0x5ae4</run_address>
         <size>0x24</size>
         <alignment>0x4</alignment>
         <input_file_ref idref="fl-11a"/>
      </object_component>
      <object_component id="oc-17d">
         <name>.text.puts</name>
         <load_address>0x5b08</load_address>
         <readonly>true</readonly>
         <executable>true</executable>
         <run_address>0x5b08</run_address>
         <size>0x24</size>
         <alignment>0x4</alignment>
         <input_file_ref idref="fl-3d"/>
      </object_component>
      <object_component id="oc-1da">
         <name>.text.memccpy</name>
         <load_address>0x5b2c</load_address>
         <readonly>true</readonly>
         <executable>true</executable>
         <run_address>0x5b2c</run_address>
         <size>0x22</size>
         <alignment>0x2</alignment>
         <input_file_ref idref="fl-4e"/>
      </object_component>
      <object_component id="oc-64">
         <name>.text.encoder_update</name>
         <load_address>0x5b50</load_address>
         <readonly>true</readonly>
         <executable>true</executable>
         <run_address>0x5b50</run_address>
         <size>0x20</size>
         <alignment>0x4</alignment>
         <input_file_ref idref="fl-8"/>
      </object_component>
      <object_component id="oc-212">
         <name>.text.fputc</name>
         <load_address>0x5b70</load_address>
         <readonly>true</readonly>
         <executable>true</executable>
         <run_address>0x5b70</run_address>
         <size>0x20</size>
         <alignment>0x4</alignment>
         <input_file_ref idref="fl-5"/>
      </object_component>
      <object_component id="oc-26f">
         <name>.text.__ashldi3</name>
         <load_address>0x5b90</load_address>
         <readonly>true</readonly>
         <executable>true</executable>
         <run_address>0x5b90</run_address>
         <size>0x1e</size>
         <alignment>0x4</alignment>
         <input_file_ref idref="fl-126"/>
      </object_component>
      <object_component id="oc-15d">
         <name>.text.DL_Timer_setCaptCompUpdateMethod</name>
         <load_address>0x5bb0</load_address>
         <readonly>true</readonly>
         <executable>true</executable>
         <run_address>0x5bb0</run_address>
         <size>0x1c</size>
         <alignment>0x4</alignment>
         <input_file_ref idref="fl-20"/>
      </object_component>
      <object_component id="oc-15a">
         <name>.text.DL_Timer_setClockConfig</name>
         <load_address>0x5bcc</load_address>
         <readonly>true</readonly>
         <executable>true</executable>
         <run_address>0x5bcc</run_address>
         <size>0x1c</size>
         <alignment>0x4</alignment>
         <input_file_ref idref="fl-20"/>
      </object_component>
      <object_component id="oc-12c">
         <name>.text.dmp_load_motion_driver_firmware</name>
         <load_address>0x5be8</load_address>
         <readonly>true</readonly>
         <executable>true</executable>
         <run_address>0x5be8</run_address>
         <size>0x1c</size>
         <alignment>0x4</alignment>
         <input_file_ref idref="fl-a"/>
      </object_component>
      <object_component id="oc-2a5">
         <name>.text.free_list_remove</name>
         <load_address>0x5c04</load_address>
         <readonly>true</readonly>
         <executable>true</executable>
         <run_address>0x5c04</run_address>
         <size>0x1c</size>
         <alignment>0x4</alignment>
         <input_file_ref idref="fl-4f"/>
      </object_component>
      <object_component id="oc-15c">
         <name>.text.DL_Timer_setCaptureCompareOutCtl</name>
         <load_address>0x5c20</load_address>
         <readonly>true</readonly>
         <executable>true</executable>
         <run_address>0x5c20</run_address>
         <size>0x18</size>
         <alignment>0x4</alignment>
         <input_file_ref idref="fl-20"/>
      </object_component>
      <object_component id="oc-175">
         <name>.text._outc</name>
         <load_address>0x5c38</load_address>
         <readonly>true</readonly>
         <executable>true</executable>
         <run_address>0x5c38</run_address>
         <size>0x18</size>
         <alignment>0x2</alignment>
         <input_file_ref idref="fl-3c"/>
      </object_component>
      <object_component id="oc-c7">
         <name>.text.uart_Init</name>
         <load_address>0x5c50</load_address>
         <readonly>true</readonly>
         <executable>true</executable>
         <run_address>0x5c50</run_address>
         <size>0x18</size>
         <alignment>0x4</alignment>
         <input_file_ref idref="fl-f"/>
      </object_component>
      <object_component id="oc-50">
         <name>.text:decompress:ZI:__TI_zero_init_nomemset</name>
         <load_address>0x5c68</load_address>
         <readonly>true</readonly>
         <executable>true</executable>
         <run_address>0x5c68</run_address>
         <size>0x16</size>
         <alignment>0x2</alignment>
         <input_file_ref idref="fl-55"/>
      </object_component>
      <object_component id="oc-1f3">
         <name>.text.__aeabi_uldivmod</name>
         <load_address>0x5c80</load_address>
         <readonly>true</readonly>
         <executable>true</executable>
         <run_address>0x5c80</run_address>
         <size>0x14</size>
         <alignment>0x4</alignment>
         <input_file_ref idref="fl-123"/>
      </object_component>
      <object_component id="oc-245">
         <name>.text.strchr</name>
         <load_address>0x5c94</load_address>
         <readonly>true</readonly>
         <executable>true</executable>
         <run_address>0x5c94</run_address>
         <size>0x14</size>
         <alignment>0x2</alignment>
         <input_file_ref idref="fl-3a"/>
      </object_component>
      <object_component id="oc-16a">
         <name>.text.DL_UART_setClockConfig</name>
         <load_address>0x5ca8</load_address>
         <readonly>true</readonly>
         <executable>true</executable>
         <run_address>0x5ca8</run_address>
         <size>0x12</size>
         <alignment>0x2</alignment>
         <input_file_ref idref="fl-21"/>
      </object_component>
      <object_component id="oc-20">
         <name>.text:decompress:none</name>
         <load_address>0x5cba</load_address>
         <readonly>true</readonly>
         <executable>true</executable>
         <run_address>0x5cba</run_address>
         <size>0x12</size>
         <alignment>0x2</alignment>
         <input_file_ref idref="fl-56"/>
      </object_component>
      <object_component id="oc-b2">
         <name>.text.DL_Timer_setCaptureCompareValue</name>
         <load_address>0x5ccc</load_address>
         <readonly>true</readonly>
         <executable>true</executable>
[...]
         <name>_lock</name>
         <value>0x20200da4</value>
         <object_component_ref idref="oc-145"/>
      </symbol>
      <symbol id="sm-2d3">
         <name>_unlock</name>
         <value>0x20200da8</value>
         <object_component_ref idref="oc-148"/>
      </symbol>
      <symbol id="sm-2dc">
         <name>__TI_ltoa</name>
         <value>0x50b1</value>
         <object_component_ref idref="oc-238"/>
      </symbol>
      <symbol id="sm-2e7">
         <name>atoi</name>
         <value>0x55e9</value>
         <object_component_ref idref="oc-1e1"/>
      </symbol>
      <symbol id="sm-2ec">
         <name>_ftable</name>
         <value>0x20200ba4</value>
         <object_component_ref idref="oc-1c0"/>
      </symbol>
      <symbol id="sm-2ed">
         <name>__TI_ft_end</name>
         <value>0x20200d9c</value>
         <object_component_ref idref="oc-2b2"/>
      </symbol>
      <symbol id="sm-2ee">
         <name>__TI_tmpnams</name>
         <value>0x202009dc</value>
         <object_component_ref idref="oc-2e1"/>
      </symbol>
      <symbol id="sm-2f7">
         <name>memccpy</name>
         <value>0x5b2d</value>
         <object_component_ref idref="oc-1da"/>
      </symbol>
      <symbol id="sm-31a">
         <name>malloc</name>
         <value>0x5d81</value>
         <object_component_ref idref="oc-291"/>
      </symbol>
      <symbol id="sm-31b">
         <name>aligned_alloc</name>
         <value>0x2d91</value>
         <object_component_ref idref="oc-2ab"/>
      </symbol>
      <symbol id="sm-31c">
         <name>free</name>
         <value>0x3479</value>
         <object_component_ref idref="oc-28b"/>
      </symbol>
      <symbol id="sm-31d">
         <name>_sys_memory</name>
         <value>0x20200000</value>
         <object_component_ref idref="oc-2a8"/>
      </symbol>
      <symbol id="sm-31e">
         <name>memalign</name>
         <value>0x2d91</value>
         <object_component_ref idref="oc-2ab"/>
      </symbol>
      <symbol id="sm-329">
         <name>_c_int00_noargs</name>
         <value>0x5a95</value>
         <object_component_ref idref="oc-59"/>
      </symbol>
      <symbol id="sm-32a">
         <name>__stack</name>
         <value>0x20207e00</value>
         <object_component_ref idref="oc-1a"/>
      </symbol>
      <symbol id="sm-336">
         <name>__TI_auto_init_nobinit_nopinit</name>
         <value>0x56e1</value>
         <object_component_ref idref="oc-e3"/>
      </symbol>
      <symbol id="sm-33e">
         <name>_system_pre_init</name>
         <value>0x5dfb</value>
         <object_component_ref idref="oc-8e"/>
      </symbol>
      <symbol id="sm-349">
         <name>__TI_zero_init_nomemset</name>
         <value>0x5c69</value>
         <object_component_ref idref="oc-50"/>
      </symbol>
      <symbol id="sm-352">
         <name>__TI_decompress_none</name>
         <value>0x5cbb</value>
         <object_component_ref idref="oc-20"/>
      </symbol>
      <symbol id="sm-35d">
         <name>__TI_decompress_lzss</name>
         <value>0x4709</value>
         <object_component_ref idref="oc-1c"/>
      </symbol>
      <symbol id="sm-367">
         <name>__TI_doflush</name>
         <value>0x52b5</value>
         <object_component_ref idref="oc-209"/>
      </symbol>
      <symbol id="sm-372">
         <name>__TI_cleanup</name>
         <value>0x5805</value>
         <object_component_ref idref="oc-292"/>
      </symbol>
      <symbol id="sm-37f">
         <name>fseek</name>
         <value>0x5ddd</value>
         <object_component_ref idref="oc-25b"/>
      </symbol>
      <symbol id="sm-380">
         <name>fseeko</name>
         <value>0x49b9</value>
         <object_component_ref idref="oc-288"/>
      </symbol>
      <symbol id="sm-381">
         <name>__aeabi_ctype_table_</name>
         <value>0x6a00</value>
         <object_component_ref idref="oc-21b"/>
      </symbol>
      <symbol id="sm-382">
         <name>__aeabi_ctype_table_C</name>
         <value>0x6a00</value>
         <object_component_ref idref="oc-21b"/>
      </symbol>
      <symbol id="sm-38e">
         <name>__TI_closefile</name>
         <value>0x468d</value>
         <object_component_ref idref="oc-2ac"/>
      </symbol>
      <symbol id="sm-396">
         <name>HOSTexit</name>
         <value>0x5df3</value>
         <object_component_ref idref="oc-13f"/>
      </symbol>
      <symbol id="sm-397">
         <name>C$$EXIT</name>
         <value>0x5df2</value>
         <object_component_ref idref="oc-13f"/>
      </symbol>
      <symbol id="sm-3a1">
         <name>write</name>
         <value>0x5a6d</value>
         <object_component_ref idref="oc-205"/>
      </symbol>
      <symbol id="sm-3a6">
         <name>_device</name>
         <value>0x20200c94</value>
         <object_component_ref idref="oc-29b"/>
      </symbol>
      <symbol id="sm-3a7">
         <name>_stream</name>
         <value>0x20200d0c</value>
         <object_component_ref idref="oc-267"/>
      </symbol>
      <symbol id="sm-3b0">
         <name>remove</name>
         <value>0x5de5</value>
         <object_component_ref idref="oc-2dd"/>
      </symbol>
      <symbol id="sm-3bb">
         <name>lseek</name>
         <value>0x5a45</value>
         <object_component_ref idref="oc-2a1"/>
      </symbol>
      <symbol id="sm-3c5">
         <name>close</name>
         <value>0x53a9</value>
         <object_component_ref idref="oc-2d9"/>
      </symbol>
      <symbol id="sm-3cf">
         <name>unlink</name>
         <value>0x59c9</value>
         <object_component_ref idref="oc-305"/>
      </symbol>
      <symbol id="sm-3d9">
         <name>HOSTclose</name>
         <value>0x548d</value>
         <object_component_ref idref="oc-2b9"/>
      </symbol>
      <symbol id="sm-3e3">
         <name>HOSTlseek</name>
         <value>0x48e1</value>
         <object_component_ref idref="oc-2c5"/>
      </symbol>
      <symbol id="sm-3ed">
         <name>HOSTopen</name>
         <value>0x4e8d</value>
         <object_component_ref idref="oc-2b5"/>
      </symbol>
      <symbol id="sm-3ee">
         <name>parmbuf</name>
         <value>0x20200b94</value>
         <object_component_ref idref="oc-2eb"/>
      </symbol>
      <symbol id="sm-3f8">
         <name>HOSTread</name>
         <value>0x5001</value>
         <object_component_ref idref="oc-2bd"/>
      </symbol>
      <symbol id="sm-409">
         <name>HOSTrename</name>
         <value>0x494d</value>
         <object_component_ref idref="oc-2cd"/>
      </symbol>
      <symbol id="sm-413">
         <name>HOSTunlink</name>
         <value>0x54d5</value>
         <object_component_ref idref="oc-2c9"/>
      </symbol>
      <symbol id="sm-41d">
         <name>HOSTwrite</name>
         <value>0x5059</value>
         <object_component_ref idref="oc-2c1"/>
      </symbol>
      <symbol id="sm-42b">
         <name>C$$IO$$</name>
         <value>0x5899</value>
         <object_component_ref idref="oc-2e4"/>
      </symbol>
      <symbol id="sm-42c">
         <name>__TI_writemsg</name>
         <value>0x586d</value>
         <object_component_ref idref="oc-2e4"/>
      </symbol>
      <symbol id="sm-42d">
         <name>__CIOBUF_</name>
         <value>0x20200800</value>
         <object_component_ref idref="oc-30c"/>
      </symbol>
      <symbol id="sm-42e">
         <name>__TI_readmsg</name>
         <value>0x5839</value>
         <object_component_ref idref="oc-2ea"/>
      </symbol>
      <symbol id="sm-42f">
         <name>_CIOBUF_</name>
         <value>0x20200800</value>
         <object_component_ref idref="oc-30c"/>
      </symbol>
      <symbol id="sm-435">
         <name>__aeabi_fadd</name>
         <value>0x3b8b</value>
         <object_component_ref idref="oc-a3"/>
      </symbol>
      <symbol id="sm-436">
         <name>__addsf3</name>
         <value>0x3b8b</value>
         <object_component_ref idref="oc-a3"/>
      </symbol>
      <symbol id="sm-437">
         <name>__aeabi_fsub</name>
         <value>0x3b81</value>
         <object_component_ref idref="oc-a3"/>
      </symbol>
      <symbol id="sm-438">
         <name>__subsf3</name>
         <value>0x3b81</value>
         <object_component_ref idref="oc-a3"/>
      </symbol>
      <symbol id="sm-43e">
         <name>__aeabi_dadd</name>
         <value>0x2487</value>
         <object_component_ref idref="oc-255"/>
      </symbol>
      <symbol id="sm-43f">
         <name>__adddf3</name>
         <value>0x2487</value>
         <object_component_ref idref="oc-255"/>
      </symbol>
      <symbol id="sm-440">
         <name>__aeabi_dsub</name>
         <value>0x247d</value>
         <object_component_ref idref="oc-255"/>
      </symbol>
      <symbol id="sm-441">
         <name>__subdf3</name>
         <value>0x247d</value>
         <object_component_ref idref="oc-255"/>
      </symbol>
      <symbol id="sm-44a">
         <name>__aeabi_dmul</name>
         <value>0x3649</value>
         <object_component_ref idref="oc-241"/>
      </symbol>
      <symbol id="sm-44b">
         <name>__muldf3</name>
         <value>0x3649</value>
         <object_component_ref idref="oc-241"/>
      </symbol>
      <symbol id="sm-451">
         <name>__muldsi3</name>
         <value>0x5759</value>
         <object_component_ref idref="oc-fd"/>
      </symbol>
      <symbol id="sm-457">
         <name>__aeabi_fmul</name>
         <value>0x446d</value>
         <object_component_ref idref="oc-ab"/>
      </symbol>
      <symbol id="sm-458">
         <name>__mulsf3</name>
         <value>0x446d</value>
         <object_component_ref idref="oc-ab"/>
      </symbol>
      <symbol id="sm-45e">
         <name>__aeabi_fdiv</name>
         <value>0x4609</value>
         <object_component_ref idref="oc-1d3"/>
      </symbol>
      <symbol id="sm-45f">
         <name>__divsf3</name>
         <value>0x4609</value>
         <object_component_ref idref="oc-1d3"/>
      </symbol>
      <symbol id="sm-465">
         <name>__aeabi_ddiv</name>
         <value>0x2ea5</value>
         <object_component_ref idref="oc-251"/>
      </symbol>
      <symbol id="sm-466">
         <name>__divdf3</name>
         <value>0x2ea5</value>
         <object_component_ref idref="oc-251"/>
      </symbol>
      <symbol id="sm-46c">
         <name>__aeabi_d2iz</name>
         <value>0x53f9</value>
         <object_component_ref idref="oc-234"/>
      </symbol>
      <symbol id="sm-46d">
         <name>__fixdfsi</name>
         <value>0x53f9</value>
         <object_component_ref idref="oc-234"/>
      </symbol>
      <symbol id="sm-473">
         <name>__aeabi_f2iz</name>
         <value>0x57cd</value>
         <object_component_ref idref="oc-76"/>
      </symbol>
      <symbol id="sm-474">
         <name>__fixsfsi</name>
         <value>0x57cd</value>
         <object_component_ref idref="oc-76"/>
      </symbol>
      <symbol id="sm-47a">
         <name>__aeabi_i2d</name>
         <value>0x599d</value>
         <object_component_ref idref="oc-23c"/>
      </symbol>
      <symbol id="sm-47b">
         <name>__floatsidf</name>
         <value>0x599d</value>
         <object_component_ref idref="oc-23c"/>
      </symbol>
      <symbol id="sm-481">
         <name>__aeabi_i2f</name>
         <value>0x5669</value>
         <object_component_ref idref="oc-6c"/>
      </symbol>
      <symbol id="sm-482">
         <name>__floatsisf</name>
         <value>0x5669</value>
         <object_component_ref idref="oc-6c"/>
      </symbol>
      <symbol id="sm-488">
         <name>__aeabi_ui2f</name>
         <value>0x59f5</value>
         <object_component_ref idref="oc-1cf"/>
      </symbol>
      <symbol id="sm-489">
         <name>__floatunsisf</name>
         <value>0x59f5</value>
         <object_component_ref idref="oc-1cf"/>
      </symbol>
      <symbol id="sm-48f">
         <name>__aeabi_lmul</name>
         <value>0x5ae5</value>
         <object_component_ref idref="oc-1ee"/>
      </symbol>
      <symbol id="sm-490">
         <name>__muldi3</name>
         <value>0x5ae5</value>
         <object_component_ref idref="oc-1ee"/>
      </symbol>
      <symbol id="sm-496">
         <name>__aeabi_dcmpeq</name>
         <value>0x4d65</value>
         <object_component_ref idref="oc-1f8"/>
      </symbol>
      <symbol id="sm-497">
         <name>__aeabi_dcmplt</name>
         <value>0x4d79</value>
         <object_component_ref idref="oc-1f8"/>
      </symbol>
      <symbol id="sm-498">
         <name>__aeabi_dcmple</name>
         <value>0x4d8d</value>
         <object_component_ref idref="oc-1f8"/>
      </symbol>
      <symbol id="sm-499">
         <name>__aeabi_dcmpge</name>
         <value>0x4da1</value>
         <object_component_ref idref="oc-1f8"/>
      </symbol>
      <symbol id="sm-49a">
         <name>__aeabi_dcmpgt</name>
         <value>0x4db5</value>
         <object_component_ref idref="oc-1f8"/>
      </symbol>
      <symbol id="sm-4a0">
         <name>__aeabi_fcmpeq</name>
         <value>0x4dc9</value>
         <object_component_ref idref="oc-a7"/>
      </symbol>
      <symbol id="sm-4a1">
         <name>__aeabi_fcmplt</name>
         <value>0x4ddd</value>
         <object_component_ref idref="oc-a7"/>
      </symbol>
      <symbol id="sm-4a2">
         <name>__aeabi_fcmple</name>
         <value>0x4df1</value>
         <object_component_ref idref="oc-a7"/>
      </symbol>
      <symbol id="sm-4a3">
         <name>__aeabi_fcmpge</name>
         <value>0x4e05</value>
         <object_component_ref idref="oc-a7"/>
      </symbol>
      <symbol id="sm-4a4">
         <name>__aeabi_fcmpgt</name>
         <value>0x4e19</value>
         <object_component_ref idref="oc-a7"/>
      </symbol>
      <symbol id="sm-4aa">
         <name>__aeabi_idiv</name>
         <value>0x5161</value>
         <object_component_ref idref="oc-27b"/>
      </symbol>
      <symbol id="sm-4ab">
         <name>__aeabi_idivmod</name>
         <value>0x5161</value>
         <object_component_ref idref="oc-27b"/>
      </symbol>
      <symbol id="sm-4b1">
         <name>__aeabi_memcpy</name>
         <value>0x5dc5</value>
         <object_component_ref idref="oc-49"/>
      </symbol>
      <symbol id="sm-4b2">
         <name>__aeabi_memcpy4</name>
         <value>0x5dc5</value>
         <object_component_ref idref="oc-49"/>
      </symbol>
      <symbol id="sm-4b3">
         <name>__aeabi_memcpy8</name>
         <value>0x5dc5</value>
         <object_component_ref idref="oc-49"/>
      </symbol>
      <symbol id="sm-4bc">
         <name>__aeabi_memset</name>
         <value>0x5d19</value>
         <object_component_ref idref="oc-1d9"/>
      </symbol>
      <symbol id="sm-4bd">
         <name>__aeabi_memset4</name>
         <value>0x5d19</value>
         <object_component_ref idref="oc-1d9"/>
      </symbol>
      <symbol id="sm-4be">
         <name>__aeabi_memset8</name>
         <value>0x5d19</value>
         <object_component_ref idref="oc-1d9"/>
      </symbol>
      <symbol id="sm-4bf">
         <name>__aeabi_memclr</name>
         <value>0x5d51</value>
         <object_component_ref idref="oc-89"/>
      </symbol>
      <symbol id="sm-4c0">
         <name>__aeabi_memclr4</name>
         <value>0x5d51</value>
         <object_component_ref idref="oc-89"/>
      </symbol>
      <symbol id="sm-4c1">
         <name>__aeabi_memclr8</name>
         <value>0x5d51</value>
         <object_component_ref idref="oc-89"/>
      </symbol>
      <symbol id="sm-4c7">
         <name>__aeabi_uidiv</name>
         <value>0x55a9</value>
         <object_component_ref idref="oc-18d"/>
      </symbol>
      <symbol id="sm-4c8">
         <name>__aeabi_uidivmod</name>
         <value>0x55a9</value>
         <object_component_ref idref="oc-18d"/>
      </symbol>
      <symbol id="sm-4ce">
         <name>__aeabi_uldivmod</name>
         <value>0x5c81</value>
         <object_component_ref idref="oc-1f3"/>
      </symbol>
      <symbol id="sm-4d7">
         <name>__eqsf2</name>
         <value>0x571d</value>
         <object_component_ref idref="oc-f6"/>
      </symbol>
      <symbol id="sm-4d8">
         <name>__lesf2</name>
         <value>0x571d</value>
         <object_component_ref idref="oc-f6"/>
      </symbol>
      <symbol id="sm-4d9">
         <name>__ltsf2</name>
         <value>0x571d</value>
         <object_component_ref idref="oc-f6"/>
      </symbol>
      <symbol id="sm-4da">
         <name>__nesf2</name>
         <value>0x571d</value>
         <object_component_ref idref="oc-f6"/>
      </symbol>
      <symbol id="sm-4db">
         <name>__cmpsf2</name>
         <value>0x571d</value>
         <object_component_ref idref="oc-f6"/>
      </symbol>
      <symbol id="sm-4dc">
         <name>__gtsf2</name>
         <value>0x56a5</value>
         <object_component_ref idref="oc-fb"/>
      </symbol>
      <symbol id="sm-4dd">
         <name>__gesf2</name>
         <value>0x56a5</value>
         <object_component_ref idref="oc-fb"/>
      </symbol>
      <symbol id="sm-4e3">
         <name>__udivmoddi4</name>
         <value>0x4181</value>
         <object_component_ref idref="oc-227"/>
      </symbol>
      <symbol id="sm-4e9">
         <name>__aeabi_llsl</name>
         <value>0x5b91</value>
         <object_component_ref idref="oc-26f"/>
      </symbol>
      <symbol id="sm-4ea">
         <name>__ashldi3</name>
         <value>0x5b91</value>
         <object_component_ref idref="oc-26f"/>
      </symbol>
      <symbol id="sm-4f8">
         <name>__ledf2</name>
         <value>0x4afd</value>
         <object_component_ref idref="oc-249"/>
      </symbol>
      <symbol id="sm-4f9">
         <name>__gedf2</name>
         <value>0x47f9</value>
         <object_component_ref idref="oc-24f"/>
      </symbol>
      <symbol id="sm-4fa">
         <name>__cmpdf2</name>
         <value>0x4afd</value>
         <object_component_ref idref="oc-249"/>
      </symbol>
      <symbol id="sm-4fb">
         <name>__eqdf2</name>
         <value>0x4afd</value>
         <object_component_ref idref="oc-249"/>
      </symbol>
      <symbol id="sm-4fc">
         <name>__ltdf2</name>
         <value>0x4afd</value>
         <object_component_ref idref="oc-249"/>
      </symbol>
      <symbol id="sm-4fd">
         <name>__nedf2</name>
         <value>0x4afd</value>
         <object_component_ref idref="oc-249"/>
      </symbol>
      <symbol id="sm-4fe">
         <name>__gtdf2</name>
         <value>0x47f9</value>
         <object_component_ref idref="oc-24f"/>
      </symbol>
      <symbol id="sm-50b">
         <name>__aeabi_idiv0</name>
         <value>0x468b</value>
         <object_component_ref idref="oc-1c9"/>
      </symbol>
      <symbol id="sm-50c">
         <name>__aeabi_ldiv0</name>
         <value>0x4cff</value>
         <object_component_ref idref="oc-26e"/>
      </symbol>
      <symbol id="sm-51a">
         <name>finddevice</name>
         <value>0x58d5</value>
         <object_component_ref idref="oc-318"/>
      </symbol>
      <symbol id="sm-51b">
         <name>getdevice</name>
         <value>0x4a25</value>
         <object_component_ref idref="oc-30f"/>
      </symbol>
      <symbol id="sm-534">
         <name>memcpy</name>
         <value>0x4223</value>
         <object_component_ref idref="oc-bd"/>
      </symbol>
      <symbol id="sm-543">
         <name>memset</name>
         <value>0x4e2b</value>
         <object_component_ref idref="oc-10a"/>
      </symbol>
      <symbol id="sm-54b">
         <name>strcmp</name>
         <value>0x4581</value>
         <object_component_ref idref="oc-31b"/>
      </symbol>
      <symbol id="sm-54c">
         <name>__TI_static_base__</name>
         <value>0x0</value>
      </symbol>
      <symbol id="sm-550">
         <name>__mpu_init</name>
         <value>0x0</value>
      </symbol>
      <symbol id="sm-551">
         <name>_system_post_cinit</name>
         <value>0x0</value>
      </symbol>
   </symbol_table>
   <title>Link successful</title>
</link_info>
