******************************************************************************
            TI ARM Clang Linker PC v4.0.3                      
******************************************************************************
>> Linked Mon Jul 14 17:49:35 2025

OUTPUT FILE NAME:   <empty_LP_MSPM0G3507_nortos_ticlang.out>
ENTRY POINT SYMBOL: "_c_int00_noargs"  address: 00006665


MEMORY CONFIGURATION

         name            origin    length      used     unused   attr    fill
----------------------  --------  ---------  --------  --------  ----  --------
  FLASH                 00000000   00020000  00007930  000186d0  R  X
  SRAM                  20200000   00008000  00001445  00006bbb  RW X
  BCR_CONFIG            41c00000   000000ff  00000000  000000ff  R   
  BSL_CONFIG            41c00100   00000080  00000000  00000080  R   


SEGMENT ALLOCATION MAP

run origin  load origin   length   init length attrs members
----------  ----------- ---------- ----------- ----- -------
00000000    00000000    00007930   00007930    r-x
  00000000    00000000    000000c0   000000c0    r-- .intvecs
  000000c0    000000c0    00006920   00006920    r-x .text
  000069e0    000069e0    00000eb0   00000eb0    r-- .rodata
  00007890    00007890    000000a0   000000a0    r-- .cinit
20200000    20200000    00001249   00000000    rw-
  20200000    20200000    00000824   00000000    rw- .bss
  20200828    20200828    00000800   00000000    rw- .sysmem
  20201028    20201028    00000221   00000000    rw- .data
20207e00    20207e00    00000200   00000000    rw-
  20207e00    20207e00    00000200   00000000    rw- .stack


SECTION ALLOCATION MAP

 output                                  attributes/
section   page    origin      length       input sections
--------  ----  ----------  ----------   ----------------
.intvecs   0    00000000    000000c0     
                  00000000    000000c0     startup_mspm0g350x_ticlang.o (.intvecs)

.text      0    000000c0    00006920     
                  000000c0    00000a8c     oled.o (.text.OLED_Init)
                  00000b4c    000009d0     libc.a : _printfi.c.obj (.text:__TI_printfi)
                  0000151c    000008bc     mpu6050.o (.text.MPU6050_ReadData)
                  00001dd8    00000658     mpu6050.o (.text.MPU6050_WriteReg)
                  00002430    000002b0     inv_mpu_dmp_motion_driver.o (.text.dmp_enable_feature)
                  000026e0    00000244     track.o (.text.xunji)
                  00002924    00000220     libc.a : _printfi.c.obj (.text._pconv_a)
                  00002b44    000001e8     inv_mpu.o (.text.mpu_lp_accel_mode)
                  00002d2c    000001dc     libc.a : _printfi.c.obj (.text._pconv_g)
                  00002f08    00000192     libclang_rt.builtins.a : adddf3.S.obj (.text.adddf3_subdf3)
                  0000309a    00000002     startup_mspm0g350x_ticlang.o (.text.Default_Handler)
                  0000309c    00000158     inv_mpu.o (.text.mpu_init)
                  000031f4    00000150     inv_mpu.o (.text.mpu_reset_fifo)
                  00003344    00000148     inv_mpu.o (.text.mpu_load_firmware)
                  0000348c    0000013c     libc.a : _printfi.c.obj (.text.fcvt)
                  000035c8    00000134     inv_mpu_dmp_motion_driver.o (.text.dmp_set_tap_thresh)
                  000036fc    00000130     mpu6050.o (.text.MPU6050_Init)
                  0000382c    00000120     libc.a : _printfi.c.obj (.text._pconv_e)
                  0000394c    00000114            : memory.c.obj (.text.aligned_alloc)
                  00003a60    0000010c     libclang_rt.builtins.a : divdf3.S.obj (.text.__divdf3)
                  00003b6c    00000104     driverlib.a : dl_timer.o (.text.DL_Timer_initFourCCPWMMode)
                  00003c70    000000f8     libc.a : fputs.c.obj (.text.fputs)
                  00003d68    000000f8     inv_mpu.o (.text.mpu_set_bypass)
                  00003e60    000000ec     inv_mpu_dmp_motion_driver.o (.text.dmp_set_orientation)
                  00003f4c    000000e8     driverlib.a : dl_timer.o (.text.DL_Timer_initTimerMode)
                  00004034    000000e8     libc.a : memory.c.obj (.text.free)
                  0000411c    000000e8     inv_mpu.o (.text.mpu_dmp_init)
                  00004204    000000e4     libclang_rt.builtins.a : muldf3.S.obj (.text.__muldf3)
                  000042e8    000000e4     inv_mpu.o (.text.mpu_set_sample_rate)
                  000043cc    000000e0     libc.a : setvbuf.c.obj (.text.setvbuf)
                  000044ac    000000dc     driverlib.a : dl_sysctl_mspm0g1x0x_g3x0x.o (.text.DL_SYSCTL_configSYSPLL)
                  00004588    000000dc     inv_mpu.o (.text.mpu_set_sensors)
                  00004664    000000d8     libc.a : s_scalbn.c.obj (.text.scalbn)
                  0000473c    000000d8     libclang_rt.builtins.a : addsf3.S.obj (.text)
                  00004814    000000d4     ti_msp_dl_config.o (.text.SYSCFG_DL_GPIO_init)
                  000048e8    000000d4     main.o (.text.main)
                  000049bc    000000d0     inv_mpu.o (.text.mpu_set_dmp_state)
                  00004a8c    000000bc     inv_mpu.o (.text.inv_orientation_matrix_to_scalar)
                  00004b48    000000ac     PID1.o (.text.PId_calc)
                  00004bf4    000000ac     inv_mpu.o (.text.mpu_configure_fifo)
                  00004ca0    000000a8     motor.o (.text.GROUP1_IRQHandler)
                  00004d48    000000a2     libclang_rt.builtins.a : udivmoddi4.S.obj (.text)
                  00004dea    0000009a     libc.a : memcpy16.S.obj (.text:memcpy)
                  00004e84    00000094     ti_msp_dl_config.o (.text.SYSCFG_DL_PWM_MOTOR_init)
                  00004f18    00000090     main.o (.text.TIMA0_IRQHandler)
                  00004fa8    0000008c     ti_msp_dl_config.o (.text.SYSCFG_DL_UART_0_init)
                  00005034    0000008c     libclang_rt.builtins.a : mulsf3.S.obj (.text.__mulsf3)
                  000050c0    00000088     inv_mpu.o (.text.mpu_set_accel_fsr)
                  00005148    00000008     libc.a : aeabi_portable.c.obj (.text.__aeabi_errno_addr)
                  00005150    00000088            : strcmp-armv6m.S.obj (.text:strcmp)
                  000051d8    00000082     libclang_rt.builtins.a : divsf3.S.obj (.text.__divsf3)
                  0000525a    00000002                            : aeabi_div0.c.obj (.text.__aeabi_idiv0)
                  0000525c    0000007c     libc.a : fclose.c.obj (.text.__TI_closefile)
                  000052d8    0000007c            : copy_decompress_lzss.c.obj (.text:decompress:lzss)
                  00005354    00000074     ti_msp_dl_config.o (.text.SYSCFG_DL_SYSCTL_init)
                  000053c8    00000074     libclang_rt.builtins.a : comparedf2.c.obj (.text.__gedf2)
                  0000543c    00000074     inv_mpu.o (.text.mpu_set_lpf)
                  000054b0    0000006c     libsysbm.a : hostlseek.c.obj (.text.HOSTlseek)
                  0000551c    0000006c                : hostrename.c.obj (.text.HOSTrename)
                  00005588    0000006c     libc.a : fseek.c.obj (.text.fseeko)
                  000055f4    0000006c            : getdevice.c.obj (.text.getdevice)
                  00005660    0000006c     inv_mpu.o (.text.mpu_write_mem)
                  000056cc    00000068     libclang_rt.builtins.a : comparedf2.c.obj (.text.__ledf2)
                  00005734    00000068     inv_mpu_dmp_motion_driver.o (.text.dmp_set_fifo_rate)
                  0000579c    00000068     board.o (.text.lc_printf)
                  00005804    00000066     libc.a : _printfi.c.obj (.text._mcpy)
                  0000586a    00000064            : _io_perm.c.obj (.text.__TI_wrt_ok)
                  000058ce    00000002     libclang_rt.builtins.a : aeabi_div0.c.obj (.text.__aeabi_ldiv0)
                  000058d0    00000064     libc.a : memory.c.obj (.text.split)
                  00005934    00000062     libclang_rt.builtins.a : aeabi_dcmp.S.obj (.text.__aeabi_dcmp)
                  00005996    00000002     libc.a : _lock.c.obj (.text._nop)
                  00005998    00000062     libclang_rt.builtins.a : aeabi_fcmp.S.obj (.text.__aeabi_fcmp)
                  000059fa    00000062     libc.a : memset16.S.obj (.text:memset)
                  00005a5c    00000060     libsysbm.a : hostopen.c.obj (.text.HOSTopen)
                  00005abc    0000005c     libc.a : s_frexp.c.obj (.text.frexp)
                  00005b18    0000005c     track.o (.text.mode_chack)
                  00005b74    0000005c     libc.a : printf.c.obj (.text.printf)
                  00005bd0    00000058     libsysbm.a : hostread.c.obj (.text.HOSTread)
                  00005c28    00000058                : hostwrite.c.obj (.text.HOSTwrite)
                  00005c80    00000058     libc.a : _ltoa.c.obj (.text.__TI_ltoa)
                  00005cd8    00000058            : _printfi.c.obj (.text._pconv_f)
                  00005d30    00000056     libclang_rt.builtins.a : aeabi_idivmod.S.obj (.text.__aeabi_idivmod)
                  00005d86    00000002     --HOLE-- [fill = 0]
                  00005d88    00000054     ti_msp_dl_config.o (.text.SYSCFG_DL_I2C_OLED_init)
                  00005ddc    00000054     ti_msp_dl_config.o (.text.SYSCFG_DL_initPower)
                  00005e30    00000054     motor.o (.text.Set_PWM)
                  00005e84    00000052     libc.a : fflush.c.obj (.text.__TI_doflush)
                  00005ed6    00000052            : _printfi.c.obj (.text._ecpy)
                  00005f28    00000050     ti_msp_dl_config.o (.text.SYSCFG_DL_TIMER_0_init)
                  00005f78    00000050     libsysbm.a : close.c.obj (.text.close)
                  00005fc8    0000004a     libclang_rt.builtins.a : fixdfsi.S.obj (.text.__fixdfsi)
                  00006012    00000002     --HOLE-- [fill = 0]
                  00006014    00000048     driverlib.a : dl_uart.o (.text.DL_UART_init)
                  0000605c    00000048     libsysbm.a : hostclose.c.obj (.text.HOSTclose)
                  000060a4    00000048                : hostunlink.c.obj (.text.HOSTunlink)
                  000060ec    00000048     track.o (.text.updata)
                  00006134    00000044     driverlib.a : dl_sysctl_mspm0g1x0x_g3x0x.o (.text.DL_SYSCTL_switchMCLKfromSYSOSCtoHSCLK)
                  00006178    00000040     libclang_rt.builtins.a : aeabi_uidivmod.S.obj (.text.__aeabi_uidivmod)
                  000061b8    00000040     libc.a : atoi.c.obj (.text.atoi)
                  000061f8    00000040            : vsnprintf.c.obj (.text.vsnprintf)
                  00006238    0000003c     libclang_rt.builtins.a : floatsisf.S.obj (.text.__floatsisf)
                  00006274    0000003c                            : comparesf2.S.obj (.text.__gtsf2)
                  000062b0    0000003c     libc.a : autoinit.c.obj (.text:__TI_auto_init_nobinit_nopinit)
                  000062ec    0000003a     libclang_rt.builtins.a : comparesf2.S.obj (.text.__eqsf2)
                  00006326    00000002     --HOLE-- [fill = 0]
                  00006328    0000003a                            : muldsi3.S.obj (.text.__muldsi3)
                  00006362    00000002     --HOLE-- [fill = 0]
                  00006364    00000038     ti_msp_dl_config.o (.text.SYSCFG_DL_init)
                  0000639c    00000038     libclang_rt.builtins.a : fixsfsi.S.obj (.text.__fixsfsi)
                  000063d4    00000034     libc.a : fopen.c.obj (.text.__TI_cleanup)
                  00006408    00000034     libsysbm.a : trgmsg.c.obj (.text.__TI_readmsg)
                  0000643c    00000034                : trgmsg.c.obj (.text.__TI_writemsg)
                  00006470    00000034     libc.a : exit.c.obj (.text.exit)
                  000064a4    00000034            : getdevice.c.obj (.text.finddevice)
                  000064d8    00000034     inv_mpu.o (.text.mpu_get_accel_fsr)
                  0000650c    00000030     libc.a : _printfi.c.obj (.text._fcpy)
                  0000653c    00000030            : vsnprintf.c.obj (.text._outs)
                  0000656c    0000002c     libclang_rt.builtins.a : floatsidf.S.obj (.text.__floatsidf)
                  00006598    0000002c     libsysbm.a : unlink.c.obj (.text.unlink)
                  000065c4    00000028     libclang_rt.builtins.a : floatunsisf.S.obj (.text.__floatunsisf)
                  000065ec    00000028     libc.a : memory.c.obj (.text.free_list_insert)
                  00006614    00000028     libsysbm.a : lseek.c.obj (.text.lseek)
                  0000663c    00000028                : write.c.obj (.text.write)
                  00006664    00000028     libc.a : boot_cortex_m.c.obj (.text:_c_int00_noargs)
                  0000668c    00000026     driverlib.a : dl_i2c.o (.text.DL_I2C_setClockConfig)
                  000066b2    00000002     --HOLE-- [fill = 0]
                  000066b4    00000024     libclang_rt.builtins.a : muldi3.S.obj (.text.__muldi3)
                  000066d8    00000024     libc.a : fputs.c.obj (.text.puts)
                  000066fc    00000022            : memccpy.c.obj (.text.memccpy)
                  0000671e    00000002     --HOLE-- [fill = 0]
                  00006720    00000020     motor.o (.text.encoder_update)
                  00006740    00000020     board.o (.text.fputc)
                  00006760    0000001e     libclang_rt.builtins.a : ashldi3.S.obj (.text.__ashldi3)
                  0000677e    00000002     --HOLE-- [fill = 0]
                  00006780    0000001c     driverlib.a : dl_timer.o (.text.DL_Timer_setCaptCompUpdateMethod)
                  0000679c    0000001c                 : dl_timer.o (.text.DL_Timer_setClockConfig)
                  000067b8    0000001c     inv_mpu_dmp_motion_driver.o (.text.dmp_load_motion_driver_firmware)
                  000067d4    0000001c     libc.a : memory.c.obj (.text.free_list_remove)
                  000067f0    00000018     driverlib.a : dl_timer.o (.text.DL_Timer_setCaptureCompareOutCtl)
                  00006808    00000018     libc.a : vsnprintf.c.obj (.text._outc)
                  00006820    00000018     uart.o (.text.uart_Init)
                  00006838    00000014     libclang_rt.builtins.a : aeabi_uldivmod.S.obj (.text.__aeabi_uldivmod)
                  0000684c    00000014     motor.o (.text.encoder_init)
                  00006860    00000014     libc.a : _printfi.c.obj (.text.strchr)
                  00006874    00000012     driverlib.a : dl_uart.o (.text.DL_UART_setClockConfig)
                  00006886    00000012     libc.a : copy_decompress_none.c.obj (.text:decompress:none)
                  00006898    00000010     driverlib.a : dl_timer.o (.text.DL_Timer_setCaptureCompareValue)
                  000068a8    00000010     board.o (.text.delay_ms)
                  000068b8    00000010     libc.a : wcslen.c.obj (.text.wcslen)
                  000068c8    00000010            : copy_zero_init.c.obj (.text:decompress:ZI)
                  000068d8    0000000e            : memory.c.obj (.text.OUTLINED_FUNCTION_0)
                  000068e6    0000000e     PID1.o (.text.PId_Init)
                  000068f4    0000000e     libclang_rt.builtins.a : aeabi_memset.S.obj (.text.__aeabi_memset)
                  00006902    0000000e     libsysbm.a : hostrename.c.obj (.text.strcpy)
                  00006910    0000000e     libc.a : _printfi.c.obj (.text.strlen)
                  0000691e    0000000e     libsysbm.a : hostrename.c.obj (.text.strlen)
                  0000692c    0000000c     libclang_rt.builtins.a : aeabi_memset.S.obj (.text.__aeabi_memclr)
                  00006938    0000000c     board.o (.text.delay_us)
                  00006944    0000000c     motor.o (.text.get_encoder_countL)
                  00006950    0000000c     motor.o (.text.get_encoder_countR)
                  0000695c    0000000c     libc.a : memory.c.obj (.text.malloc)
                  00006968    0000000a     driverlib.a : dl_common.o (.text.DL_Common_delayCycles)
                  00006972    0000000a     libc.a : _printfi.c.obj (.text.OUTLINED_FUNCTION_0)
                  0000697c    00000010     libclang_rt.builtins.a : adddf3.S.obj (.tramp.__aeabi_dsub.1)
                  0000698c    0000000a     libc.a : _printfi.c.obj (.text.OUTLINED_FUNCTION_1)
                  00006996    00000002     --HOLE-- [fill = 0]
                  00006998    00000008     libclang_rt.builtins.a : aeabi_memcpy.S.obj (.text.__aeabi_memcpy)
                  000069a0    00000008     libc.a : printf.c.obj (.text._outc)
                  000069a8    00000008            : printf.c.obj (.text._outs)
                  000069b0    00000008            : fseek.c.obj (.text.fseek)
                  000069b8    00000008     libsysbm.a : remove.c.obj (.text.remove)
                  000069c0    00000006     libc.a : exit.c.obj (.text:abort)
                  000069c6    00000004     libsysbm.a : hostexit.c.obj (.text.HOSTexit)
                  000069ca    00000004     startup_mspm0g350x_ticlang.o (.text.Reset_Handler)
                  000069ce    00000004     libc.a : pre_init.c.obj (.text._system_pre_init)
                  000069d2    0000000e     --HOLE-- [fill = 0]

.cinit     0    00007890    000000a0     
                  00007890    0000007a     (.cinit..data.load) [load image, compression = lzss]
                  0000790a    00000002     --HOLE-- [fill = 0]
                  0000790c    0000000c     (__TI_handler_table)
                  00007918    00000008     (.cinit..bss.load) [load image, compression = zero_init]
                  00007920    00000010     (__TI_cinit_table)

.rodata    0    000069e0    00000eb0     
                  000069e0    00000bf6     inv_mpu_dmp_motion_driver.o (.rodata.dmp_memory)
                  000075d6    0000000a     ti_msp_dl_config.o (.rodata.gUART_0Config)
                  000075e0    00000101     libc.a : aeabi_ctype.S.obj (.rodata:__aeabi_ctype_table_)
                  000076e1    0000004c     inv_mpu.o (.rodata.str1.8692541638590777450.1)
                  0000772d    00000003     inv_mpu_dmp_motion_driver.o (.rodata..L__const.dmp_set_orientation.accel_axes)
                  00007730    00000028     ti_msp_dl_config.o (.rodata.gSYSPLLConfig)
                  00007758    00000028     inv_mpu.o (.rodata.test)
                  00007780    00000026     mpu6050.o (.rodata.str1.16989710795421584209.1)
                  000077a6    00000026     inv_mpu.o (.rodata.str1.6385159555456066691.1)
                  000077cc    0000001d     inv_mpu.o (.rodata.str1.7250790916905202439.1)
                  000077e9    0000001b     inv_mpu.o (.rodata.reg)
                  00007804    00000014     ti_msp_dl_config.o (.rodata.gTIMER_0TimerConfig)
                  00007818    00000012     mpu6050.o (.rodata.str1.6998779982499931191.1)
                  0000782a    00000011     libc.a : _printfi.c.obj (.rodata.str1.10348868589481759720.1)
                  0000783b    00000011            : _printfi.c.obj (.rodata.str1.15363888844622738466.1)
                  0000784c    0000000c     inv_mpu.o (.rodata.hw)
                  00007858    0000000c     main.o (.rodata.str1.8154729771448623357.1)
                  00007864    00000009     mpu6050.o (.rodata.str1.3716612088561890159.1)
                  0000786d    00000003     inv_mpu_dmp_motion_driver.o (.rodata..L__const.dmp_set_orientation.gyro_axes)
                  00007870    00000008     ti_msp_dl_config.o (.rodata.gPWM_MOTORConfig)
                  00007878    00000008     main.o (.rodata.str1.15159059442110792349.1)
                  00007880    00000003     ti_msp_dl_config.o (.rodata.gPWM_MOTORClockConfig)
                  00007883    00000003     ti_msp_dl_config.o (.rodata.gTIMER_0ClockConfig)
                  00007886    00000002     ti_msp_dl_config.o (.rodata.gI2C_OLEDClockConfig)
                  00007888    00000002     ti_msp_dl_config.o (.rodata.gUART_0ClockConfig)
                  0000788a    00000002     libc.a : fputs.c.obj (.rodata.str1.16607721268415185390.1)
                  0000788c    00000004     --HOLE-- [fill = 0]

.init_array 
*          0    00000000    00000000     UNINITIALIZED

.binit     0    00000000    00000000     

.bss       0    20200000    00000824     UNINITIALIZED
                  20200000    00000480     (.common:OLED_GRAM)
                  20200480    00000120     libsysbm.a : trgmsg.c.obj (.bss:_CIOBUF_)
                  202005a0    000000bc     (.common:gTIMER_0Backup)
                  2020065c    000000a0     libc.a : defs.c.obj (.bss.__TI_tmpnams)
                  202006fc    000000a0     (.common:gPWM_MOTORBackup)
                  2020079c    00000024     (.common:L)
                  202007c0    00000024     (.common:R)
                  202007e4    00000004            : memory.c.obj (.bss.sys_free)
                  202007e8    00000018     motor.o (.bss.motor_encoder)
                  20200800    00000014     (.common:data)
                  20200814    00000008     libsysbm.a : hostopen.c.obj (.bss.parmbuf)
                  2020081c    00000004     (.common:PWMA)
                  20200820    00000004     (.common:PWMB)

.sysmem    0    20200828    00000800     UNINITIALIZED
                  20200828    00000010     libc.a : memory.c.obj (.sysmem)
                  20200838    000007f0     --HOLE--

.data      0    20201028    00000221     UNINITIALIZED
                  20201028    000000f0     libc.a : defs.c.obj (.data._ftable)
                  20201118    00000078     libsysbm.a : host_device.c.obj (.data._device)
                  20201190    00000050                : host_device.c.obj (.data._stream)
                  202011e0    0000002c     inv_mpu.o (.data.st)
                  2020120c    00000009     inv_mpu.o (.data.gyro_orientation)
                  20201215    00000001     --HOLE--
                  20201216    00000001     inv_mpu_dmp_motion_driver.o (.data.dmp.5)
                  20201217    00000001     --HOLE--
                  20201218    00000008     libc.a : exit.c.obj (.data..L_MergedGlobals)
                  20201220    00000004            : defs.c.obj (.data.__TI_ft_end)
                  20201224    00000004            : aeabi_portable.c.obj (.data.__aeabi_errno)
                  20201228    00000004            : _lock.c.obj (.data._lock)
                  2020122c    00000004            : _lock.c.obj (.data._unlock)
                  20201230    00000004     track.o (.data.cflag)
                  20201234    00000004     main.o (.data.cnt)
                  20201238    00000004     main.o (.data.motor_mode)
                  2020123c    00000002     inv_mpu_dmp_motion_driver.o (.data.dmp.2)
                  2020123e    00000002     --HOLE--
                  20201240    00000002     inv_mpu_dmp_motion_driver.o (.data.dmp.3)
                  20201242    00000002     --HOLE--
                  20201244    00000002     inv_mpu_dmp_motion_driver.o (.data.dmp.4)
                  20201246    00000002     --HOLE--
                  20201248    00000001     libc.a : memory.c.obj (.data.memory_is_initialized)

.stack     0    20207e00    00000200     UNINITIALIZED
                  20207e00    00000004     libc.a : boot_cortex_m.c.obj (.stack)
                  20207e04    000001fc     --HOLE--

__llvm_prf_cnts 
*          0    20200000    00000000     UNINITIALIZED

__llvm_prf_bits 
*          0    20200000    00000000     UNINITIALIZED

MODULE SUMMARY

       Module                         code    ro data   rw data
       ------                         ----    -------   -------
    .\
       ti_msp_dl_config.o             920     88        348    
       main.o                         356     20        16     
       startup_mspm0g350x_ticlang.o   6       192       0      
    +--+------------------------------+-------+---------+---------+
       Total:                         1282    300       364    
                                                               
    .\Board\
       board.o                        164     0         0      
    +--+------------------------------+-------+---------+---------+
       Total:                         164     0         0      
                                                               
    .\MOTOR\
       motor.o                        328     0         24     
    +--+------------------------------+-------+---------+---------+
       Total:                         328     0         24     
                                                               
    .\MPU6050\
       inv_mpu_dmp_motion_driver.o    1364    3068      7      
       mpu6050.o                      4164    65        0      
       inv_mpu.o                      3404    222       53     
    +--+------------------------------+-------+---------+---------+
       Total:                         8932    3355      60     
                                                               
    .\OLED\
       oled.o                         2700    0         1152   
    +--+------------------------------+-------+---------+---------+
       Total:                         2700    0         1152   
                                                               
    .\PID\
       PID1.o                         186     0         72     
    +--+------------------------------+-------+---------+---------+
       Total:                         186     0         72     
                                                               
    .\UART\
       uart.o                         24      0         0      
    +--+------------------------------+-------+---------+---------+
       Total:                         24      0         0      
                                                               
    .\tarck\
       track.o                        744     0         24     
    +--+------------------------------+-------+---------+---------+
       Total:                         744     0         24     
                                                               
    C:/ti/mspm0_sdk_2_05_01_00/source/ti/driverlib/lib/ticlang/m0p/mspm0g1x0x_g3x0x/driverlib.a
       dl_timer.o                     588     0         0      
       dl_sysctl_mspm0g1x0x_g3x0x.o   288     0         0      
       dl_uart.o                      90      0         0      
       dl_i2c.o                       38      0         0      
       dl_common.o                    10      0         0      
    +--+------------------------------+-------+---------+---------+
       Total:                         1014    0         0      
                                                               
    F:\ti\ccs2020\ccs\tools\compiler\ti-cgt-armllvm_4.0.3.LTS\lib\armv6m-ti-none-eabi/c/libc.a
       _printfi.c.obj                 4510    34        0      
       memory.c.obj                   702     0         5      
       defs.c.obj                     0       0         404    
       fputs.c.obj                    284     2         0      
       aeabi_ctype.S.obj              0       257       0      
       setvbuf.c.obj                  224     0         0      
       s_scalbn.c.obj                 216     0         0      
       getdevice.c.obj                160     0         0      
       memcpy16.S.obj                 154     0         0      
       strcmp-armv6m.S.obj            136     0         0      
       vsnprintf.c.obj                136     0         0      
       copy_decompress_lzss.c.obj     124     0         0      
       fclose.c.obj                   124     0         0      
       fseek.c.obj                    116     0         0      
       printf.c.obj                   108     0         0      
       _io_perm.c.obj                 100     0         0      
       memset16.S.obj                 98      0         0      
       s_frexp.c.obj                  92      0         0      
       _ltoa.c.obj                    88      0         0      
       fflush.c.obj                   82      0         0      
       exit.c.obj                     58      0         8      
       atoi.c.obj                     64      0         0      
       autoinit.c.obj                 60      0         0      
       fopen.c.obj                    52      0         0      
       boot_cortex_m.c.obj            40      0         0      
       memccpy.c.obj                  34      0         0      
       copy_decompress_none.c.obj     18      0         0      
       copy_zero_init.c.obj           16      0         0      
       wcslen.c.obj                   16      0         0      
       aeabi_portable.c.obj           8       0         4      
       _lock.c.obj                    2       0         8      
       pre_init.c.obj                 4       0         0      
    +--+------------------------------+-------+---------+---------+
       Total:                         7826    293       429    
                                                               
    F:\ti\ccs2020\ccs\tools\compiler\ti-cgt-armllvm_4.0.3.LTS\lib\armv6m-ti-none-eabi/c/libsysbm.a
       trgmsg.c.obj                   104     0         288    
       host_device.c.obj              0       0         200    
       hostrename.c.obj               136     0         0      
       hostlseek.c.obj                108     0         0      
       hostopen.c.obj                 96      0         8      
       hostread.c.obj                 88      0         0      
       hostwrite.c.obj                88      0         0      
       close.c.obj                    80      0         0      
       hostclose.c.obj                72      0         0      
       hostunlink.c.obj               72      0         0      
       unlink.c.obj                   44      0         0      
       lseek.c.obj                    40      0         0      
       write.c.obj                    40      0         0      
       remove.c.obj                   8       0         0      
       hostexit.c.obj                 4       0         0      
    +--+------------------------------+-------+---------+---------+
       Total:                         980     0         496    
                                                               
    F:\ti\ccs2020\ccs\tools\compiler\ti-cgt-armllvm_4.0.3.LTS\lib\armv6m-ti-none-eabi/libclang_rt.builtins.a
       adddf3.S.obj                   418     0         0      
       divdf3.S.obj                   268     0         0      
       muldf3.S.obj                   228     0         0      
       comparedf2.c.obj               220     0         0      
       addsf3.S.obj                   216     0         0      
       udivmoddi4.S.obj               162     0         0      
       mulsf3.S.obj                   140     0         0      
       divsf3.S.obj                   130     0         0      
       comparesf2.S.obj               118     0         0      
       aeabi_dcmp.S.obj               98      0         0      
       aeabi_fcmp.S.obj               98      0         0      
       aeabi_idivmod.S.obj            86      0         0      
       fixdfsi.S.obj                  74      0         0      
       aeabi_uidivmod.S.obj           64      0         0      
       floatsisf.S.obj                60      0         0      
       muldsi3.S.obj                  58      0         0      
       fixsfsi.S.obj                  56      0         0      
       floatsidf.S.obj                44      0         0      
       floatunsisf.S.obj              40      0         0      
       muldi3.S.obj                   36      0         0      
       ashldi3.S.obj                  30      0         0      
       aeabi_memset.S.obj             26      0         0      
       aeabi_uldivmod.S.obj           20      0         0      
       aeabi_memcpy.S.obj             8       0         0      
       aeabi_div0.c.obj               4       0         0      
    +--+------------------------------+-------+---------+---------+
       Total:                         2702    0         0      
                                                               
       Heap:                          0       0         2048   
       Stack:                         0       0         512    
       Linker Generated:              0       158       0      
    +--+------------------------------+-------+---------+---------+
       Grand Total:                   26882   4106      5181   


LINKER GENERATED COPY TABLES

__TI_cinit_table @ 00007920 records: 2, size/record: 8, table size: 16
	.data: load addr=00007890, load size=0000007a bytes, run addr=20201028, run size=00000221 bytes, compression=lzss
	.bss: load addr=00007918, load size=00000008 bytes, run addr=20200000, run size=00000824 bytes, compression=zero_init


LINKER GENERATED HANDLER TABLE

__TI_handler_table @ 0000790c records: 3, size/record: 4, table size: 12
	index: 0, handler: __TI_decompress_lzss
	index: 1, handler: __TI_decompress_none
	index: 2, handler: __TI_zero_init


FAR CALL TRAMPOLINES

callee name               trampoline name
   callee addr  tramp addr   call addr  call info
--------------  -----------  ---------  ----------------
__aeabi_dsub              $Tramp$TT$L$PI$$__aeabi_dsub
   00002f09     0000697c     0000697a   libc.a : _printfi.c.obj (.text.OUTLINED_FUNCTION_0)

[1 trampolines]
[1 trampoline calls]


GLOBAL SYMBOLS: SORTED ALPHABETICALLY BY Name 

address   name                                 
-------   ----                                 
0000309b  ADC0_IRQHandler                      
0000309b  ADC1_IRQHandler                      
0000309b  AES_IRQHandler                       
000069c6  C$$EXIT                              
00006469  C$$IO$$                              
0000309b  CANFD0_IRQHandler                    
0000309b  DAC0_IRQHandler                      
00006969  DL_Common_delayCycles                
0000668d  DL_I2C_setClockConfig                
000044ad  DL_SYSCTL_configSYSPLL               
00006135  DL_SYSCTL_switchMCLKfromSYSOSCtoHSCLK
00003b6d  DL_Timer_initFourCCPWMMode           
00003f4d  DL_Timer_initTimerMode               
00006781  DL_Timer_setCaptCompUpdateMethod     
000067f1  DL_Timer_setCaptureCompareOutCtl     
00006899  DL_Timer_setCaptureCompareValue      
0000679d  DL_Timer_setClockConfig              
00006015  DL_UART_init                         
00006875  DL_UART_setClockConfig               
0000309b  DMA_IRQHandler                       
0000309b  Default_Handler                      
0000309b  GROUP0_IRQHandler                    
00004ca1  GROUP1_IRQHandler                    
0000605d  HOSTclose                            
000069c7  HOSTexit                             
000054b1  HOSTlseek                            
00005a5d  HOSTopen                             
00005bd1  HOSTread                             
0000551d  HOSTrename                           
000060a5  HOSTunlink                           
00005c29  HOSTwrite                            
0000309b  HardFault_Handler                    
0000309b  I2C0_IRQHandler                      
0000309b  I2C1_IRQHandler                      
2020079c  L                                    
000036fd  MPU6050_Init                         
0000151d  MPU6050_ReadData                     
00001dd9  MPU6050_WriteReg                     
0000309b  NMI_Handler                          
20200000  OLED_GRAM                            
000000c1  OLED_Init                            
000068e7  PId_Init                             
00004b49  PId_calc                             
2020081c  PWMA                                 
20200820  PWMB                                 
0000309b  PendSV_Handler                       
202007c0  R                                    
0000309b  RTC_IRQHandler                       
000069cb  Reset_Handler                        
0000309b  SPI0_IRQHandler                      
0000309b  SPI1_IRQHandler                      
0000309b  SVC_Handler                          
00004815  SYSCFG_DL_GPIO_init                  
00005d89  SYSCFG_DL_I2C_OLED_init              
00004e85  SYSCFG_DL_PWM_MOTOR_init             
00005355  SYSCFG_DL_SYSCTL_init                
00005f29  SYSCFG_DL_TIMER_0_init               
00004fa9  SYSCFG_DL_UART_0_init                
00006365  SYSCFG_DL_init                       
00005ddd  SYSCFG_DL_initPower                  
00005e31  Set_PWM                              
0000309b  SysTick_Handler                      
00004f19  TIMA0_IRQHandler                     
0000309b  TIMA1_IRQHandler                     
0000309b  TIMG0_IRQHandler                     
0000309b  TIMG12_IRQHandler                    
0000309b  TIMG6_IRQHandler                     
0000309b  TIMG7_IRQHandler                     
0000309b  TIMG8_IRQHandler                     
0000309b  UART0_IRQHandler                     
0000309b  UART1_IRQHandler                     
0000309b  UART2_IRQHandler                     
0000309b  UART3_IRQHandler                     
20200480  _CIOBUF_                             
20200480  __CIOBUF_                            
20208000  __STACK_END                          
00000200  __STACK_SIZE                         
00000800  __SYSMEM_SIZE                        
00000000  __TI_ATRegion0_region_sz             
00000000  __TI_ATRegion0_src_addr              
00000000  __TI_ATRegion0_trg_addr              
00000000  __TI_ATRegion1_region_sz             
00000000  __TI_ATRegion1_src_addr              
00000000  __TI_ATRegion1_trg_addr              
00000000  __TI_ATRegion2_region_sz             
00000000  __TI_ATRegion2_src_addr              
00000000  __TI_ATRegion2_trg_addr              
00007920  __TI_CINIT_Base                      
00007930  __TI_CINIT_Limit                     
00007930  __TI_CINIT_Warm                      
0000790c  __TI_Handler_Table_Base              
00007918  __TI_Handler_Table_Limit             
000062b1  __TI_auto_init_nobinit_nopinit       
000063d5  __TI_cleanup                         
20201218  __TI_cleanup_ptr                     
0000525d  __TI_closefile                       
000052d9  __TI_decompress_lzss                 
00006887  __TI_decompress_none                 
00005e85  __TI_doflush                         
2020121c  __TI_dtors_ptr                       
20201220  __TI_ft_end                          
00005c81  __TI_ltoa                            
ffffffff  __TI_pprof_out_hndl                  
00000b4d  __TI_printfi                         
ffffffff  __TI_prof_data_size                  
ffffffff  __TI_prof_data_start                 
00006409  __TI_readmsg                         
00000000  __TI_static_base__                   
2020065c  __TI_tmpnams                         
0000643d  __TI_writemsg                        
0000586b  __TI_wrt_ok                          
000068c9  __TI_zero_init                       
00002f13  __adddf3                             
00004747  __addsf3                             
000075e0  __aeabi_ctype_table_                 
000075e0  __aeabi_ctype_table_C                
00005fc9  __aeabi_d2iz                         
00002f13  __aeabi_dadd                         
00005935  __aeabi_dcmpeq                       
00005971  __aeabi_dcmpge                       
00005985  __aeabi_dcmpgt                       
0000595d  __aeabi_dcmple                       
00005949  __aeabi_dcmplt                       
00003a61  __aeabi_ddiv                         
00004205  __aeabi_dmul                         
00002f09  __aeabi_dsub                         
20201224  __aeabi_errno                        
00005149  __aeabi_errno_addr                   
0000639d  __aeabi_f2iz                         
00004747  __aeabi_fadd                         
00005999  __aeabi_fcmpeq                       
000059d5  __aeabi_fcmpge                       
000059e9  __aeabi_fcmpgt                       
000059c1  __aeabi_fcmple                       
000059ad  __aeabi_fcmplt                       
000051d9  __aeabi_fdiv                         
00005035  __aeabi_fmul                         
0000473d  __aeabi_fsub                         
0000656d  __aeabi_i2d                          
00006239  __aeabi_i2f                          
00005d31  __aeabi_idiv                         
0000525b  __aeabi_idiv0                        
00005d31  __aeabi_idivmod                      
000058cf  __aeabi_ldiv0                        
00006761  __aeabi_llsl                         
000066b5  __aeabi_lmul                         
0000692d  __aeabi_memclr                       
0000692d  __aeabi_memclr4                      
0000692d  __aeabi_memclr8                      
00006999  __aeabi_memcpy                       
00006999  __aeabi_memcpy4                      
00006999  __aeabi_memcpy8                      
000068f5  __aeabi_memset                       
000068f5  __aeabi_memset4                      
000068f5  __aeabi_memset8                      
000065c5  __aeabi_ui2f                         
00006179  __aeabi_uidiv                        
00006179  __aeabi_uidivmod                     
00006839  __aeabi_uldivmod                     
00006761  __ashldi3                            
ffffffff  __binit__                            
000056cd  __cmpdf2                             
000062ed  __cmpsf2                             
00003a61  __divdf3                             
000051d9  __divsf3                             
000056cd  __eqdf2                              
000062ed  __eqsf2                              
00005fc9  __fixdfsi                            
0000639d  __fixsfsi                            
0000656d  __floatsidf                          
00006239  __floatsisf                          
000065c5  __floatunsisf                        
000053c9  __gedf2                              
00006275  __gesf2                              
000053c9  __gtdf2                              
00006275  __gtsf2                              
000056cd  __ledf2                              
000062ed  __lesf2                              
000056cd  __ltdf2                              
000062ed  __ltsf2                              
UNDEFED   __mpu_init                           
00004205  __muldf3                             
000066b5  __muldi3                             
00006329  __muldsi3                            
00005035  __mulsf3                             
000056cd  __nedf2                              
000062ed  __nesf2                              
20207e00  __stack                              
20200000  __start___llvm_prf_bits              
20200000  __start___llvm_prf_cnts              
20200000  __stop___llvm_prf_bits               
20200000  __stop___llvm_prf_cnts               
00002f09  __subdf3                             
0000473d  __subsf3                             
00004d49  __udivmoddi4                         
00006665  _c_int00_noargs                      
20201118  _device                              
20201028  _ftable                              
20201228  _lock                                
00005997  _nop                                 
20201190  _stream                              
20200828  _sys_memory                          
UNDEFED   _system_post_cinit                   
000069cf  _system_pre_init                     
2020122c  _unlock                              
000069c1  abort                                
0000394d  aligned_alloc                        
000061b9  atoi                                 
ffffffff  binit                                
20201230  cflag                                
00005f79  close                                
20201234  cnt                                  
20200800  data                                 
000068a9  delay_ms                             
00006939  delay_us                             
00002431  dmp_enable_feature                   
000067b9  dmp_load_motion_driver_firmware      
00005735  dmp_set_fifo_rate                    
00003e61  dmp_set_orientation                  
000035c9  dmp_set_tap_thresh                   
0000684d  encoder_init                         
00006721  encoder_update                       
00006471  exit                                 
000064a5  finddevice                           
00006741  fputc                                
00003c71  fputs                                
00004035  free                                 
00005abd  frexp                                
00005abd  frexpl                               
000069b1  fseek                                
00005589  fseeko                               
202006fc  gPWM_MOTORBackup                     
202005a0  gTIMER_0Backup                       
00006945  get_encoder_countL                   
00006951  get_encoder_countR                   
000055f5  getdevice                            
0000784c  hw                                   
00000000  interruptVectors                     
00004a8d  inv_orientation_matrix_to_scalar     
0000579d  lc_printf                            
00004665  ldexp                                
00004665  ldexpl                               
00006615  lseek                                
000048e9  main                                 
0000695d  malloc                               
0000394d  memalign                             
000066fd  memccpy                              
00004deb  memcpy                               
000059fb  memset                               
00005b19  mode_chack                           
20201238  motor_mode                           
00004bf5  mpu_configure_fifo                   
0000411d  mpu_dmp_init                         
000064d9  mpu_get_accel_fsr                    
0000309d  mpu_init                             
00003345  mpu_load_firmware                    
00002b45  mpu_lp_accel_mode                    
000031f5  mpu_reset_fifo                       
000050c1  mpu_set_accel_fsr                    
00003d69  mpu_set_bypass                       
000049bd  mpu_set_dmp_state                    
0000543d  mpu_set_lpf                          
000042e9  mpu_set_sample_rate                  
00004589  mpu_set_sensors                      
00005661  mpu_write_mem                        
20200814  parmbuf                              
00005b75  printf                               
000066d9  puts                                 
000077e9  reg                                  
000069b9  remove                               
00004665  scalbn                               
00004665  scalbnl                              
000043cd  setvbuf                              
00005151  strcmp                               
00007758  test                                 
00006821  uart_Init                            
00006599  unlink                               
000060ed  updata                               
000061f9  vsnprintf                            
000068b9  wcslen                               
0000663d  write                                
000026e1  xunji                                


GLOBAL SYMBOLS: SORTED BY Symbol Address 

address   name                                 
-------   ----                                 
00000000  __TI_ATRegion0_region_sz             
00000000  __TI_ATRegion0_src_addr              
00000000  __TI_ATRegion0_trg_addr              
00000000  __TI_ATRegion1_region_sz             
00000000  __TI_ATRegion1_src_addr              
00000000  __TI_ATRegion1_trg_addr              
00000000  __TI_ATRegion2_region_sz             
00000000  __TI_ATRegion2_src_addr              
00000000  __TI_ATRegion2_trg_addr              
00000000  __TI_static_base__                   
00000000  interruptVectors                     
000000c1  OLED_Init                            
00000200  __STACK_SIZE                         
00000800  __SYSMEM_SIZE                        
00000b4d  __TI_printfi                         
0000151d  MPU6050_ReadData                     
00001dd9  MPU6050_WriteReg                     
00002431  dmp_enable_feature                   
000026e1  xunji                                
00002b45  mpu_lp_accel_mode                    
00002f09  __aeabi_dsub                         
00002f09  __subdf3                             
00002f13  __adddf3                             
00002f13  __aeabi_dadd                         
0000309b  ADC0_IRQHandler                      
0000309b  ADC1_IRQHandler                      
0000309b  AES_IRQHandler                       
0000309b  CANFD0_IRQHandler                    
0000309b  DAC0_IRQHandler                      
0000309b  DMA_IRQHandler                       
0000309b  Default_Handler                      
0000309b  GROUP0_IRQHandler                    
0000309b  HardFault_Handler                    
0000309b  I2C0_IRQHandler                      
0000309b  I2C1_IRQHandler                      
0000309b  NMI_Handler                          
0000309b  PendSV_Handler                       
0000309b  RTC_IRQHandler                       
0000309b  SPI0_IRQHandler                      
0000309b  SPI1_IRQHandler                      
0000309b  SVC_Handler                          
0000309b  SysTick_Handler                      
0000309b  TIMA1_IRQHandler                     
0000309b  TIMG0_IRQHandler                     
0000309b  TIMG12_IRQHandler                    
0000309b  TIMG6_IRQHandler                     
0000309b  TIMG7_IRQHandler                     
0000309b  TIMG8_IRQHandler                     
0000309b  UART0_IRQHandler                     
0000309b  UART1_IRQHandler                     
0000309b  UART2_IRQHandler                     
0000309b  UART3_IRQHandler                     
0000309d  mpu_init                             
000031f5  mpu_reset_fifo                       
00003345  mpu_load_firmware                    
000035c9  dmp_set_tap_thresh                   
000036fd  MPU6050_Init                         
0000394d  aligned_alloc                        
0000394d  memalign                             
00003a61  __aeabi_ddiv                         
00003a61  __divdf3                             
00003b6d  DL_Timer_initFourCCPWMMode           
00003c71  fputs                                
00003d69  mpu_set_bypass                       
00003e61  dmp_set_orientation                  
00003f4d  DL_Timer_initTimerMode               
00004035  free                                 
0000411d  mpu_dmp_init                         
00004205  __aeabi_dmul                         
00004205  __muldf3                             
000042e9  mpu_set_sample_rate                  
000043cd  setvbuf                              
000044ad  DL_SYSCTL_configSYSPLL               
00004589  mpu_set_sensors                      
00004665  ldexp                                
00004665  ldexpl                               
00004665  scalbn                               
00004665  scalbnl                              
0000473d  __aeabi_fsub                         
0000473d  __subsf3                             
00004747  __addsf3                             
00004747  __aeabi_fadd                         
00004815  SYSCFG_DL_GPIO_init                  
000048e9  main                                 
000049bd  mpu_set_dmp_state                    
00004a8d  inv_orientation_matrix_to_scalar     
00004b49  PId_calc                             
00004bf5  mpu_configure_fifo                   
00004ca1  GROUP1_IRQHandler                    
00004d49  __udivmoddi4                         
00004deb  memcpy                               
00004e85  SYSCFG_DL_PWM_MOTOR_init             
00004f19  TIMA0_IRQHandler                     
00004fa9  SYSCFG_DL_UART_0_init                
00005035  __aeabi_fmul                         
00005035  __mulsf3                             
000050c1  mpu_set_accel_fsr                    
00005149  __aeabi_errno_addr                   
00005151  strcmp                               
000051d9  __aeabi_fdiv                         
000051d9  __divsf3                             
0000525b  __aeabi_idiv0                        
0000525d  __TI_closefile                       
000052d9  __TI_decompress_lzss                 
00005355  SYSCFG_DL_SYSCTL_init                
000053c9  __gedf2                              
000053c9  __gtdf2                              
0000543d  mpu_set_lpf                          
000054b1  HOSTlseek                            
0000551d  HOSTrename                           
00005589  fseeko                               
000055f5  getdevice                            
00005661  mpu_write_mem                        
000056cd  __cmpdf2                             
000056cd  __eqdf2                              
000056cd  __ledf2                              
000056cd  __ltdf2                              
000056cd  __nedf2                              
00005735  dmp_set_fifo_rate                    
0000579d  lc_printf                            
0000586b  __TI_wrt_ok                          
000058cf  __aeabi_ldiv0                        
00005935  __aeabi_dcmpeq                       
00005949  __aeabi_dcmplt                       
0000595d  __aeabi_dcmple                       
00005971  __aeabi_dcmpge                       
00005985  __aeabi_dcmpgt                       
00005997  _nop                                 
00005999  __aeabi_fcmpeq                       
000059ad  __aeabi_fcmplt                       
000059c1  __aeabi_fcmple                       
000059d5  __aeabi_fcmpge                       
000059e9  __aeabi_fcmpgt                       
000059fb  memset                               
00005a5d  HOSTopen                             
00005abd  frexp                                
00005abd  frexpl                               
00005b19  mode_chack                           
00005b75  printf                               
00005bd1  HOSTread                             
00005c29  HOSTwrite                            
00005c81  __TI_ltoa                            
00005d31  __aeabi_idiv                         
00005d31  __aeabi_idivmod                      
00005d89  SYSCFG_DL_I2C_OLED_init              
00005ddd  SYSCFG_DL_initPower                  
00005e31  Set_PWM                              
00005e85  __TI_doflush                         
00005f29  SYSCFG_DL_TIMER_0_init               
00005f79  close                                
00005fc9  __aeabi_d2iz                         
00005fc9  __fixdfsi                            
00006015  DL_UART_init                         
0000605d  HOSTclose                            
000060a5  HOSTunlink                           
000060ed  updata                               
00006135  DL_SYSCTL_switchMCLKfromSYSOSCtoHSCLK
00006179  __aeabi_uidiv                        
00006179  __aeabi_uidivmod                     
000061b9  atoi                                 
000061f9  vsnprintf                            
00006239  __aeabi_i2f                          
00006239  __floatsisf                          
00006275  __gesf2                              
00006275  __gtsf2                              
000062b1  __TI_auto_init_nobinit_nopinit       
000062ed  __cmpsf2                             
000062ed  __eqsf2                              
000062ed  __lesf2                              
000062ed  __ltsf2                              
000062ed  __nesf2                              
00006329  __muldsi3                            
00006365  SYSCFG_DL_init                       
0000639d  __aeabi_f2iz                         
0000639d  __fixsfsi                            
000063d5  __TI_cleanup                         
00006409  __TI_readmsg                         
0000643d  __TI_writemsg                        
00006469  C$$IO$$                              
00006471  exit                                 
000064a5  finddevice                           
000064d9  mpu_get_accel_fsr                    
0000656d  __aeabi_i2d                          
0000656d  __floatsidf                          
00006599  unlink                               
000065c5  __aeabi_ui2f                         
000065c5  __floatunsisf                        
00006615  lseek                                
0000663d  write                                
00006665  _c_int00_noargs                      
0000668d  DL_I2C_setClockConfig                
000066b5  __aeabi_lmul                         
000066b5  __muldi3                             
000066d9  puts                                 
000066fd  memccpy                              
00006721  encoder_update                       
00006741  fputc                                
00006761  __aeabi_llsl                         
00006761  __ashldi3                            
00006781  DL_Timer_setCaptCompUpdateMethod     
0000679d  DL_Timer_setClockConfig              
000067b9  dmp_load_motion_driver_firmware      
000067f1  DL_Timer_setCaptureCompareOutCtl     
00006821  uart_Init                            
00006839  __aeabi_uldivmod                     
0000684d  encoder_init                         
00006875  DL_UART_setClockConfig               
00006887  __TI_decompress_none                 
00006899  DL_Timer_setCaptureCompareValue      
000068a9  delay_ms                             
000068b9  wcslen                               
000068c9  __TI_zero_init                       
000068e7  PId_Init                             
000068f5  __aeabi_memset                       
000068f5  __aeabi_memset4                      
000068f5  __aeabi_memset8                      
0000692d  __aeabi_memclr                       
0000692d  __aeabi_memclr4                      
0000692d  __aeabi_memclr8                      
00006939  delay_us                             
00006945  get_encoder_countL                   
00006951  get_encoder_countR                   
0000695d  malloc                               
00006969  DL_Common_delayCycles                
00006999  __aeabi_memcpy                       
00006999  __aeabi_memcpy4                      
00006999  __aeabi_memcpy8                      
000069b1  fseek                                
000069b9  remove                               
000069c1  abort                                
000069c6  C$$EXIT                              
000069c7  HOSTexit                             
000069cb  Reset_Handler                        
000069cf  _system_pre_init                     
000075e0  __aeabi_ctype_table_                 
000075e0  __aeabi_ctype_table_C                
00007758  test                                 
000077e9  reg                                  
0000784c  hw                                   
0000790c  __TI_Handler_Table_Base              
00007918  __TI_Handler_Table_Limit             
00007920  __TI_CINIT_Base                      
00007930  __TI_CINIT_Limit                     
00007930  __TI_CINIT_Warm                      
20200000  OLED_GRAM                            
20200000  __start___llvm_prf_bits              
20200000  __start___llvm_prf_cnts              
20200000  __stop___llvm_prf_bits               
20200000  __stop___llvm_prf_cnts               
20200480  _CIOBUF_                             
20200480  __CIOBUF_                            
202005a0  gTIMER_0Backup                       
2020065c  __TI_tmpnams                         
202006fc  gPWM_MOTORBackup                     
2020079c  L                                    
202007c0  R                                    
20200800  data                                 
20200814  parmbuf                              
2020081c  PWMA                                 
20200820  PWMB                                 
20200828  _sys_memory                          
20201028  _ftable                              
20201118  _device                              
20201190  _stream                              
20201218  __TI_cleanup_ptr                     
2020121c  __TI_dtors_ptr                       
20201220  __TI_ft_end                          
20201224  __aeabi_errno                        
20201228  _lock                                
2020122c  _unlock                              
20201230  cflag                                
20201234  cnt                                  
20201238  motor_mode                           
20207e00  __stack                              
20208000  __STACK_END                          
ffffffff  __TI_pprof_out_hndl                  
ffffffff  __TI_prof_data_size                  
ffffffff  __TI_prof_data_start                 
ffffffff  __binit__                            
ffffffff  binit                                
UNDEFED   __mpu_init                           
UNDEFED   _system_post_cinit                   

[282 symbols]
