<?xml version="1.0" encoding="ISO-8859-1" ?>
<link_info>
   <banner>TI ARM Clang Linker PC v4.0.3.LTS</banner>
   <copyright>Copyright (c) 1996-2018 Texas Instruments Incorporated</copyright>
   <command_line>F:\ti\ccs2020\ccs\tools\compiler\ti-cgt-armllvm_4.0.3.LTS\bin\tiarmlnk -IF:\ti\ccs2020\ccs\tools\compiler\ti-cgt-armllvm_4.0.3.LTS\lib -o empty_LP_MSPM0G3507_nortos_ticlang.out -mempty_LP_MSPM0G3507_nortos_ticlang.map -iC:/ti/mspm0_sdk_2_05_01_00/source -iF:/Tiproject/intcar/intcar/empty_LP_MSPM0G3507_nortos_ticlang -iF:/Tiproject/intcar/intcar/empty_LP_MSPM0G3507_nortos_ticlang/Debug/syscfg -iF:/ti/ccs2020/ccs/tools/compiler/ti-cgt-armllvm_4.0.3.LTS/lib --diag_wrap=off --display_error_number --warn_sections --xml_link_info=empty_LP_MSPM0G3507_nortos_ticlang_linkInfo.xml --rom_model ./ti_msp_dl_config.o ./startup_mspm0g350x_ticlang.o ./main.o ./Board/board.o ./Delay/Delay.o ./Encoder/Encoder.o ./Hardware/hardware.o ./Hardware/sersor.o ./JY61P/JY61P.o ./JY61P/bsp_gyro.o ./MOTOR/motor.o ./OLED/oled.o ./UART/uart.o ./control/control.o -l./device_linker.cmd -ldevice.cmd.genlibs -llibc.a --start-group -llibc++.a -llibc++abi.a -llibc.a -llibsys.a -llibsysbm.a -llibclang_rt.builtins.a -llibclang_rt.profile.a --end-group --cg_opt_level=2</command_line>
   <link_time>0x687cf3c6</link_time>
   <link_errors>0x0</link_errors>
   <output_file>F:\Tiproject\intcar\intcar\empty_LP_MSPM0G3507_nortos_ticlang\Debug\empty_LP_MSPM0G3507_nortos_ticlang.out</output_file>
   <entry_point>
      <name>_c_int00_noargs</name>
      <address>0x4a05</address>
   </entry_point>
   <input_file_list>
      <input_file id="fl-1">
         <path>F:\Tiproject\intcar\intcar\empty_LP_MSPM0G3507_nortos_ticlang\Debug\.\</path>
         <kind>object</kind>
         <file>ti_msp_dl_config.o</file>
         <name>ti_msp_dl_config.o</name>
      </input_file>
      <input_file id="fl-2">
         <path>F:\Tiproject\intcar\intcar\empty_LP_MSPM0G3507_nortos_ticlang\Debug\.\</path>
         <kind>object</kind>
         <file>startup_mspm0g350x_ticlang.o</file>
         <name>startup_mspm0g350x_ticlang.o</name>
      </input_file>
      <input_file id="fl-3">
         <path>F:\Tiproject\intcar\intcar\empty_LP_MSPM0G3507_nortos_ticlang\Debug\.\</path>
         <kind>object</kind>
         <file>main.o</file>
         <name>main.o</name>
      </input_file>
      <input_file id="fl-4">
         <path>F:\Tiproject\intcar\intcar\empty_LP_MSPM0G3507_nortos_ticlang\Debug\.\Board\</path>
         <kind>object</kind>
         <file>board.o</file>
         <name>board.o</name>
      </input_file>
      <input_file id="fl-5">
         <path>F:\Tiproject\intcar\intcar\empty_LP_MSPM0G3507_nortos_ticlang\Debug\.\Delay\</path>
         <kind>object</kind>
         <file>Delay.o</file>
         <name>Delay.o</name>
      </input_file>
      <input_file id="fl-6">
         <path>F:\Tiproject\intcar\intcar\empty_LP_MSPM0G3507_nortos_ticlang\Debug\.\Encoder\</path>
         <kind>object</kind>
         <file>Encoder.o</file>
         <name>Encoder.o</name>
      </input_file>
      <input_file id="fl-7">
         <path>F:\Tiproject\intcar\intcar\empty_LP_MSPM0G3507_nortos_ticlang\Debug\.\Hardware\</path>
         <kind>object</kind>
         <file>hardware.o</file>
         <name>hardware.o</name>
      </input_file>
      <input_file id="fl-8">
         <path>F:\Tiproject\intcar\intcar\empty_LP_MSPM0G3507_nortos_ticlang\Debug\.\Hardware\</path>
         <kind>object</kind>
         <file>sersor.o</file>
         <name>sersor.o</name>
      </input_file>
      <input_file id="fl-9">
         <path>F:\Tiproject\intcar\intcar\empty_LP_MSPM0G3507_nortos_ticlang\Debug\.\JY61P\</path>
         <kind>object</kind>
         <file>JY61P.o</file>
         <name>JY61P.o</name>
      </input_file>
      <input_file id="fl-a">
         <path>F:\Tiproject\intcar\intcar\empty_LP_MSPM0G3507_nortos_ticlang\Debug\.\JY61P\</path>
         <kind>object</kind>
         <file>bsp_gyro.o</file>
         <name>bsp_gyro.o</name>
      </input_file>
      <input_file id="fl-b">
         <path>F:\Tiproject\intcar\intcar\empty_LP_MSPM0G3507_nortos_ticlang\Debug\.\MOTOR\</path>
         <kind>object</kind>
         <file>motor.o</file>
         <name>motor.o</name>
      </input_file>
      <input_file id="fl-c">
         <path>F:\Tiproject\intcar\intcar\empty_LP_MSPM0G3507_nortos_ticlang\Debug\.\OLED\</path>
         <kind>object</kind>
         <file>oled.o</file>
         <name>oled.o</name>
      </input_file>
      <input_file id="fl-d">
         <path>F:\Tiproject\intcar\intcar\empty_LP_MSPM0G3507_nortos_ticlang\Debug\.\UART\</path>
         <kind>object</kind>
         <file>uart.o</file>
         <name>uart.o</name>
      </input_file>
      <input_file id="fl-e">
         <path>F:\Tiproject\intcar\intcar\empty_LP_MSPM0G3507_nortos_ticlang\Debug\.\control\</path>
         <kind>object</kind>
         <file>control.o</file>
         <name>control.o</name>
      </input_file>
      <input_file id="fl-1b">
         <path>F:\Tiproject\intcar\intcar\empty_LP_MSPM0G3507_nortos_ticlang\Debug\</path>
         <kind>object</kind>
         <file>&lt;internal&gt;</file>
         <name>&lt;internal&gt;</name>
      </input_file>
      <input_file id="fl-1c">
         <path>C:\ti\mspm0_sdk_2_05_01_00\source\ti\driverlib\lib\ticlang\m0p\mspm0g1x0x_g3x0x\</path>
         <kind>archive</kind>
         <file>driverlib.a</file>
         <name>dl_common.o</name>
      </input_file>
      <input_file id="fl-1d">
         <path>C:\ti\mspm0_sdk_2_05_01_00\source\ti\driverlib\lib\ticlang\m0p\mspm0g1x0x_g3x0x\</path>
         <kind>archive</kind>
         <file>driverlib.a</file>
         <name>dl_timer.o</name>
      </input_file>
      <input_file id="fl-1e">
         <path>C:\ti\mspm0_sdk_2_05_01_00\source\ti\driverlib\lib\ticlang\m0p\mspm0g1x0x_g3x0x\</path>
         <kind>archive</kind>
         <file>driverlib.a</file>
         <name>dl_uart.o</name>
      </input_file>
      <input_file id="fl-1f">
         <path>C:\ti\mspm0_sdk_2_05_01_00\source\ti\driverlib\lib\ticlang\m0p\mspm0g1x0x_g3x0x\</path>
         <kind>archive</kind>
         <file>driverlib.a</file>
         <name>dl_sysctl_mspm0g1x0x_g3x0x.o</name>
      </input_file>
      <input_file id="fl-36">
         <path>F:\ti\ccs2020\ccs\tools\compiler\ti-cgt-armllvm_4.0.3.LTS\lib\armv6m-ti-none-eabi\c\</path>
         <kind>archive</kind>
         <file>libc.a</file>
         <name>sprintf.c.obj</name>
      </input_file>
      <input_file id="fl-37">
         <path>F:\ti\ccs2020\ccs\tools\compiler\ti-cgt-armllvm_4.0.3.LTS\lib\armv6m-ti-none-eabi\c\</path>
         <kind>archive</kind>
         <file>libc.a</file>
         <name>vsnprintf.c.obj</name>
      </input_file>
      <input_file id="fl-38">
         <path>F:\ti\ccs2020\ccs\tools\compiler\ti-cgt-armllvm_4.0.3.LTS\lib\armv6m-ti-none-eabi\c\</path>
         <kind>archive</kind>
         <file>libc.a</file>
         <name>fputs.c.obj</name>
      </input_file>
      <input_file id="fl-39">
         <path>F:\ti\ccs2020\ccs\tools\compiler\ti-cgt-armllvm_4.0.3.LTS\lib\armv6m-ti-none-eabi\c\</path>
         <kind>archive</kind>
         <file>libc.a</file>
         <name>_io_perm.c.obj</name>
      </input_file>
      <input_file id="fl-3a">
         <path>F:\ti\ccs2020\ccs\tools\compiler\ti-cgt-armllvm_4.0.3.LTS\lib\armv6m-ti-none-eabi\c\</path>
         <kind>archive</kind>
         <file>libc.a</file>
         <name>setvbuf.c.obj</name>
      </input_file>
      <input_file id="fl-3b">
         <path>F:\ti\ccs2020\ccs\tools\compiler\ti-cgt-armllvm_4.0.3.LTS\lib\armv6m-ti-none-eabi\c\</path>
         <kind>archive</kind>
         <file>libc.a</file>
         <name>exit.c.obj</name>
      </input_file>
      <input_file id="fl-3c">
         <path>F:\ti\ccs2020\ccs\tools\compiler\ti-cgt-armllvm_4.0.3.LTS\lib\armv6m-ti-none-eabi\c\</path>
         <kind>archive</kind>
         <file>libc.a</file>
         <name>_lock.c.obj</name>
      </input_file>
      <input_file id="fl-3d">
         <path>F:\ti\ccs2020\ccs\tools\compiler\ti-cgt-armllvm_4.0.3.LTS\lib\armv6m-ti-none-eabi\c\</path>
         <kind>archive</kind>
         <file>libc.a</file>
         <name>defs.c.obj</name>
      </input_file>
      <input_file id="fl-3e">
         <path>F:\ti\ccs2020\ccs\tools\compiler\ti-cgt-armllvm_4.0.3.LTS\lib\armv6m-ti-none-eabi\c\</path>
         <kind>archive</kind>
         <file>libc.a</file>
         <name>memory.c.obj</name>
      </input_file>
      <input_file id="fl-3f">
         <path>F:\ti\ccs2020\ccs\tools\compiler\ti-cgt-armllvm_4.0.3.LTS\lib\armv6m-ti-none-eabi\c\</path>
         <kind>archive</kind>
         <file>libc.a</file>
         <name>boot_cortex_m.c.obj</name>
      </input_file>
      <input_file id="fl-40">
         <path>F:\ti\ccs2020\ccs\tools\compiler\ti-cgt-armllvm_4.0.3.LTS\lib\armv6m-ti-none-eabi\c\</path>
         <kind>archive</kind>
         <file>libc.a</file>
         <name>mathacl_init.c.obj</name>
      </input_file>
      <input_file id="fl-41">
         <path>F:\ti\ccs2020\ccs\tools\compiler\ti-cgt-armllvm_4.0.3.LTS\lib\armv6m-ti-none-eabi\c\</path>
         <kind>archive</kind>
         <file>libc.a</file>
         <name>autoinit.c.obj</name>
      </input_file>
      <input_file id="fl-42">
         <path>F:\ti\ccs2020\ccs\tools\compiler\ti-cgt-armllvm_4.0.3.LTS\lib\armv6m-ti-none-eabi\c\</path>
         <kind>archive</kind>
         <file>libc.a</file>
         <name>pre_init.c.obj</name>
      </input_file>
      <input_file id="fl-43">
         <path>F:\ti\ccs2020\ccs\tools\compiler\ti-cgt-armllvm_4.0.3.LTS\lib\armv6m-ti-none-eabi\c\</path>
         <kind>archive</kind>
         <file>libc.a</file>
         <name>cpy_tbl.c.obj</name>
      </input_file>
      <input_file id="fl-44">
         <path>F:\ti\ccs2020\ccs\tools\compiler\ti-cgt-armllvm_4.0.3.LTS\lib\armv6m-ti-none-eabi\c\</path>
         <kind>archive</kind>
         <file>libc.a</file>
         <name>copy_zero_init.c.obj</name>
      </input_file>
      <input_file id="fl-45">
         <path>F:\ti\ccs2020\ccs\tools\compiler\ti-cgt-armllvm_4.0.3.LTS\lib\armv6m-ti-none-eabi\c\</path>
         <kind>archive</kind>
         <file>libc.a</file>
         <name>copy_decompress_none.c.obj</name>
      </input_file>
      <input_file id="fl-46">
         <path>F:\ti\ccs2020\ccs\tools\compiler\ti-cgt-armllvm_4.0.3.LTS\lib\armv6m-ti-none-eabi\c\</path>
         <kind>archive</kind>
         <file>libc.a</file>
         <name>copy_decompress_lzss.c.obj</name>
      </input_file>
      <input_file id="fl-47">
         <path>F:\ti\ccs2020\ccs\tools\compiler\ti-cgt-armllvm_4.0.3.LTS\lib\armv6m-ti-none-eabi\c\</path>
         <kind>archive</kind>
         <file>libc.a</file>
         <name>_printfi.c.obj</name>
      </input_file>
      <input_file id="fl-48">
         <path>F:\ti\ccs2020\ccs\tools\compiler\ti-cgt-armllvm_4.0.3.LTS\lib\armv6m-ti-none-eabi\c\</path>
         <kind>archive</kind>
         <file>libc.a</file>
         <name>fflush.c.obj</name>
      </input_file>
      <input_file id="fl-49">
         <path>F:\ti\ccs2020\ccs\tools\compiler\ti-cgt-armllvm_4.0.3.LTS\lib\armv6m-ti-none-eabi\c\</path>
         <kind>archive</kind>
         <file>libc.a</file>
         <name>fopen.c.obj</name>
      </input_file>
      <input_file id="fl-4a">
         <path>F:\ti\ccs2020\ccs\tools\compiler\ti-cgt-armllvm_4.0.3.LTS\lib\armv6m-ti-none-eabi\c\</path>
         <kind>archive</kind>
         <file>libc.a</file>
         <name>fseek.c.obj</name>
      </input_file>
      <input_file id="fl-4b">
         <path>F:\ti\ccs2020\ccs\tools\compiler\ti-cgt-armllvm_4.0.3.LTS\lib\armv6m-ti-none-eabi\c\</path>
         <kind>archive</kind>
         <file>libc.a</file>
         <name>s_frexp.c.obj</name>
      </input_file>
      <input_file id="fl-4c">
         <path>F:\ti\ccs2020\ccs\tools\compiler\ti-cgt-armllvm_4.0.3.LTS\lib\armv6m-ti-none-eabi\c\</path>
         <kind>archive</kind>
         <file>libc.a</file>
         <name>s_scalbn.c.obj</name>
      </input_file>
      <input_file id="fl-4d">
         <path>F:\ti\ccs2020\ccs\tools\compiler\ti-cgt-armllvm_4.0.3.LTS\lib\armv6m-ti-none-eabi\c\</path>
         <kind>archive</kind>
         <file>libc.a</file>
         <name>wcslen.c.obj</name>
      </input_file>
      <input_file id="fl-4e">
         <path>F:\ti\ccs2020\ccs\tools\compiler\ti-cgt-armllvm_4.0.3.LTS\lib\armv6m-ti-none-eabi\c\</path>
         <kind>archive</kind>
         <file>libc.a</file>
         <name>aeabi_portable.c.obj</name>
      </input_file>
      <input_file id="fl-4f">
         <path>F:\ti\ccs2020\ccs\tools\compiler\ti-cgt-armllvm_4.0.3.LTS\lib\armv6m-ti-none-eabi\c\</path>
         <kind>archive</kind>
         <file>libc.a</file>
         <name>_ltoa.c.obj</name>
      </input_file>
      <input_file id="fl-50">
         <path>F:\ti\ccs2020\ccs\tools\compiler\ti-cgt-armllvm_4.0.3.LTS\lib\armv6m-ti-none-eabi\c\</path>
         <kind>archive</kind>
         <file>libc.a</file>
         <name>args_main.c.obj</name>
      </input_file>
      <input_file id="fl-51">
         <path>F:\ti\ccs2020\ccs\tools\compiler\ti-cgt-armllvm_4.0.3.LTS\lib\armv6m-ti-none-eabi\c\</path>
         <kind>archive</kind>
         <file>libc.a</file>
         <name>assert.c.obj</name>
      </input_file>
      <input_file id="fl-52">
         <path>F:\ti\ccs2020\ccs\tools\compiler\ti-cgt-armllvm_4.0.3.LTS\lib\armv6m-ti-none-eabi\c\</path>
         <kind>archive</kind>
         <file>libc.a</file>
         <name>atoi.c.obj</name>
      </input_file>
      <input_file id="fl-53">
         <path>F:\ti\ccs2020\ccs\tools\compiler\ti-cgt-armllvm_4.0.3.LTS\lib\armv6m-ti-none-eabi\c\</path>
         <kind>archive</kind>
         <file>libc.a</file>
         <name>memccpy.c.obj</name>
      </input_file>
      <input_file id="fl-54">
         <path>F:\ti\ccs2020\ccs\tools\compiler\ti-cgt-armllvm_4.0.3.LTS\lib\armv6m-ti-none-eabi\c\</path>
         <kind>archive</kind>
         <file>libc.a</file>
         <name>fclose.c.obj</name>
      </input_file>
      <input_file id="fl-55">
         <path>F:\ti\ccs2020\ccs\tools\compiler\ti-cgt-armllvm_4.0.3.LTS\lib\armv6m-ti-none-eabi\c\</path>
         <kind>archive</kind>
         <file>libc.a</file>
         <name>aeabi_ctype.S.obj</name>
      </input_file>
      <input_file id="fl-f5">
         <path>F:\ti\ccs2020\ccs\tools\compiler\ti-cgt-armllvm_4.0.3.LTS\lib\armv6m-ti-none-eabi\c\</path>
         <kind>archive</kind>
         <file>libsysbm.a</file>
         <name>hostexit.c.obj</name>
      </input_file>
      <input_file id="fl-f6">
         <path>F:\ti\ccs2020\ccs\tools\compiler\ti-cgt-armllvm_4.0.3.LTS\lib\armv6m-ti-none-eabi\c\</path>
         <kind>archive</kind>
         <file>libsysbm.a</file>
         <name>write.c.obj</name>
      </input_file>
      <input_file id="fl-f7">
         <path>F:\ti\ccs2020\ccs\tools\compiler\ti-cgt-armllvm_4.0.3.LTS\lib\armv6m-ti-none-eabi\c\</path>
         <kind>archive</kind>
         <file>libsysbm.a</file>
         <name>host_device.c.obj</name>
      </input_file>
      <input_file id="fl-f8">
         <path>F:\ti\ccs2020\ccs\tools\compiler\ti-cgt-armllvm_4.0.3.LTS\lib\armv6m-ti-none-eabi\c\</path>
         <kind>archive</kind>
         <file>libsysbm.a</file>
         <name>remove.c.obj</name>
      </input_file>
      <input_file id="fl-f9">
         <path>F:\ti\ccs2020\ccs\tools\compiler\ti-cgt-armllvm_4.0.3.LTS\lib\armv6m-ti-none-eabi\c\</path>
         <kind>archive</kind>
         <file>libsysbm.a</file>
         <name>open.c.obj</name>
      </input_file>
      <input_file id="fl-fa">
         <path>F:\ti\ccs2020\ccs\tools\compiler\ti-cgt-armllvm_4.0.3.LTS\lib\armv6m-ti-none-eabi\c\</path>
         <kind>archive</kind>
         <file>libsysbm.a</file>
         <name>lseek.c.obj</name>
      </input_file>
      <input_file id="fl-fb">
         <path>F:\ti\ccs2020\ccs\tools\compiler\ti-cgt-armllvm_4.0.3.LTS\lib\armv6m-ti-none-eabi\c\</path>
         <kind>archive</kind>
         <file>libsysbm.a</file>
         <name>close.c.obj</name>
      </input_file>
      <input_file id="fl-fc">
         <path>F:\ti\ccs2020\ccs\tools\compiler\ti-cgt-armllvm_4.0.3.LTS\lib\armv6m-ti-none-eabi\c\</path>
         <kind>archive</kind>
         <file>libsysbm.a</file>
         <name>unlink.c.obj</name>
      </input_file>
      <input_file id="fl-fd">
         <path>F:\ti\ccs2020\ccs\tools\compiler\ti-cgt-armllvm_4.0.3.LTS\lib\armv6m-ti-none-eabi\c\</path>
         <kind>archive</kind>
         <file>libsysbm.a</file>
         <name>hostclose.c.obj</name>
      </input_file>
      <input_file id="fl-fe">
         <path>F:\ti\ccs2020\ccs\tools\compiler\ti-cgt-armllvm_4.0.3.LTS\lib\armv6m-ti-none-eabi\c\</path>
         <kind>archive</kind>
         <file>libsysbm.a</file>
         <name>hostlseek.c.obj</name>
      </input_file>
      <input_file id="fl-ff">
         <path>F:\ti\ccs2020\ccs\tools\compiler\ti-cgt-armllvm_4.0.3.LTS\lib\armv6m-ti-none-eabi\c\</path>
         <kind>archive</kind>
         <file>libsysbm.a</file>
         <name>hostopen.c.obj</name>
      </input_file>
      <input_file id="fl-100">
         <path>F:\ti\ccs2020\ccs\tools\compiler\ti-cgt-armllvm_4.0.3.LTS\lib\armv6m-ti-none-eabi\c\</path>
         <kind>archive</kind>
         <file>libsysbm.a</file>
         <name>hostread.c.obj</name>
      </input_file>
      <input_file id="fl-101">
         <path>F:\ti\ccs2020\ccs\tools\compiler\ti-cgt-armllvm_4.0.3.LTS\lib\armv6m-ti-none-eabi\c\</path>
         <kind>archive</kind>
         <file>libsysbm.a</file>
         <name>hostrename.c.obj</name>
      </input_file>
      <input_file id="fl-102">
         <path>F:\ti\ccs2020\ccs\tools\compiler\ti-cgt-armllvm_4.0.3.LTS\lib\armv6m-ti-none-eabi\c\</path>
         <kind>archive</kind>
         <file>libsysbm.a</file>
         <name>hostunlink.c.obj</name>
      </input_file>
      <input_file id="fl-103">
         <path>F:\ti\ccs2020\ccs\tools\compiler\ti-cgt-armllvm_4.0.3.LTS\lib\armv6m-ti-none-eabi\c\</path>
         <kind>archive</kind>
         <file>libsysbm.a</file>
         <name>hostwrite.c.obj</name>
      </input_file>
      <input_file id="fl-104">
         <path>F:\ti\ccs2020\ccs\tools\compiler\ti-cgt-armllvm_4.0.3.LTS\lib\armv6m-ti-none-eabi\c\</path>
         <kind>archive</kind>
         <file>libsysbm.a</file>
         <name>trgmsg.c.obj</name>
      </input_file>
      <input_file id="fl-105">
         <path>F:\ti\ccs2020\ccs\tools\compiler\ti-cgt-armllvm_4.0.3.LTS\lib\armv6m-ti-none-eabi\</path>
         <kind>archive</kind>
         <file>libclang_rt.builtins.a</file>
         <name>addsf3.S.obj</name>
      </input_file>
      <input_file id="fl-106">
         <path>F:\ti\ccs2020\ccs\tools\compiler\ti-cgt-armllvm_4.0.3.LTS\lib\armv6m-ti-none-eabi\</path>
         <kind>archive</kind>
         <file>libclang_rt.builtins.a</file>
         <name>adddf3.S.obj</name>
      </input_file>
      <input_file id="fl-107">
         <path>F:\ti\ccs2020\ccs\tools\compiler\ti-cgt-armllvm_4.0.3.LTS\lib\armv6m-ti-none-eabi\</path>
         <kind>archive</kind>
         <file>libclang_rt.builtins.a</file>
         <name>muldf3.S.obj</name>
      </input_file>
      <input_file id="fl-108">
         <path>F:\ti\ccs2020\ccs\tools\compiler\ti-cgt-armllvm_4.0.3.LTS\lib\armv6m-ti-none-eabi\</path>
         <kind>archive</kind>
         <file>libclang_rt.builtins.a</file>
         <name>muldsi3.S.obj</name>
      </input_file>
      <input_file id="fl-109">
         <path>F:\ti\ccs2020\ccs\tools\compiler\ti-cgt-armllvm_4.0.3.LTS\lib\armv6m-ti-none-eabi\</path>
         <kind>archive</kind>
         <file>libclang_rt.builtins.a</file>
         <name>mulsf3.S.obj</name>
      </input_file>
      <input_file id="fl-10a">
         <path>F:\ti\ccs2020\ccs\tools\compiler\ti-cgt-armllvm_4.0.3.LTS\lib\armv6m-ti-none-eabi\</path>
         <kind>archive</kind>
         <file>libclang_rt.builtins.a</file>
         <name>divdf3.S.obj</name>
      </input_file>
      <input_file id="fl-10b">
         <path>F:\ti\ccs2020\ccs\tools\compiler\ti-cgt-armllvm_4.0.3.LTS\lib\armv6m-ti-none-eabi\</path>
         <kind>archive</kind>
         <file>libclang_rt.builtins.a</file>
         <name>extendsfdf2.S.obj</name>
      </input_file>
      <input_file id="fl-10c">
         <path>F:\ti\ccs2020\ccs\tools\compiler\ti-cgt-armllvm_4.0.3.LTS\lib\armv6m-ti-none-eabi\</path>
         <kind>archive</kind>
         <file>libclang_rt.builtins.a</file>
         <name>fixdfsi.S.obj</name>
      </input_file>
      <input_file id="fl-10d">
         <path>F:\ti\ccs2020\ccs\tools\compiler\ti-cgt-armllvm_4.0.3.LTS\lib\armv6m-ti-none-eabi\</path>
         <kind>archive</kind>
         <file>libclang_rt.builtins.a</file>
         <name>fixsfsi.S.obj</name>
      </input_file>
      <input_file id="fl-10e">
         <path>F:\ti\ccs2020\ccs\tools\compiler\ti-cgt-armllvm_4.0.3.LTS\lib\armv6m-ti-none-eabi\</path>
         <kind>archive</kind>
         <file>libclang_rt.builtins.a</file>
         <name>floatsidf.S.obj</name>
      </input_file>
      <input_file id="fl-10f">
         <path>F:\ti\ccs2020\ccs\tools\compiler\ti-cgt-armllvm_4.0.3.LTS\lib\armv6m-ti-none-eabi\</path>
         <kind>archive</kind>
         <file>libclang_rt.builtins.a</file>
         <name>floatsisf.S.obj</name>
      </input_file>
      <input_file id="fl-110">
         <path>F:\ti\ccs2020\ccs\tools\compiler\ti-cgt-armllvm_4.0.3.LTS\lib\armv6m-ti-none-eabi\</path>
         <kind>archive</kind>
         <file>libclang_rt.builtins.a</file>
         <name>muldi3.S.obj</name>
      </input_file>
      <input_file id="fl-111">
         <path>F:\ti\ccs2020\ccs\tools\compiler\ti-cgt-armllvm_4.0.3.LTS\lib\armv6m-ti-none-eabi\</path>
         <kind>archive</kind>
         <file>libclang_rt.builtins.a</file>
         <name>truncdfsf2.S.obj</name>
      </input_file>
      <input_file id="fl-112">
         <path>F:\ti\ccs2020\ccs\tools\compiler\ti-cgt-armllvm_4.0.3.LTS\lib\armv6m-ti-none-eabi\</path>
         <kind>archive</kind>
         <file>libclang_rt.builtins.a</file>
         <name>aeabi_dcmp.S.obj</name>
      </input_file>
      <input_file id="fl-113">
         <path>F:\ti\ccs2020\ccs\tools\compiler\ti-cgt-armllvm_4.0.3.LTS\lib\armv6m-ti-none-eabi\</path>
         <kind>archive</kind>
         <file>libclang_rt.builtins.a</file>
         <name>aeabi_fcmp.S.obj</name>
      </input_file>
      <input_file id="fl-114">
         <path>F:\ti\ccs2020\ccs\tools\compiler\ti-cgt-armllvm_4.0.3.LTS\lib\armv6m-ti-none-eabi\</path>
         <kind>archive</kind>
         <file>libclang_rt.builtins.a</file>
         <name>aeabi_idivmod.S.obj</name>
      </input_file>
      <input_file id="fl-115">
         <path>F:\ti\ccs2020\ccs\tools\compiler\ti-cgt-armllvm_4.0.3.LTS\lib\armv6m-ti-none-eabi\</path>
         <kind>archive</kind>
         <file>libclang_rt.builtins.a</file>
         <name>aeabi_memcpy.S.obj</name>
      </input_file>
      <input_file id="fl-116">
         <path>F:\ti\ccs2020\ccs\tools\compiler\ti-cgt-armllvm_4.0.3.LTS\lib\armv6m-ti-none-eabi\</path>
         <kind>archive</kind>
         <file>libclang_rt.builtins.a</file>
         <name>aeabi_memset.S.obj</name>
      </input_file>
      <input_file id="fl-117">
         <path>F:\ti\ccs2020\ccs\tools\compiler\ti-cgt-armllvm_4.0.3.LTS\lib\armv6m-ti-none-eabi\</path>
         <kind>archive</kind>
         <file>libclang_rt.builtins.a</file>
         <name>aeabi_uidivmod.S.obj</name>
      </input_file>
      <input_file id="fl-118">
         <path>F:\ti\ccs2020\ccs\tools\compiler\ti-cgt-armllvm_4.0.3.LTS\lib\armv6m-ti-none-eabi\</path>
         <kind>archive</kind>
         <file>libclang_rt.builtins.a</file>
         <name>aeabi_uldivmod.S.obj</name>
      </input_file>
      <input_file id="fl-119">
         <path>F:\ti\ccs2020\ccs\tools\compiler\ti-cgt-armllvm_4.0.3.LTS\lib\armv6m-ti-none-eabi\</path>
         <kind>archive</kind>
         <file>libclang_rt.builtins.a</file>
         <name>comparesf2.S.obj</name>
      </input_file>
      <input_file id="fl-11a">
         <path>F:\ti\ccs2020\ccs\tools\compiler\ti-cgt-armllvm_4.0.3.LTS\lib\armv6m-ti-none-eabi\</path>
         <kind>archive</kind>
         <file>libclang_rt.builtins.a</file>
         <name>udivmoddi4.S.obj</name>
      </input_file>
      <input_file id="fl-11b">
         <path>F:\ti\ccs2020\ccs\tools\compiler\ti-cgt-armllvm_4.0.3.LTS\lib\armv6m-ti-none-eabi\</path>
         <kind>archive</kind>
         <file>libclang_rt.builtins.a</file>
         <name>ashldi3.S.obj</name>
      </input_file>
      <input_file id="fl-11c">
         <path>F:\ti\ccs2020\ccs\tools\compiler\ti-cgt-armllvm_4.0.3.LTS\lib\armv6m-ti-none-eabi\</path>
         <kind>archive</kind>
         <file>libclang_rt.builtins.a</file>
         <name>comparedf2.c.obj</name>
      </input_file>
      <input_file id="fl-11d">
         <path>F:\ti\ccs2020\ccs\tools\compiler\ti-cgt-armllvm_4.0.3.LTS\lib\armv6m-ti-none-eabi\</path>
         <kind>archive</kind>
         <file>libclang_rt.builtins.a</file>
         <name>aeabi_div0.c.obj</name>
      </input_file>
      <input_file id="fl-11e">
         <path>F:\ti\ccs2020\ccs\tools\compiler\ti-cgt-armllvm_4.0.3.LTS\lib\armv6m-ti-none-eabi\c\</path>
         <kind>archive</kind>
         <file>libc.a</file>
         <name>getdevice.c.obj</name>
      </input_file>
      <input_file id="fl-11f">
         <path>F:\ti\ccs2020\ccs\tools\compiler\ti-cgt-armllvm_4.0.3.LTS\lib\armv6m-ti-none-eabi\c\</path>
         <kind>archive</kind>
         <file>libc.a</file>
         <name>memcpy16.S.obj</name>
      </input_file>
      <input_file id="fl-120">
         <path>F:\ti\ccs2020\ccs\tools\compiler\ti-cgt-armllvm_4.0.3.LTS\lib\armv6m-ti-none-eabi\c\</path>
         <kind>archive</kind>
         <file>libc.a</file>
         <name>memset16.S.obj</name>
      </input_file>
      <input_file id="fl-121">
         <path>F:\ti\ccs2020\ccs\tools\compiler\ti-cgt-armllvm_4.0.3.LTS\lib\armv6m-ti-none-eabi\c\</path>
         <kind>archive</kind>
         <file>libc.a</file>
         <name>strcmp-armv6m.S.obj</name>
      </input_file>
   </input_file_list>
   <object_component_list>
      <object_component id="oc-18">
         <name>.intvecs</name>
         <load_address>0x0</load_address>
         <readonly>true</readonly>
         <run_address>0x0</run_address>
         <size>0xc0</size>
         <alignment>0x4</alignment>
         <input_file_ref idref="fl-2"/>
      </object_component>
      <object_component id="oc-1af">
         <name>.text:__TI_printfi</name>
         <load_address>0xc0</load_address>
         <readonly>true</readonly>
         <executable>true</executable>
         <run_address>0xc0</run_address>
         <size>0x9d0</size>
         <alignment>0x4</alignment>
         <input_file_ref idref="fl-47"/>
      </object_component>
      <object_component id="oc-14f">
         <name>.text.readDataJy61p</name>
         <load_address>0xa90</load_address>
         <readonly>true</readonly>
         <executable>true</executable>
         <run_address>0xa90</run_address>
         <size>0x728</size>
         <alignment>0x4</alignment>
         <input_file_ref idref="fl-a"/>
      </object_component>
      <object_component id="oc-148">
         <name>.text.writeDataJy61p</name>
         <load_address>0x11b8</load_address>
         <readonly>true</readonly>
         <executable>true</executable>
         <run_address>0x11b8</run_address>
         <size>0x4b8</size>
         <alignment>0x4</alignment>
         <input_file_ref idref="fl-a"/>
      </object_component>
      <object_component id="oc-63">
         <name>.text.Control</name>
         <load_address>0x1670</load_address>
         <readonly>true</readonly>
         <executable>true</executable>
         <run_address>0x1670</run_address>
         <size>0x3a8</size>
         <alignment>0x4</alignment>
         <input_file_ref idref="fl-e"/>
      </object_component>
      <object_component id="oc-1ed">
         <name>.text._pconv_a</name>
         <load_address>0x1a18</load_address>
         <readonly>true</readonly>
         <executable>true</executable>
         <run_address>0x1a18</run_address>
         <size>0x220</size>
         <alignment>0x4</alignment>
         <input_file_ref idref="fl-47"/>
      </object_component>
      <object_component id="oc-1f2">
         <name>.text._pconv_g</name>
         <load_address>0x1c38</load_address>
         <readonly>true</readonly>
         <executable>true</executable>
         <run_address>0x1c38</run_address>
         <size>0x1dc</size>
         <alignment>0x4</alignment>
         <input_file_ref idref="fl-47"/>
      </object_component>
      <object_component id="oc-f8">
         <name>.text.Follow_Route</name>
         <load_address>0x1e14</load_address>
         <readonly>true</readonly>
         <executable>true</executable>
         <run_address>0x1e14</run_address>
         <size>0x1a8</size>
         <alignment>0x4</alignment>
         <input_file_ref idref="fl-8"/>
      </object_component>
      <object_component id="oc-ac">
         <name>.text.adddf3_subdf3</name>
         <load_address>0x1fbc</load_address>
         <readonly>true</readonly>
         <executable>true</executable>
         <run_address>0x1fbc</run_address>
         <size>0x192</size>
         <alignment>0x4</alignment>
         <input_file_ref idref="fl-106"/>
      </object_component>
      <object_component id="oc-33">
         <name>.text.Default_Handler</name>
         <load_address>0x214e</load_address>
         <readonly>true</readonly>
         <executable>true</executable>
         <run_address>0x214e</run_address>
         <size>0x2</size>
         <alignment>0x2</alignment>
         <input_file_ref idref="fl-2"/>
      </object_component>
      <object_component id="oc-243">
         <name>.text.fcvt</name>
         <load_address>0x2150</load_address>
         <readonly>true</readonly>
         <executable>true</executable>
         <run_address>0x2150</run_address>
         <size>0x13c</size>
         <alignment>0x4</alignment>
         <input_file_ref idref="fl-47"/>
      </object_component>
      <object_component id="oc-f6">
         <name>.text.get_angle</name>
         <load_address>0x228c</load_address>
         <readonly>true</readonly>
         <executable>true</executable>
         <run_address>0x228c</run_address>
         <size>0x130</size>
         <alignment>0x4</alignment>
         <input_file_ref idref="fl-a"/>
      </object_component>
      <object_component id="oc-15b">
         <name>.text.Follow_Route_Mode3</name>
         <load_address>0x23bc</load_address>
         <readonly>true</readonly>
         <executable>true</executable>
         <run_address>0x23bc</run_address>
         <size>0x12c</size>
         <alignment>0x4</alignment>
         <input_file_ref idref="fl-8"/>
      </object_component>
      <object_component id="oc-1f4">
         <name>.text._pconv_e</name>
         <load_address>0x24e8</load_address>
         <readonly>true</readonly>
         <executable>true</executable>
         <run_address>0x24e8</run_address>
         <size>0x120</size>
         <alignment>0x4</alignment>
         <input_file_ref idref="fl-47"/>
      </object_component>
      <object_component id="oc-280">
         <name>.text.aligned_alloc</name>
         <load_address>0x2608</load_address>
         <readonly>true</readonly>
         <executable>true</executable>
         <run_address>0x2608</run_address>
         <size>0x114</size>
         <alignment>0x4</alignment>
         <input_file_ref idref="fl-3e"/>
      </object_component>
      <object_component id="oc-23f">
         <name>.text.__divdf3</name>
         <load_address>0x271c</load_address>
         <readonly>true</readonly>
         <executable>true</executable>
         <run_address>0x271c</run_address>
         <size>0x10c</size>
         <alignment>0x4</alignment>
         <input_file_ref idref="fl-10a"/>
      </object_component>
      <object_component id="oc-182">
         <name>.text.DL_Timer_initFourCCPWMMode</name>
         <load_address>0x2828</load_address>
         <readonly>true</readonly>
         <executable>true</executable>
         <run_address>0x2828</run_address>
         <size>0x104</size>
         <alignment>0x4</alignment>
         <input_file_ref idref="fl-1d"/>
      </object_component>
      <object_component id="oc-195">
         <name>.text.fputs</name>
         <load_address>0x292c</load_address>
         <readonly>true</readonly>
         <executable>true</executable>
         <run_address>0x292c</run_address>
         <size>0xf8</size>
         <alignment>0x4</alignment>
         <input_file_ref idref="fl-38"/>
      </object_component>
      <object_component id="oc-187">
         <name>.text.DL_Timer_initTimerMode</name>
         <load_address>0x2a24</load_address>
         <readonly>true</readonly>
         <executable>true</executable>
         <run_address>0x2a24</run_address>
         <size>0xe8</size>
         <alignment>0x4</alignment>
         <input_file_ref idref="fl-1d"/>
      </object_component>
      <object_component id="oc-248">
         <name>.text.free</name>
         <load_address>0x2b0c</load_address>
         <readonly>true</readonly>
         <executable>true</executable>
         <run_address>0x2b0c</run_address>
         <size>0xe8</size>
         <alignment>0x4</alignment>
         <input_file_ref idref="fl-3e"/>
      </object_component>
      <object_component id="oc-a8">
         <name>.text.__muldf3</name>
         <load_address>0x2bf4</load_address>
         <readonly>true</readonly>
         <executable>true</executable>
         <run_address>0x2bf4</run_address>
         <size>0xe4</size>
         <alignment>0x4</alignment>
         <input_file_ref idref="fl-107"/>
      </object_component>
      <object_component id="oc-1fb">
         <name>.text.setvbuf</name>
         <load_address>0x2cd8</load_address>
         <readonly>true</readonly>
         <executable>true</executable>
         <run_address>0x2cd8</run_address>
         <size>0xe0</size>
         <alignment>0x4</alignment>
         <input_file_ref idref="fl-3a"/>
      </object_component>
      <object_component id="oc-179">
         <name>.text.DL_SYSCTL_configSYSPLL</name>
         <load_address>0x2db8</load_address>
         <readonly>true</readonly>
         <executable>true</executable>
         <run_address>0x2db8</run_address>
         <size>0xdc</size>
         <alignment>0x4</alignment>
         <input_file_ref idref="fl-1f"/>
      </object_component>
      <object_component id="oc-13b">
         <name>.text.SYSCFG_DL_GPIO_init</name>
         <load_address>0x2e94</load_address>
         <readonly>true</readonly>
         <executable>true</executable>
         <run_address>0x2e94</run_address>
         <size>0xdc</size>
         <alignment>0x4</alignment>
         <input_file_ref idref="fl-1"/>
      </object_component>
      <object_component id="oc-226">
         <name>.text.scalbn</name>
         <load_address>0x2f70</load_address>
         <readonly>true</readonly>
         <executable>true</executable>
         <run_address>0x2f70</run_address>
         <size>0xd8</size>
         <alignment>0x4</alignment>
         <input_file_ref idref="fl-4c"/>
      </object_component>
      <object_component id="oc-8d">
         <name>.text</name>
         <load_address>0x3048</load_address>
         <readonly>true</readonly>
         <executable>true</executable>
         <run_address>0x3048</run_address>
         <size>0xd8</size>
         <alignment>0x4</alignment>
         <input_file_ref idref="fl-105"/>
      </object_component>
      <object_component id="oc-82">
         <name>.text.main</name>
         <load_address>0x3120</load_address>
         <readonly>true</readonly>
         <executable>true</executable>
         <run_address>0x3120</run_address>
         <size>0xb8</size>
         <alignment>0x4</alignment>
         <input_file_ref idref="fl-3"/>
      </object_component>
      <object_component id="oc-194">
         <name>.text.I2C_WaitAck</name>
         <load_address>0x31d8</load_address>
         <readonly>true</readonly>
         <executable>true</executable>
         <run_address>0x31d8</run_address>
         <size>0xb0</size>
         <alignment>0x4</alignment>
         <input_file_ref idref="fl-a"/>
      </object_component>
      <object_component id="oc-34">
         <name>.text.GROUP1_IRQHandler</name>
         <load_address>0x3288</load_address>
         <readonly>true</readonly>
         <executable>true</executable>
         <run_address>0x3288</run_address>
         <size>0xa8</size>
         <alignment>0x4</alignment>
         <input_file_ref idref="fl-6"/>
      </object_component>
      <object_component id="oc-ed">
         <name>.text.jy61pInit</name>
         <load_address>0x3330</load_address>
         <readonly>true</readonly>
         <executable>true</executable>
         <run_address>0x3330</run_address>
         <size>0xa4</size>
         <alignment>0x4</alignment>
         <input_file_ref idref="fl-a"/>
      </object_component>
      <object_component id="oc-21d">
         <name>.text</name>
         <load_address>0x33d4</load_address>
         <readonly>true</readonly>
         <executable>true</executable>
         <run_address>0x33d4</run_address>
         <size>0xa2</size>
         <alignment>0x4</alignment>
         <input_file_ref idref="fl-11a"/>
      </object_component>
      <object_component id="oc-dd">
         <name>.text:memcpy</name>
         <load_address>0x3476</load_address>
         <readonly>true</readonly>
         <executable>true</executable>
         <run_address>0x3476</run_address>
         <size>0x9a</size>
         <alignment>0x1</alignment>
         <input_file_ref idref="fl-11f"/>
      </object_component>
      <object_component id="oc-13e">
         <name>.text.SYSCFG_DL_PWM_MOTOR_init</name>
         <load_address>0x3510</load_address>
         <readonly>true</readonly>
         <executable>true</executable>
         <run_address>0x3510</run_address>
         <size>0x94</size>
         <alignment>0x4</alignment>
         <input_file_ref idref="fl-1"/>
      </object_component>
      <object_component id="oc-140">
         <name>.text.SYSCFG_DL_UART_0_init</name>
         <load_address>0x35a4</load_address>
         <readonly>true</readonly>
         <executable>true</executable>
         <run_address>0x35a4</run_address>
         <size>0x8c</size>
         <alignment>0x4</alignment>
         <input_file_ref idref="fl-1"/>
      </object_component>
      <object_component id="oc-91">
         <name>.text.__mulsf3</name>
         <load_address>0x3630</load_address>
         <readonly>true</readonly>
         <executable>true</executable>
         <run_address>0x3630</run_address>
         <size>0x8c</size>
         <alignment>0x4</alignment>
         <input_file_ref idref="fl-109"/>
      </object_component>
      <object_component id="oc-15d">
         <name>.text.HOSTexit</name>
         <load_address>0x36bc</load_address>
         <readonly>true</readonly>
         <executable>true</executable>
         <run_address>0x36bc</run_address>
         <size>0x4</size>
         <alignment>0x2</alignment>
         <input_file_ref idref="fl-f5"/>
      </object_component>
      <object_component id="oc-2f2">
         <name>.text:strcmp</name>
         <load_address>0x36c0</load_address>
         <readonly>true</readonly>
         <executable>true</executable>
         <run_address>0x36c0</run_address>
         <size>0x88</size>
         <alignment>0x10</alignment>
         <input_file_ref idref="fl-121"/>
      </object_component>
      <object_component id="oc-281">
         <name>.text.__TI_closefile</name>
         <load_address>0x3748</load_address>
         <readonly>true</readonly>
         <executable>true</executable>
         <run_address>0x3748</run_address>
         <size>0x7c</size>
         <alignment>0x4</alignment>
         <input_file_ref idref="fl-54"/>
      </object_component>
      <object_component id="oc-1c">
         <name>.text:decompress:lzss</name>
         <load_address>0x37c4</load_address>
         <readonly>true</readonly>
         <executable>true</executable>
         <run_address>0x37c4</run_address>
         <size>0x7c</size>
         <alignment>0x4</alignment>
         <input_file_ref idref="fl-46"/>
      </object_component>
      <object_component id="oc-13c">
         <name>.text.SYSCFG_DL_SYSCTL_init</name>
         <load_address>0x3840</load_address>
         <readonly>true</readonly>
         <executable>true</executable>
         <run_address>0x3840</run_address>
         <size>0x74</size>
         <alignment>0x4</alignment>
         <input_file_ref idref="fl-1"/>
      </object_component>
      <object_component id="oc-23d">
         <name>.text.__gedf2</name>
         <load_address>0x38b4</load_address>
         <readonly>true</readonly>
         <executable>true</executable>
         <run_address>0x38b4</run_address>
         <size>0x74</size>
         <alignment>0x4</alignment>
         <input_file_ref idref="fl-11c"/>
      </object_component>
      <object_component id="oc-1df">
         <name>.text.__aeabi_errno_addr</name>
         <load_address>0x3928</load_address>
         <readonly>true</readonly>
         <executable>true</executable>
         <run_address>0x3928</run_address>
         <size>0x8</size>
         <alignment>0x4</alignment>
         <input_file_ref idref="fl-4e"/>
      </object_component>
      <object_component id="oc-b0">
         <name>.text.__truncdfsf2</name>
         <load_address>0x3930</load_address>
         <readonly>true</readonly>
         <executable>true</executable>
         <run_address>0x3930</run_address>
         <size>0x74</size>
         <alignment>0x10</alignment>
         <input_file_ref idref="fl-111"/>
      </object_component>
      <object_component id="oc-29a">
         <name>.text.HOSTlseek</name>
         <load_address>0x39a4</load_address>
         <readonly>true</readonly>
         <executable>true</executable>
         <run_address>0x39a4</run_address>
         <size>0x6c</size>
         <alignment>0x4</alignment>
         <input_file_ref idref="fl-fe"/>
      </object_component>
      <object_component id="oc-2a2">
         <name>.text.HOSTrename</name>
         <load_address>0x3a10</load_address>
         <readonly>true</readonly>
         <executable>true</executable>
         <run_address>0x3a10</run_address>
         <size>0x6c</size>
         <alignment>0x4</alignment>
         <input_file_ref idref="fl-101"/>
      </object_component>
      <object_component id="oc-245">
         <name>.text.fseeko</name>
         <load_address>0x3a7c</load_address>
         <readonly>true</readonly>
         <executable>true</executable>
         <run_address>0x3a7c</run_address>
         <size>0x6c</size>
         <alignment>0x4</alignment>
         <input_file_ref idref="fl-4a"/>
      </object_component>
      <object_component id="oc-2e6">
         <name>.text.getdevice</name>
         <load_address>0x3ae8</load_address>
         <readonly>true</readonly>
         <executable>true</executable>
         <run_address>0x3ae8</run_address>
         <size>0x6c</size>
         <alignment>0x4</alignment>
         <input_file_ref idref="fl-11e"/>
      </object_component>
      <object_component id="oc-237">
         <name>.text.__ledf2</name>
         <load_address>0x3b54</load_address>
         <readonly>true</readonly>
         <executable>true</executable>
         <run_address>0x3b54</run_address>
         <size>0x68</size>
         <alignment>0x4</alignment>
         <input_file_ref idref="fl-11c"/>
      </object_component>
      <object_component id="oc-b9">
         <name>.text.lc_printf</name>
         <load_address>0x3bbc</load_address>
         <readonly>true</readonly>
         <executable>true</executable>
         <run_address>0x3bbc</run_address>
         <size>0x68</size>
         <alignment>0x4</alignment>
         <input_file_ref idref="fl-4"/>
      </object_component>
      <object_component id="oc-236">
         <name>.text._mcpy</name>
         <load_address>0x3c24</load_address>
         <readonly>true</readonly>
         <executable>true</executable>
         <run_address>0x3c24</run_address>
         <size>0x66</size>
         <alignment>0x2</alignment>
         <input_file_ref idref="fl-47"/>
      </object_component>
      <object_component id="oc-1b7">
         <name>.text.__TI_wrt_ok</name>
         <load_address>0x3c8a</load_address>
         <readonly>true</readonly>
         <executable>true</executable>
         <run_address>0x3c8a</run_address>
         <size>0x64</size>
         <alignment>0x2</alignment>
         <input_file_ref idref="fl-39"/>
      </object_component>
      <object_component id="oc-20b">
         <name>.text.__aeabi_idiv0</name>
         <load_address>0x3cee</load_address>
         <readonly>true</readonly>
         <executable>true</executable>
         <run_address>0x3cee</run_address>
         <size>0x2</size>
         <alignment>0x2</alignment>
         <input_file_ref idref="fl-11d"/>
      </object_component>
      <object_component id="oc-2ae">
         <name>.text.split</name>
         <load_address>0x3cf0</load_address>
         <readonly>true</readonly>
         <executable>true</executable>
         <run_address>0x3cf0</run_address>
         <size>0x64</size>
         <alignment>0x4</alignment>
         <input_file_ref idref="fl-3e"/>
      </object_component>
      <object_component id="oc-1ee">
         <name>.text.__aeabi_dcmp</name>
         <load_address>0x3d54</load_address>
         <readonly>true</readonly>
         <executable>true</executable>
         <run_address>0x3d54</run_address>
         <size>0x62</size>
         <alignment>0x4</alignment>
         <input_file_ref idref="fl-112"/>
      </object_component>
      <object_component id="oc-25f">
         <name>.text.__aeabi_ldiv0</name>
         <load_address>0x3db6</load_address>
         <readonly>true</readonly>
         <executable>true</executable>
         <run_address>0x3db6</run_address>
         <size>0x2</size>
         <alignment>0x2</alignment>
         <input_file_ref idref="fl-11d"/>
      </object_component>
      <object_component id="oc-9f">
         <name>.text.__aeabi_fcmp</name>
         <load_address>0x3db8</load_address>
         <readonly>true</readonly>
         <executable>true</executable>
         <run_address>0x3db8</run_address>
         <size>0x62</size>
         <alignment>0x4</alignment>
         <input_file_ref idref="fl-113"/>
      </object_component>
      <object_component id="oc-139">
         <name>.text:memset</name>
         <load_address>0x3e1a</load_address>
         <readonly>true</readonly>
         <executable>true</executable>
         <run_address>0x3e1a</run_address>
         <size>0x62</size>
         <alignment>0x1</alignment>
         <input_file_ref idref="fl-120"/>
      </object_component>
      <object_component id="oc-28a">
         <name>.text.HOSTopen</name>
         <load_address>0x3e7c</load_address>
         <readonly>true</readonly>
         <executable>true</executable>
         <run_address>0x3e7c</run_address>
         <size>0x60</size>
         <alignment>0x4</alignment>
         <input_file_ref idref="fl-ff"/>
      </object_component>
      <object_component id="oc-39">
         <name>.text.TIMA0_IRQHandler</name>
         <load_address>0x3edc</load_address>
         <readonly>true</readonly>
         <executable>true</executable>
         <run_address>0x3edc</run_address>
         <size>0x60</size>
         <alignment>0x4</alignment>
         <input_file_ref idref="fl-3"/>
      </object_component>
      <object_component id="oc-222">
         <name>.text.frexp</name>
         <load_address>0x3f3c</load_address>
         <readonly>true</readonly>
         <executable>true</executable>
         <run_address>0x3f3c</run_address>
         <size>0x5c</size>
         <alignment>0x4</alignment>
         <input_file_ref idref="fl-4b"/>
      </object_component>
      <object_component id="oc-292">
         <name>.text.HOSTread</name>
         <load_address>0x3f98</load_address>
         <readonly>true</readonly>
         <executable>true</executable>
         <run_address>0x3f98</run_address>
         <size>0x58</size>
         <alignment>0x4</alignment>
         <input_file_ref idref="fl-100"/>
      </object_component>
      <object_component id="oc-296">
         <name>.text.HOSTwrite</name>
         <load_address>0x3ff0</load_address>
         <readonly>true</readonly>
         <executable>true</executable>
         <run_address>0x3ff0</run_address>
         <size>0x58</size>
         <alignment>0x4</alignment>
         <input_file_ref idref="fl-103"/>
      </object_component>
      <object_component id="oc-22e">
         <name>.text.__TI_ltoa</name>
         <load_address>0x4048</load_address>
         <readonly>true</readonly>
         <executable>true</executable>
         <run_address>0x4048</run_address>
         <size>0x58</size>
         <alignment>0x2</alignment>
         <input_file_ref idref="fl-4f"/>
      </object_component>
      <object_component id="oc-1f3">
         <name>.text._pconv_f</name>
         <load_address>0x40a0</load_address>
         <readonly>true</readonly>
         <executable>true</executable>
         <run_address>0x40a0</run_address>
         <size>0x58</size>
         <alignment>0x2</alignment>
         <input_file_ref idref="fl-47"/>
      </object_component>
      <object_component id="oc-26c">
         <name>.text.__aeabi_idivmod</name>
         <load_address>0x40f8</load_address>
         <readonly>true</readonly>
         <executable>true</executable>
         <run_address>0x40f8</run_address>
         <size>0x56</size>
         <alignment>0x4</alignment>
         <input_file_ref idref="fl-114"/>
      </object_component>
      <object_component id="oc-19f">
         <name>.text._nop</name>
         <load_address>0x414e</load_address>
         <readonly>true</readonly>
         <executable>true</executable>
         <run_address>0x414e</run_address>
         <size>0x2</size>
         <alignment>0x2</alignment>
         <input_file_ref idref="fl-3c"/>
      </object_component>
      <object_component id="oc-69">
         <name>.text.Set_PWM</name>
         <load_address>0x4150</load_address>
         <readonly>true</readonly>
         <executable>true</executable>
         <run_address>0x4150</run_address>
         <size>0x54</size>
         <alignment>0x4</alignment>
         <input_file_ref idref="fl-b"/>
      </object_component>
      <object_component id="oc-1c1">
         <name>.text.__TI_doflush</name>
         <load_address>0x41a4</load_address>
         <readonly>true</readonly>
         <executable>true</executable>
         <run_address>0x41a4</run_address>
         <size>0x52</size>
         <alignment>0x2</alignment>
         <input_file_ref idref="fl-48"/>
      </object_component>
      <object_component id="oc-234">
         <name>.text._ecpy</name>
         <load_address>0x41f6</load_address>
         <readonly>true</readonly>
         <executable>true</executable>
         <run_address>0x41f6</run_address>
         <size>0x52</size>
         <alignment>0x2</alignment>
         <input_file_ref idref="fl-47"/>
      </object_component>
      <object_component id="oc-bf">
         <name>.text.Incremental_Quantity4</name>
         <load_address>0x4248</load_address>
         <readonly>true</readonly>
         <executable>true</executable>
         <run_address>0x4248</run_address>
         <size>0x50</size>
         <alignment>0x4</alignment>
         <input_file_ref idref="fl-8"/>
      </object_component>
      <object_component id="oc-95">
         <name>.text.Incremental_Quantity</name>
         <load_address>0x4298</load_address>
         <readonly>true</readonly>
         <executable>true</executable>
         <run_address>0x4298</run_address>
         <size>0x50</size>
         <alignment>0x4</alignment>
         <input_file_ref idref="fl-8"/>
      </object_component>
      <object_component id="oc-13f">
         <name>.text.SYSCFG_DL_TIMER_0_init</name>
         <load_address>0x42e8</load_address>
         <readonly>true</readonly>
         <executable>true</executable>
         <run_address>0x42e8</run_address>
         <size>0x50</size>
         <alignment>0x4</alignment>
         <input_file_ref idref="fl-1"/>
      </object_component>
      <object_component id="oc-2b0">
         <name>.text.close</name>
         <load_address>0x4338</load_address>
         <readonly>true</readonly>
         <executable>true</executable>
         <run_address>0x4338</run_address>
         <size>0x50</size>
         <alignment>0x4</alignment>
         <input_file_ref idref="fl-fb"/>
      </object_component>
      <object_component id="oc-22a">
         <name>.text.__fixdfsi</name>
         <load_address>0x4388</load_address>
         <readonly>true</readonly>
         <executable>true</executable>
         <run_address>0x4388</run_address>
         <size>0x4a</size>
         <alignment>0x4</alignment>
         <input_file_ref idref="fl-10c"/>
      </object_component>
      <object_component id="oc-190">
         <name>.text.DL_UART_init</name>
         <load_address>0x43d4</load_address>
         <readonly>true</readonly>
         <executable>true</executable>
         <run_address>0x43d4</run_address>
         <size>0x48</size>
         <alignment>0x4</alignment>
         <input_file_ref idref="fl-1e"/>
      </object_component>
      <object_component id="oc-28e">
         <name>.text.HOSTclose</name>
         <load_address>0x441c</load_address>
         <readonly>true</readonly>
         <executable>true</executable>
         <run_address>0x441c</run_address>
         <size>0x48</size>
         <alignment>0x4</alignment>
         <input_file_ref idref="fl-fd"/>
      </object_component>
      <object_component id="oc-29e">
         <name>.text.HOSTunlink</name>
         <load_address>0x4464</load_address>
         <readonly>true</readonly>
         <executable>true</executable>
         <run_address>0x4464</run_address>
         <size>0x48</size>
         <alignment>0x4</alignment>
         <input_file_ref idref="fl-102"/>
      </object_component>
      <object_component id="oc-13a">
         <name>.text.SYSCFG_DL_initPower</name>
         <load_address>0x44ac</load_address>
         <readonly>true</readonly>
         <executable>true</executable>
         <run_address>0x44ac</run_address>
         <size>0x48</size>
         <alignment>0x4</alignment>
         <input_file_ref idref="fl-1"/>
      </object_component>
      <object_component id="oc-17f">
         <name>.text.DL_SYSCTL_switchMCLKfromSYSOSCtoHSCLK</name>
         <load_address>0x44f4</load_address>
         <readonly>true</readonly>
         <executable>true</executable>
         <run_address>0x44f4</run_address>
         <size>0x44</size>
         <alignment>0x4</alignment>
         <input_file_ref idref="fl-1f"/>
      </object_component>
      <object_component id="oc-1d1">
         <name>.text.__aeabi_uidivmod</name>
         <load_address>0x4538</load_address>
         <readonly>true</readonly>
         <executable>true</executable>
         <run_address>0x4538</run_address>
         <size>0x40</size>
         <alignment>0x4</alignment>
         <input_file_ref idref="fl-117"/>
      </object_component>
      <object_component id="oc-a4">
         <name>.text.__extendsfdf2</name>
         <load_address>0x4578</load_address>
         <readonly>true</readonly>
         <executable>true</executable>
         <run_address>0x4578</run_address>
         <size>0x40</size>
         <alignment>0x4</alignment>
         <input_file_ref idref="fl-10b"/>
      </object_component>
      <object_component id="oc-1d7">
         <name>.text.atoi</name>
         <load_address>0x45b8</load_address>
         <readonly>true</readonly>
         <executable>true</executable>
         <run_address>0x45b8</run_address>
         <size>0x40</size>
         <alignment>0x4</alignment>
         <input_file_ref idref="fl-52"/>
      </object_component>
      <object_component id="oc-129">
         <name>.text.vsnprintf</name>
         <load_address>0x45f8</load_address>
         <readonly>true</readonly>
         <executable>true</executable>
         <run_address>0x45f8</run_address>
         <size>0x40</size>
         <alignment>0x4</alignment>
         <input_file_ref idref="fl-37"/>
      </object_component>
      <object_component id="oc-9b">
         <name>.text.__floatsisf</name>
         <load_address>0x4638</load_address>
         <readonly>true</readonly>
         <executable>true</executable>
         <run_address>0x4638</run_address>
         <size>0x3c</size>
         <alignment>0x4</alignment>
         <input_file_ref idref="fl-10f"/>
      </object_component>
      <object_component id="oc-122">
         <name>.text.__gtsf2</name>
         <load_address>0x4674</load_address>
         <readonly>true</readonly>
         <executable>true</executable>
         <run_address>0x4674</run_address>
         <size>0x3c</size>
         <alignment>0x4</alignment>
         <input_file_ref idref="fl-119"/>
      </object_component>
      <object_component id="oc-102">
         <name>.text:__TI_auto_init_nobinit_nopinit</name>
         <load_address>0x46b0</load_address>
         <readonly>true</readonly>
         <executable>true</executable>
         <run_address>0x46b0</run_address>
         <size>0x3c</size>
         <alignment>0x4</alignment>
         <input_file_ref idref="fl-41"/>
      </object_component>
      <object_component id="oc-11d">
         <name>.text.__eqsf2</name>
         <load_address>0x46ec</load_address>
         <readonly>true</readonly>
         <executable>true</executable>
         <run_address>0x46ec</run_address>
         <size>0x3a</size>
         <alignment>0x4</alignment>
         <input_file_ref idref="fl-119"/>
      </object_component>
      <object_component id="oc-115">
         <name>.text.__muldsi3</name>
         <load_address>0x4728</load_address>
         <readonly>true</readonly>
         <executable>true</executable>
         <run_address>0x4728</run_address>
         <size>0x3a</size>
         <alignment>0x4</alignment>
         <input_file_ref idref="fl-108"/>
      </object_component>
      <object_component id="oc-b4">
         <name>.text.__fixsfsi</name>
         <load_address>0x4764</load_address>
         <readonly>true</readonly>
         <executable>true</executable>
         <run_address>0x4764</run_address>
         <size>0x38</size>
         <alignment>0x4</alignment>
         <input_file_ref idref="fl-10d"/>
      </object_component>
      <object_component id="oc-e2">
         <name>.text.SYSCFG_DL_init</name>
         <load_address>0x479c</load_address>
         <readonly>true</readonly>
         <executable>true</executable>
         <run_address>0x479c</run_address>
         <size>0x34</size>
         <alignment>0x4</alignment>
         <input_file_ref idref="fl-1"/>
      </object_component>
      <object_component id="oc-24f">
         <name>.text.__TI_cleanup</name>
         <load_address>0x47d0</load_address>
         <readonly>true</readonly>
         <executable>true</executable>
         <run_address>0x47d0</run_address>
         <size>0x34</size>
         <alignment>0x4</alignment>
         <input_file_ref idref="fl-49"/>
      </object_component>
      <object_component id="oc-2c1">
         <name>.text.__TI_readmsg</name>
         <load_address>0x4804</load_address>
         <readonly>true</readonly>
         <executable>true</executable>
         <run_address>0x4804</run_address>
         <size>0x34</size>
         <alignment>0x4</alignment>
         <input_file_ref idref="fl-104"/>
      </object_component>
      <object_component id="oc-2bb">
         <name>.text.__TI_writemsg</name>
         <load_address>0x4838</load_address>
         <readonly>true</readonly>
         <executable>true</executable>
         <run_address>0x4838</run_address>
         <size>0x34</size>
         <alignment>0x4</alignment>
         <input_file_ref idref="fl-104"/>
      </object_component>
      <object_component id="oc-100">
         <name>.text.exit</name>
         <load_address>0x486c</load_address>
         <readonly>true</readonly>
         <executable>true</executable>
         <run_address>0x486c</run_address>
         <size>0x34</size>
         <alignment>0x4</alignment>
         <input_file_ref idref="fl-3b"/>
      </object_component>
      <object_component id="oc-2ef">
         <name>.text.finddevice</name>
         <load_address>0x48a0</load_address>
         <readonly>true</readonly>
         <executable>true</executable>
         <run_address>0x48a0</run_address>
         <size>0x34</size>
         <alignment>0x4</alignment>
         <input_file_ref idref="fl-11e"/>
      </object_component>
      <object_component id="oc-235">
         <name>.text._fcpy</name>
         <load_address>0x48d4</load_address>
         <readonly>true</readonly>
         <executable>true</executable>
         <run_address>0x48d4</run_address>
         <size>0x30</size>
         <alignment>0x2</alignment>
         <input_file_ref idref="fl-47"/>
      </object_component>
      <object_component id="oc-170">
         <name>.text._outs</name>
         <load_address>0x4904</load_address>
         <readonly>true</readonly>
         <executable>true</executable>
         <run_address>0x4904</run_address>
         <size>0x30</size>
         <alignment>0x2</alignment>
         <input_file_ref idref="fl-37"/>
      </object_component>
      <object_component id="oc-156">
         <name>.text.__floatsidf</name>
         <load_address>0x4934</load_address>
         <readonly>true</readonly>
         <executable>true</executable>
         <run_address>0x4934</run_address>
         <size>0x2c</size>
         <alignment>0x4</alignment>
         <input_file_ref idref="fl-10e"/>
      </object_component>
      <object_component id="oc-2dc">
         <name>.text.unlink</name>
         <load_address>0x4960</load_address>
         <readonly>true</readonly>
         <executable>true</executable>
         <run_address>0x4960</run_address>
         <size>0x2c</size>
         <alignment>0x4</alignment>
         <input_file_ref idref="fl-fc"/>
      </object_component>
      <object_component id="oc-27c">
         <name>.text.free_list_insert</name>
         <load_address>0x498c</load_address>
         <readonly>true</readonly>
         <executable>true</executable>
         <run_address>0x498c</run_address>
         <size>0x28</size>
         <alignment>0x4</alignment>
         <input_file_ref idref="fl-3e"/>
      </object_component>
      <object_component id="oc-276">
         <name>.text.lseek</name>
         <load_address>0x49b4</load_address>
         <readonly>true</readonly>
         <executable>true</executable>
         <run_address>0x49b4</run_address>
         <size>0x28</size>
         <alignment>0x4</alignment>
         <input_file_ref idref="fl-fa"/>
      </object_component>
      <object_component id="oc-1bd">
         <name>.text.write</name>
         <load_address>0x49dc</load_address>
         <readonly>true</readonly>
         <executable>true</executable>
         <run_address>0x49dc</run_address>
         <size>0x28</size>
         <alignment>0x4</alignment>
         <input_file_ref idref="fl-f6"/>
      </object_component>
      <object_component id="oc-59">
         <name>.text:_c_int00_noargs</name>
         <load_address>0x4a04</load_address>
         <readonly>true</readonly>
         <executable>true</executable>
         <run_address>0x4a04</run_address>
         <size>0x28</size>
         <alignment>0x4</alignment>
         <input_file_ref idref="fl-3f"/>
      </object_component>
      <object_component id="oc-1e4">
         <name>.text.__muldi3</name>
         <load_address>0x4a2c</load_address>
         <readonly>true</readonly>
         <executable>true</executable>
         <run_address>0x4a2c</run_address>
         <size>0x24</size>
         <alignment>0x4</alignment>
         <input_file_ref idref="fl-110"/>
      </object_component>
      <object_component id="oc-150">
         <name>.text.puts</name>
         <load_address>0x4a50</load_address>
         <readonly>true</readonly>
         <executable>true</executable>
         <run_address>0x4a50</run_address>
         <size>0x24</size>
         <alignment>0x4</alignment>
         <input_file_ref idref="fl-38"/>
      </object_component>
      <object_component id="oc-1cc">
         <name>.text.memccpy</name>
         <load_address>0x4a74</load_address>
         <readonly>true</readonly>
         <executable>true</executable>
         <run_address>0x4a74</run_address>
         <size>0x22</size>
         <alignment>0x2</alignment>
         <input_file_ref idref="fl-53"/>
      </object_component>
      <object_component id="oc-f2">
         <name>.text.BEEP</name>
         <load_address>0x4a98</load_address>
         <readonly>true</readonly>
         <executable>true</executable>
         <run_address>0x4a98</run_address>
         <size>0x20</size>
         <alignment>0x4</alignment>
         <input_file_ref idref="fl-7"/>
      </object_component>
      <object_component id="oc-260">
         <name>.text.__ashldi3</name>
         <load_address>0x4ab8</load_address>
         <readonly>true</readonly>
         <executable>true</executable>
         <run_address>0x4ab8</run_address>
         <size>0x1e</size>
         <alignment>0x4</alignment>
         <input_file_ref idref="fl-11b"/>
      </object_component>
      <object_component id="oc-184">
         <name>.text.DL_Timer_setCaptCompUpdateMethod</name>
         <load_address>0x4ad8</load_address>
         <readonly>true</readonly>
         <executable>true</executable>
         <run_address>0x4ad8</run_address>
         <size>0x1c</size>
         <alignment>0x4</alignment>
         <input_file_ref idref="fl-1d"/>
      </object_component>
      <object_component id="oc-181">
         <name>.text.DL_Timer_setClockConfig</name>
         <load_address>0x4af4</load_address>
         <readonly>true</readonly>
         <executable>true</executable>
         <run_address>0x4af4</run_address>
         <size>0x1c</size>
         <alignment>0x4</alignment>
         <input_file_ref idref="fl-1d"/>
      </object_component>
      <object_component id="oc-27a">
         <name>.text.free_list_remove</name>
         <load_address>0x4b10</load_address>
         <readonly>true</readonly>
         <executable>true</executable>
         <run_address>0x4b10</run_address>
         <size>0x1c</size>
         <alignment>0x4</alignment>
         <input_file_ref idref="fl-3e"/>
      </object_component>
      <object_component id="oc-183">
         <name>.text.DL_Timer_setCaptureCompareOutCtl</name>
         <load_address>0x4b2c</load_address>
         <readonly>true</readonly>
         <executable>true</executable>
         <run_address>0x4b2c</run_address>
         <size>0x18</size>
         <alignment>0x4</alignment>
         <input_file_ref idref="fl-1d"/>
      </object_component>
      <object_component id="oc-171">
         <name>.text._outc</name>
         <load_address>0x4b44</load_address>
         <readonly>true</readonly>
         <executable>true</executable>
         <run_address>0x4b44</run_address>
         <size>0x18</size>
         <alignment>0x2</alignment>
         <input_file_ref idref="fl-37"/>
      </object_component>
      <object_component id="oc-e8">
         <name>.text.uart_Init</name>
         <load_address>0x4b5c</load_address>
         <readonly>true</readonly>
         <executable>true</executable>
         <run_address>0x4b5c</run_address>
         <size>0x18</size>
         <alignment>0x4</alignment>
         <input_file_ref idref="fl-d"/>
      </object_component>
      <object_component id="oc-50">
         <name>.text:decompress:ZI:__TI_zero_init_nomemset</name>
         <load_address>0x4b74</load_address>
         <readonly>true</readonly>
         <executable>true</executable>
         <run_address>0x4b74</run_address>
         <size>0x16</size>
         <alignment>0x2</alignment>
         <input_file_ref idref="fl-44"/>
      </object_component>
      <object_component id="oc-1e9">
         <name>.text.__aeabi_uldivmod</name>
         <load_address>0x4b8c</load_address>
         <readonly>true</readonly>
         <executable>true</executable>
         <run_address>0x4b8c</run_address>
         <size>0x14</size>
         <alignment>0x4</alignment>
         <input_file_ref idref="fl-118"/>
      </object_component>
      <object_component id="oc-e7">
         <name>.text.encoder_init</name>
         <load_address>0x4ba0</load_address>
         <readonly>true</readonly>
         <executable>true</executable>
         <run_address>0x4ba0</run_address>
         <size>0x14</size>
         <alignment>0x4</alignment>
         <input_file_ref idref="fl-6"/>
      </object_component>
      <object_component id="oc-233">
         <name>.text.strchr</name>
         <load_address>0x4bb4</load_address>
         <readonly>true</readonly>
         <executable>true</executable>
         <run_address>0x4bb4</run_address>
         <size>0x14</size>
         <alignment>0x2</alignment>
         <input_file_ref idref="fl-47"/>
      </object_component>
      <object_component id="oc-18a">
         <name>.text.DL_UART_setClockConfig</name>
         <load_address>0x4bc8</load_address>
         <readonly>true</readonly>
         <executable>true</executable>
         <run_address>0x4bc8</run_address>
         <size>0x12</size>
         <alignment>0x2</alignment>
         <input_file_ref idref="fl-1e"/>
      </object_component>
      <object_component id="oc-20">
         <name>.text:decompress:none</name>
         <load_address>0x4bda</load_address>
         <readonly>true</readonly>
         <executable>true</executable>
         <run_address>0x4bda</run_address>
         <size>0x12</size>
         <alignment>0x2</alignment>
         <input_file_ref idref="fl-45"/>
      </object_component>
      <object_component id="oc-d0">
         <name>.text.DL_Timer_setCaptureCompareValue</name>
         <load_address>0x4bec</load_address>
         <readonly>true</readonly>
         <executable>true</executable>
         <run_address>0x4bec</run_address>
         <size>0x10</size>
         <alignment>0x4</alignment>
         <input_file_ref idref="fl-1d"/>
      </object_component>
      <object_component id="oc-149">
         <name>.text.delay_ms</name>
         <load_address>0x4bfc</load_address>
         <readonly>true</readonly>
         <executable>true</executable>
         <run_address>0x4bfc</run_address>
         <size>0x10</size>
         <alignment>0x4</alignment>
         <input_file_ref idref="fl-4"/>
      </object_component>
      <object_component id="oc-1db">
         <name>.text.wcslen</name>
         <load_address>0x4c0c</load_address>
         <readonly>true</readonly>
         <executable>true</executable>
         <run_address>0x4c0c</run_address>
         <size>0x10</size>
         <alignment>0x2</alignment>
         <input_file_ref idref="fl-4d"/>
      </object_component>
      <object_component id="oc-27b">
         <name>.text.OUTLINED_FUNCTION_0</name>
         <load_address>0x4c1c</load_address>
         <readonly>true</readonly>
         <executable>true</executable>
         <run_address>0x4c1c</run_address>
         <size>0xe</size>
         <alignment>0x2</alignment>
         <input_file_ref idref="fl-3e"/>
      </object_component>
      <object_component id="oc-1cb">
         <name>.text.__aeabi_memset</name>
         <load_address>0x4c2c</load_address>
         <readonly>true</readonly>
         <executable>true</executable>
         <run_address>0x4c2c</run_address>
         <size>0xe</size>
         <alignment>0x4</alignment>
         <input_file_ref idref="fl-116"/>
      </object_component>
      <object_component id="oc-2d5">
         <name>.text.strcpy</name>
         <load_address>0x4c3a</load_address>
         <readonly>true</readonly>
         <executable>true</executable>
         <run_address>0x4c3a</run_address>
         <size>0xe</size>
         <alignment>0x2</alignment>
         <input_file_ref idref="fl-101"/>
      </object_component>
      <object_component id="oc-1ca">
         <name>.text.strlen</name>
         <load_address>0x4c48</load_address>
         <readonly>true</readonly>
         <executable>true</executable>
         <run_address>0x4c48</run_address>
         <size>0xe</size>
         <alignment>0x2</alignment>
         <input_file_ref idref="fl-47"/>
      </object_component>
      <object_component id="oc-2d6">
         <name>.text.strlen</name>
         <load_address>0x4c56</load_address>
         <readonly>true</readonly>
         <executable>true</executable>
         <run_address>0x4c56</run_address>
         <size>0xe</size>
         <alignment>0x2</alignment>
         <input_file_ref idref="fl-101"/>
      </object_component>
      <object_component id="oc-79">
         <name>.text.__aeabi_memclr</name>
         <load_address>0x4c64</load_address>
         <readonly>true</readonly>
         <executable>true</executable>
         <run_address>0x4c64</run_address>
         <size>0xc</size>
         <alignment>0x4</alignment>
         <input_file_ref idref="fl-116"/>
      </object_component>
      <object_component id="oc-193">
         <name>.text.delay_us</name>
         <load_address>0x4c70</load_address>
         <readonly>true</readonly>
         <executable>true</executable>
         <run_address>0x4c70</run_address>
         <size>0xc</size>
         <alignment>0x2</alignment>
         <input_file_ref idref="fl-4"/>
      </object_component>
      <object_component id="oc-a3">
         <name>.text.get_encoder_countL</name>
         <load_address>0x4c7c</load_address>
         <readonly>true</readonly>
         <executable>true</executable>
         <run_address>0x4c7c</run_address>
         <size>0xc</size>
         <alignment>0x4</alignment>
         <input_file_ref idref="fl-6"/>
      </object_component>
      <object_component id="oc-b8">
         <name>.text.get_encoder_countR</name>
         <load_address>0x4c88</load_address>
         <readonly>true</readonly>
         <executable>true</executable>
         <run_address>0x4c88</run_address>
         <size>0xc</size>
         <alignment>0x4</alignment>
         <input_file_ref idref="fl-6"/>
      </object_component>
      <object_component id="oc-24e">
         <name>.text.malloc</name>
         <load_address>0x4c94</load_address>
         <readonly>true</readonly>
         <executable>true</executable>
         <run_address>0x4c94</run_address>
         <size>0xc</size>
         <alignment>0x2</alignment>
         <input_file_ref idref="fl-3e"/>
      </object_component>
      <object_component id="oc-175">
         <name>.text.DL_Common_delayCycles</name>
         <load_address>0x4ca0</load_address>
         <readonly>true</readonly>
         <executable>true</executable>
         <run_address>0x4ca0</run_address>
         <size>0xa</size>
         <alignment>0x2</alignment>
         <input_file_ref idref="fl-1c"/>
      </object_component>
      <object_component id="oc-232">
         <name>.text.OUTLINED_FUNCTION_0</name>
         <load_address>0x4caa</load_address>
         <readonly>true</readonly>
         <executable>true</executable>
         <run_address>0x4caa</run_address>
         <size>0xa</size>
         <alignment>0x2</alignment>
         <input_file_ref idref="fl-47"/>
      </object_component>
      <object_component id="oc-33f">
         <name>.tramp.__aeabi_dsub.1</name>
         <load_address>0x4cb4</load_address>
         <readonly>true</readonly>
         <executable>true</executable>
         <run_address>0x4cb4</run_address>
         <size>0x10</size>
         <alignment>0x4</alignment>
         <input_file_ref idref="fl-106"/>
      </object_component>
      <object_component id="oc-244">
         <name>.text.OUTLINED_FUNCTION_1</name>
         <load_address>0x4cc4</load_address>
         <readonly>true</readonly>
         <executable>true</executable>
         <run_address>0x4cc4</run_address>
         <size>0xa</size>
         <alignment>0x2</alignment>
         <input_file_ref idref="fl-47"/>
      </object_component>
      <object_component id="oc-49">
         <name>.text.__aeabi_memcpy</name>
         <load_address>0x4cd0</load_address>
         <readonly>true</readonly>
         <executable>true</executable>
         <run_address>0x4cd0</run_address>
         <size>0x8</size>
         <alignment>0x4</alignment>
         <input_file_ref idref="fl-115"/>
      </object_component>
      <object_component id="oc-1f5">
         <name>.text.fseek</name>
         <load_address>0x4cd8</load_address>
         <readonly>true</readonly>
         <executable>true</executable>
         <run_address>0x4cd8</run_address>
         <size>0x8</size>
         <alignment>0x2</alignment>
         <input_file_ref idref="fl-4a"/>
      </object_component>
      <object_component id="oc-2b4">
         <name>.text.remove</name>
         <load_address>0x4ce0</load_address>
         <readonly>true</readonly>
         <executable>true</executable>
         <run_address>0x4ce0</run_address>
         <size>0x8</size>
         <alignment>0x2</alignment>
         <input_file_ref idref="fl-f8"/>
      </object_component>
      <object_component id="oc-fb">
         <name>.text:abort</name>
         <load_address>0x4ce8</load_address>
         <readonly>true</readonly>
         <executable>true</executable>
         <run_address>0x4ce8</run_address>
         <size>0x6</size>
         <alignment>0x2</alignment>
         <input_file_ref idref="fl-3b"/>
      </object_component>
      <object_component id="oc-2f">
         <name>.text.Reset_Handler</name>
         <load_address>0x4cee</load_address>
         <readonly>true</readonly>
         <executable>true</executable>
         <run_address>0x4cee</run_address>
         <size>0x4</size>
         <alignment>0x2</alignment>
         <input_file_ref idref="fl-2"/>
      </object_component>
      <object_component id="oc-7e">
         <name>.text._system_pre_init</name>
         <load_address>0x4cf2</load_address>
         <readonly>true</readonly>
         <executable>true</executable>
         <run_address>0x4cf2</run_address>
         <size>0x4</size>
         <alignment>0x2</alignment>
         <input_file_ref idref="fl-42"/>
      </object_component>
      <object_component id="oc-33a">
         <name>.cinit..data.load</name>
         <load_address>0x4e90</load_address>
         <readonly>true</readonly>
         <run_address>0x4e90</run_address>
         <size>0x6e</size>
         <alignment>0x1</alignment>
      </object_component>
      <object_component id="oc-338">
         <name>__TI_handler_table</name>
         <load_address>0x4f00</load_address>
         <readonly>true</readonly>
         <run_address>0x4f00</run_address>
         <size>0xc</size>
         <alignment>0x4</alignment>
      </object_component>
      <object_component id="oc-33b">
         <name>.cinit..bss.load</name>
         <load_address>0x4f0c</load_address>
         <readonly>true</readonly>
         <run_address>0x4f0c</run_address>
         <size>0x8</size>
         <alignment>0x4</alignment>
      </object_component>
      <object_component id="oc-339">
         <name>__TI_cinit_table</name>
[...]
      <symbol id="sm-231">
         <name>_c_int00_noargs</name>
         <value>0x4a05</value>
         <object_component_ref idref="oc-59"/>
      </symbol>
      <symbol id="sm-232">
         <name>__stack</name>
         <value>0x20207e00</value>
         <object_component_ref idref="oc-1a"/>
      </symbol>
      <symbol id="sm-23e">
         <name>__TI_auto_init_nobinit_nopinit</name>
         <value>0x46b1</value>
         <object_component_ref idref="oc-102"/>
      </symbol>
      <symbol id="sm-246">
         <name>_system_pre_init</name>
         <value>0x4cf3</value>
         <object_component_ref idref="oc-7e"/>
      </symbol>
      <symbol id="sm-251">
         <name>__TI_zero_init_nomemset</name>
         <value>0x4b75</value>
         <object_component_ref idref="oc-50"/>
      </symbol>
      <symbol id="sm-25a">
         <name>__TI_decompress_none</name>
         <value>0x4bdb</value>
         <object_component_ref idref="oc-20"/>
      </symbol>
      <symbol id="sm-265">
         <name>__TI_decompress_lzss</name>
         <value>0x37c5</value>
         <object_component_ref idref="oc-1c"/>
      </symbol>
      <symbol id="sm-2ae">
         <name>__TI_printfi</name>
         <value>0xc1</value>
         <object_component_ref idref="oc-1af"/>
      </symbol>
      <symbol id="sm-2b8">
         <name>__TI_doflush</name>
         <value>0x41a5</value>
         <object_component_ref idref="oc-1c1"/>
      </symbol>
      <symbol id="sm-2c3">
         <name>__TI_cleanup</name>
         <value>0x47d1</value>
         <object_component_ref idref="oc-24f"/>
      </symbol>
      <symbol id="sm-2d0">
         <name>fseek</name>
         <value>0x4cd9</value>
         <object_component_ref idref="oc-1f5"/>
      </symbol>
      <symbol id="sm-2d1">
         <name>fseeko</name>
         <value>0x3a7d</value>
         <object_component_ref idref="oc-245"/>
      </symbol>
      <symbol id="sm-2db">
         <name>frexp</name>
         <value>0x3f3d</value>
         <object_component_ref idref="oc-222"/>
      </symbol>
      <symbol id="sm-2dc">
         <name>frexpl</name>
         <value>0x3f3d</value>
         <object_component_ref idref="oc-222"/>
      </symbol>
      <symbol id="sm-2e6">
         <name>scalbn</name>
         <value>0x2f71</value>
         <object_component_ref idref="oc-226"/>
      </symbol>
      <symbol id="sm-2e7">
         <name>ldexp</name>
         <value>0x2f71</value>
         <object_component_ref idref="oc-226"/>
      </symbol>
      <symbol id="sm-2e8">
         <name>scalbnl</name>
         <value>0x2f71</value>
         <object_component_ref idref="oc-226"/>
      </symbol>
      <symbol id="sm-2e9">
         <name>ldexpl</name>
         <value>0x2f71</value>
         <object_component_ref idref="oc-226"/>
      </symbol>
      <symbol id="sm-2f2">
         <name>wcslen</name>
         <value>0x4c0d</value>
         <object_component_ref idref="oc-1db"/>
      </symbol>
      <symbol id="sm-2fd">
         <name>__aeabi_errno_addr</name>
         <value>0x3929</value>
         <object_component_ref idref="oc-1df"/>
      </symbol>
      <symbol id="sm-2fe">
         <name>__aeabi_errno</name>
         <value>0x20200d50</value>
         <object_component_ref idref="oc-218"/>
      </symbol>
      <symbol id="sm-307">
         <name>__TI_ltoa</name>
         <value>0x4049</value>
         <object_component_ref idref="oc-22e"/>
      </symbol>
      <symbol id="sm-313">
         <name>atoi</name>
         <value>0x45b9</value>
         <object_component_ref idref="oc-1d7"/>
      </symbol>
      <symbol id="sm-31c">
         <name>memccpy</name>
         <value>0x4a75</value>
         <object_component_ref idref="oc-1cc"/>
      </symbol>
      <symbol id="sm-327">
         <name>__TI_closefile</name>
         <value>0x3749</value>
         <object_component_ref idref="oc-281"/>
      </symbol>
      <symbol id="sm-328">
         <name>__aeabi_ctype_table_</name>
         <value>0x4d00</value>
         <object_component_ref idref="oc-211"/>
      </symbol>
      <symbol id="sm-329">
         <name>__aeabi_ctype_table_C</name>
         <value>0x4d00</value>
         <object_component_ref idref="oc-211"/>
      </symbol>
      <symbol id="sm-331">
         <name>HOSTexit</name>
         <value>0x36bd</value>
         <object_component_ref idref="oc-15d"/>
      </symbol>
      <symbol id="sm-332">
         <name>C$$EXIT</name>
         <value>0x36bc</value>
         <object_component_ref idref="oc-15d"/>
      </symbol>
      <symbol id="sm-33c">
         <name>write</name>
         <value>0x49dd</value>
         <object_component_ref idref="oc-1bd"/>
      </symbol>
      <symbol id="sm-341">
         <name>_device</name>
         <value>0x20200c6c</value>
         <object_component_ref idref="oc-258"/>
      </symbol>
      <symbol id="sm-342">
         <name>_stream</name>
         <value>0x20200ce4</value>
         <object_component_ref idref="oc-201"/>
      </symbol>
      <symbol id="sm-34b">
         <name>remove</name>
         <value>0x4ce1</value>
         <object_component_ref idref="oc-2b4"/>
      </symbol>
      <symbol id="sm-356">
         <name>lseek</name>
         <value>0x49b5</value>
         <object_component_ref idref="oc-276"/>
      </symbol>
      <symbol id="sm-360">
         <name>close</name>
         <value>0x4339</value>
         <object_component_ref idref="oc-2b0"/>
      </symbol>
      <symbol id="sm-36a">
         <name>unlink</name>
         <value>0x4961</value>
         <object_component_ref idref="oc-2dc"/>
      </symbol>
      <symbol id="sm-374">
         <name>HOSTclose</name>
         <value>0x441d</value>
         <object_component_ref idref="oc-28e"/>
      </symbol>
      <symbol id="sm-37e">
         <name>HOSTlseek</name>
         <value>0x39a5</value>
         <object_component_ref idref="oc-29a"/>
      </symbol>
      <symbol id="sm-388">
         <name>HOSTopen</name>
         <value>0x3e7d</value>
         <object_component_ref idref="oc-28a"/>
      </symbol>
      <symbol id="sm-389">
         <name>parmbuf</name>
         <value>0x20200b44</value>
         <object_component_ref idref="oc-2c2"/>
      </symbol>
      <symbol id="sm-393">
         <name>HOSTread</name>
         <value>0x3f99</value>
         <object_component_ref idref="oc-292"/>
      </symbol>
      <symbol id="sm-3a4">
         <name>HOSTrename</name>
         <value>0x3a11</value>
         <object_component_ref idref="oc-2a2"/>
      </symbol>
      <symbol id="sm-3ae">
         <name>HOSTunlink</name>
         <value>0x4465</value>
         <object_component_ref idref="oc-29e"/>
      </symbol>
      <symbol id="sm-3b8">
         <name>HOSTwrite</name>
         <value>0x3ff1</value>
         <object_component_ref idref="oc-296"/>
      </symbol>
      <symbol id="sm-3c6">
         <name>C$$IO$$</name>
         <value>0x4865</value>
         <object_component_ref idref="oc-2bb"/>
      </symbol>
      <symbol id="sm-3c7">
         <name>__TI_writemsg</name>
         <value>0x4839</value>
         <object_component_ref idref="oc-2bb"/>
      </symbol>
      <symbol id="sm-3c8">
         <name>__CIOBUF_</name>
         <value>0x20200800</value>
         <object_component_ref idref="oc-2e3"/>
      </symbol>
      <symbol id="sm-3c9">
         <name>__TI_readmsg</name>
         <value>0x4805</value>
         <object_component_ref idref="oc-2c1"/>
      </symbol>
      <symbol id="sm-3ca">
         <name>_CIOBUF_</name>
         <value>0x20200800</value>
         <object_component_ref idref="oc-2e3"/>
      </symbol>
      <symbol id="sm-3d0">
         <name>__aeabi_fadd</name>
         <value>0x3053</value>
         <object_component_ref idref="oc-8d"/>
      </symbol>
      <symbol id="sm-3d1">
         <name>__addsf3</name>
         <value>0x3053</value>
         <object_component_ref idref="oc-8d"/>
      </symbol>
      <symbol id="sm-3d2">
         <name>__aeabi_fsub</name>
         <value>0x3049</value>
         <object_component_ref idref="oc-8d"/>
      </symbol>
      <symbol id="sm-3d3">
         <name>__subsf3</name>
         <value>0x3049</value>
         <object_component_ref idref="oc-8d"/>
      </symbol>
      <symbol id="sm-3d9">
         <name>__aeabi_dadd</name>
         <value>0x1fc7</value>
         <object_component_ref idref="oc-ac"/>
      </symbol>
      <symbol id="sm-3da">
         <name>__adddf3</name>
         <value>0x1fc7</value>
         <object_component_ref idref="oc-ac"/>
      </symbol>
      <symbol id="sm-3db">
         <name>__aeabi_dsub</name>
         <value>0x1fbd</value>
         <object_component_ref idref="oc-ac"/>
      </symbol>
      <symbol id="sm-3dc">
         <name>__subdf3</name>
         <value>0x1fbd</value>
         <object_component_ref idref="oc-ac"/>
      </symbol>
      <symbol id="sm-3e5">
         <name>__aeabi_dmul</name>
         <value>0x2bf5</value>
         <object_component_ref idref="oc-a8"/>
      </symbol>
      <symbol id="sm-3e6">
         <name>__muldf3</name>
         <value>0x2bf5</value>
         <object_component_ref idref="oc-a8"/>
      </symbol>
      <symbol id="sm-3ec">
         <name>__muldsi3</name>
         <value>0x4729</value>
         <object_component_ref idref="oc-115"/>
      </symbol>
      <symbol id="sm-3f2">
         <name>__aeabi_fmul</name>
         <value>0x3631</value>
         <object_component_ref idref="oc-91"/>
      </symbol>
      <symbol id="sm-3f3">
         <name>__mulsf3</name>
         <value>0x3631</value>
         <object_component_ref idref="oc-91"/>
      </symbol>
      <symbol id="sm-3f9">
         <name>__aeabi_ddiv</name>
         <value>0x271d</value>
         <object_component_ref idref="oc-23f"/>
      </symbol>
      <symbol id="sm-3fa">
         <name>__divdf3</name>
         <value>0x271d</value>
         <object_component_ref idref="oc-23f"/>
      </symbol>
      <symbol id="sm-400">
         <name>__aeabi_f2d</name>
         <value>0x4579</value>
         <object_component_ref idref="oc-a4"/>
      </symbol>
      <symbol id="sm-401">
         <name>__extendsfdf2</name>
         <value>0x4579</value>
         <object_component_ref idref="oc-a4"/>
      </symbol>
      <symbol id="sm-407">
         <name>__aeabi_d2iz</name>
         <value>0x4389</value>
         <object_component_ref idref="oc-22a"/>
      </symbol>
      <symbol id="sm-408">
         <name>__fixdfsi</name>
         <value>0x4389</value>
         <object_component_ref idref="oc-22a"/>
      </symbol>
      <symbol id="sm-40e">
         <name>__aeabi_f2iz</name>
         <value>0x4765</value>
         <object_component_ref idref="oc-b4"/>
      </symbol>
      <symbol id="sm-40f">
         <name>__fixsfsi</name>
         <value>0x4765</value>
         <object_component_ref idref="oc-b4"/>
      </symbol>
      <symbol id="sm-415">
         <name>__aeabi_i2d</name>
         <value>0x4935</value>
         <object_component_ref idref="oc-156"/>
      </symbol>
      <symbol id="sm-416">
         <name>__floatsidf</name>
         <value>0x4935</value>
         <object_component_ref idref="oc-156"/>
      </symbol>
      <symbol id="sm-41c">
         <name>__aeabi_i2f</name>
         <value>0x4639</value>
         <object_component_ref idref="oc-9b"/>
      </symbol>
      <symbol id="sm-41d">
         <name>__floatsisf</name>
         <value>0x4639</value>
         <object_component_ref idref="oc-9b"/>
      </symbol>
      <symbol id="sm-423">
         <name>__aeabi_lmul</name>
         <value>0x4a2d</value>
         <object_component_ref idref="oc-1e4"/>
      </symbol>
      <symbol id="sm-424">
         <name>__muldi3</name>
         <value>0x4a2d</value>
         <object_component_ref idref="oc-1e4"/>
      </symbol>
      <symbol id="sm-42b">
         <name>__aeabi_d2f</name>
         <value>0x3931</value>
         <object_component_ref idref="oc-b0"/>
      </symbol>
      <symbol id="sm-42c">
         <name>__truncdfsf2</name>
         <value>0x3931</value>
         <object_component_ref idref="oc-b0"/>
      </symbol>
      <symbol id="sm-432">
         <name>__aeabi_dcmpeq</name>
         <value>0x3d55</value>
         <object_component_ref idref="oc-1ee"/>
      </symbol>
      <symbol id="sm-433">
         <name>__aeabi_dcmplt</name>
         <value>0x3d69</value>
         <object_component_ref idref="oc-1ee"/>
      </symbol>
      <symbol id="sm-434">
         <name>__aeabi_dcmple</name>
         <value>0x3d7d</value>
         <object_component_ref idref="oc-1ee"/>
      </symbol>
      <symbol id="sm-435">
         <name>__aeabi_dcmpge</name>
         <value>0x3d91</value>
         <object_component_ref idref="oc-1ee"/>
      </symbol>
      <symbol id="sm-436">
         <name>__aeabi_dcmpgt</name>
         <value>0x3da5</value>
         <object_component_ref idref="oc-1ee"/>
      </symbol>
      <symbol id="sm-43c">
         <name>__aeabi_fcmpeq</name>
         <value>0x3db9</value>
         <object_component_ref idref="oc-9f"/>
      </symbol>
      <symbol id="sm-43d">
         <name>__aeabi_fcmplt</name>
         <value>0x3dcd</value>
         <object_component_ref idref="oc-9f"/>
      </symbol>
      <symbol id="sm-43e">
         <name>__aeabi_fcmple</name>
         <value>0x3de1</value>
         <object_component_ref idref="oc-9f"/>
      </symbol>
      <symbol id="sm-43f">
         <name>__aeabi_fcmpge</name>
         <value>0x3df5</value>
         <object_component_ref idref="oc-9f"/>
      </symbol>
      <symbol id="sm-440">
         <name>__aeabi_fcmpgt</name>
         <value>0x3e09</value>
         <object_component_ref idref="oc-9f"/>
      </symbol>
      <symbol id="sm-446">
         <name>__aeabi_idiv</name>
         <value>0x40f9</value>
         <object_component_ref idref="oc-26c"/>
      </symbol>
      <symbol id="sm-447">
         <name>__aeabi_idivmod</name>
         <value>0x40f9</value>
         <object_component_ref idref="oc-26c"/>
      </symbol>
      <symbol id="sm-44d">
         <name>__aeabi_memcpy</name>
         <value>0x4cd1</value>
         <object_component_ref idref="oc-49"/>
      </symbol>
      <symbol id="sm-44e">
         <name>__aeabi_memcpy4</name>
         <value>0x4cd1</value>
         <object_component_ref idref="oc-49"/>
      </symbol>
      <symbol id="sm-44f">
         <name>__aeabi_memcpy8</name>
         <value>0x4cd1</value>
         <object_component_ref idref="oc-49"/>
      </symbol>
      <symbol id="sm-458">
         <name>__aeabi_memset</name>
         <value>0x4c2d</value>
         <object_component_ref idref="oc-1cb"/>
      </symbol>
      <symbol id="sm-459">
         <name>__aeabi_memset4</name>
         <value>0x4c2d</value>
         <object_component_ref idref="oc-1cb"/>
      </symbol>
      <symbol id="sm-45a">
         <name>__aeabi_memset8</name>
         <value>0x4c2d</value>
         <object_component_ref idref="oc-1cb"/>
      </symbol>
      <symbol id="sm-45b">
         <name>__aeabi_memclr</name>
         <value>0x4c65</value>
         <object_component_ref idref="oc-79"/>
      </symbol>
      <symbol id="sm-45c">
         <name>__aeabi_memclr4</name>
         <value>0x4c65</value>
         <object_component_ref idref="oc-79"/>
      </symbol>
      <symbol id="sm-45d">
         <name>__aeabi_memclr8</name>
         <value>0x4c65</value>
         <object_component_ref idref="oc-79"/>
      </symbol>
      <symbol id="sm-463">
         <name>__aeabi_uidiv</name>
         <value>0x4539</value>
         <object_component_ref idref="oc-1d1"/>
      </symbol>
      <symbol id="sm-464">
         <name>__aeabi_uidivmod</name>
         <value>0x4539</value>
         <object_component_ref idref="oc-1d1"/>
      </symbol>
      <symbol id="sm-46a">
         <name>__aeabi_uldivmod</name>
         <value>0x4b8d</value>
         <object_component_ref idref="oc-1e9"/>
      </symbol>
      <symbol id="sm-473">
         <name>__eqsf2</name>
         <value>0x46ed</value>
         <object_component_ref idref="oc-11d"/>
      </symbol>
      <symbol id="sm-474">
         <name>__lesf2</name>
         <value>0x46ed</value>
         <object_component_ref idref="oc-11d"/>
      </symbol>
      <symbol id="sm-475">
         <name>__ltsf2</name>
         <value>0x46ed</value>
         <object_component_ref idref="oc-11d"/>
      </symbol>
      <symbol id="sm-476">
         <name>__nesf2</name>
         <value>0x46ed</value>
         <object_component_ref idref="oc-11d"/>
      </symbol>
      <symbol id="sm-477">
         <name>__cmpsf2</name>
         <value>0x46ed</value>
         <object_component_ref idref="oc-11d"/>
      </symbol>
      <symbol id="sm-478">
         <name>__gtsf2</name>
         <value>0x4675</value>
         <object_component_ref idref="oc-122"/>
      </symbol>
      <symbol id="sm-479">
         <name>__gesf2</name>
         <value>0x4675</value>
         <object_component_ref idref="oc-122"/>
      </symbol>
      <symbol id="sm-47f">
         <name>__udivmoddi4</name>
         <value>0x33d5</value>
         <object_component_ref idref="oc-21d"/>
      </symbol>
      <symbol id="sm-485">
         <name>__aeabi_llsl</name>
         <value>0x4ab9</value>
         <object_component_ref idref="oc-260"/>
      </symbol>
      <symbol id="sm-486">
         <name>__ashldi3</name>
         <value>0x4ab9</value>
         <object_component_ref idref="oc-260"/>
      </symbol>
      <symbol id="sm-494">
         <name>__ledf2</name>
         <value>0x3b55</value>
         <object_component_ref idref="oc-237"/>
      </symbol>
      <symbol id="sm-495">
         <name>__gedf2</name>
         <value>0x38b5</value>
         <object_component_ref idref="oc-23d"/>
      </symbol>
      <symbol id="sm-496">
         <name>__cmpdf2</name>
         <value>0x3b55</value>
         <object_component_ref idref="oc-237"/>
      </symbol>
      <symbol id="sm-497">
         <name>__eqdf2</name>
         <value>0x3b55</value>
         <object_component_ref idref="oc-237"/>
      </symbol>
      <symbol id="sm-498">
         <name>__ltdf2</name>
         <value>0x3b55</value>
         <object_component_ref idref="oc-237"/>
      </symbol>
      <symbol id="sm-499">
         <name>__nedf2</name>
         <value>0x3b55</value>
         <object_component_ref idref="oc-237"/>
      </symbol>
      <symbol id="sm-49a">
         <name>__gtdf2</name>
         <value>0x38b5</value>
         <object_component_ref idref="oc-23d"/>
      </symbol>
      <symbol id="sm-4a6">
         <name>__aeabi_idiv0</name>
         <value>0x3cef</value>
         <object_component_ref idref="oc-20b"/>
      </symbol>
      <symbol id="sm-4a7">
         <name>__aeabi_ldiv0</name>
         <value>0x3db7</value>
         <object_component_ref idref="oc-25f"/>
      </symbol>
      <symbol id="sm-4b5">
         <name>finddevice</name>
         <value>0x48a1</value>
         <object_component_ref idref="oc-2ef"/>
      </symbol>
      <symbol id="sm-4b6">
         <name>getdevice</name>
         <value>0x3ae9</value>
         <object_component_ref idref="oc-2e6"/>
      </symbol>
      <symbol id="sm-4cf">
         <name>memcpy</name>
         <value>0x3477</value>
         <object_component_ref idref="oc-dd"/>
      </symbol>
      <symbol id="sm-4de">
         <name>memset</name>
         <value>0x3e1b</value>
         <object_component_ref idref="oc-139"/>
      </symbol>
      <symbol id="sm-4e6">
         <name>strcmp</name>
         <value>0x36c1</value>
         <object_component_ref idref="oc-2f2"/>
      </symbol>
      <symbol id="sm-4e7">
         <name>__TI_static_base__</name>
         <value>0x0</value>
      </symbol>
      <symbol id="sm-4eb">
         <name>__mpu_init</name>
         <value>0x0</value>
      </symbol>
      <symbol id="sm-4ec">
         <name>_system_post_cinit</name>
         <value>0x0</value>
      </symbol>
   </symbol_table>
   <title>Link successful</title>
</link_info>
