******************************************************************************
            TI ARM Clang Linker PC v4.0.3                      
******************************************************************************
>> Linked Sun Jul 20 21:48:54 2025

OUTPUT FILE NAME:   <empty_LP_MSPM0G3507_nortos_ticlang.out>
ENTRY POINT SYMBOL: "_c_int00_noargs"  address: 00004a05


MEMORY CONFIGURATION

         name            origin    length      used     unused   attr    fill
----------------------  --------  ---------  --------  --------  ----  --------
  FLASH                 00000000   00020000  00004f28  0001b0d8  R  X
  SRAM                  20200000   00008000  00000f71  0000708f  RW X
  BCR_CONFIG            41c00000   000000ff  00000000  000000ff  R   
  BSL_CONFIG            41c00100   00000080  00000000  00000080  R   


SEGMENT ALLOCATION MAP

run origin  load origin   length   init length attrs members
----------  ----------- ---------- ----------- ----- -------
00000000    00000000    00004f28   00004f28    r-x
  00000000    00000000    000000c0   000000c0    r-- .intvecs
  000000c0    000000c0    00004c40   00004c40    r-x .text
  00004d00    00004d00    00000190   00000190    r-- .rodata
  00004e90    00004e90    00000098   00000098    r-- .cinit
20200000    20200000    00000d71   00000000    rw-
  20200000    20200000    00000800   00000000    rw- .sysmem
  20200800    20200800    0000037c   00000000    rw- .bss
  20200b7c    20200b7c    000001f5   00000000    rw- .data
20207e00    20207e00    00000200   00000000    rw-
  20207e00    20207e00    00000200   00000000    rw- .stack


SECTION ALLOCATION MAP

 output                                  attributes/
section   page    origin      length       input sections
--------  ----  ----------  ----------   ----------------
.intvecs   0    00000000    000000c0     
                  00000000    000000c0     startup_mspm0g350x_ticlang.o (.intvecs)

.text      0    000000c0    00004c40     
                  000000c0    000009d0     libc.a : _printfi.c.obj (.text:__TI_printfi)
                  00000a90    00000728     bsp_gyro.o (.text.readDataJy61p)
                  000011b8    000004b8     bsp_gyro.o (.text.writeDataJy61p)
                  00001670    000003a8     control.o (.text.Control)
                  00001a18    00000220     libc.a : _printfi.c.obj (.text._pconv_a)
                  00001c38    000001dc            : _printfi.c.obj (.text._pconv_g)
                  00001e14    000001a8     sersor.o (.text.Follow_Route)
                  00001fbc    00000192     libclang_rt.builtins.a : adddf3.S.obj (.text.adddf3_subdf3)
                  0000214e    00000002     startup_mspm0g350x_ticlang.o (.text.Default_Handler)
                  00002150    0000013c     libc.a : _printfi.c.obj (.text.fcvt)
                  0000228c    00000130     bsp_gyro.o (.text.get_angle)
                  000023bc    0000012c     sersor.o (.text.Follow_Route_Mode3)
                  000024e8    00000120     libc.a : _printfi.c.obj (.text._pconv_e)
                  00002608    00000114            : memory.c.obj (.text.aligned_alloc)
                  0000271c    0000010c     libclang_rt.builtins.a : divdf3.S.obj (.text.__divdf3)
                  00002828    00000104     driverlib.a : dl_timer.o (.text.DL_Timer_initFourCCPWMMode)
                  0000292c    000000f8     libc.a : fputs.c.obj (.text.fputs)
                  00002a24    000000e8     driverlib.a : dl_timer.o (.text.DL_Timer_initTimerMode)
                  00002b0c    000000e8     libc.a : memory.c.obj (.text.free)
                  00002bf4    000000e4     libclang_rt.builtins.a : muldf3.S.obj (.text.__muldf3)
                  00002cd8    000000e0     libc.a : setvbuf.c.obj (.text.setvbuf)
                  00002db8    000000dc     driverlib.a : dl_sysctl_mspm0g1x0x_g3x0x.o (.text.DL_SYSCTL_configSYSPLL)
                  00002e94    000000dc     ti_msp_dl_config.o (.text.SYSCFG_DL_GPIO_init)
                  00002f70    000000d8     libc.a : s_scalbn.c.obj (.text.scalbn)
                  00003048    000000d8     libclang_rt.builtins.a : addsf3.S.obj (.text)
                  00003120    000000b8     main.o (.text.main)
                  000031d8    000000b0     bsp_gyro.o (.text.I2C_WaitAck)
                  00003288    000000a8     Encoder.o (.text.GROUP1_IRQHandler)
                  00003330    000000a4     bsp_gyro.o (.text.jy61pInit)
                  000033d4    000000a2     libclang_rt.builtins.a : udivmoddi4.S.obj (.text)
                  00003476    0000009a     libc.a : memcpy16.S.obj (.text:memcpy)
                  00003510    00000094     ti_msp_dl_config.o (.text.SYSCFG_DL_PWM_MOTOR_init)
                  000035a4    0000008c     ti_msp_dl_config.o (.text.SYSCFG_DL_UART_0_init)
                  00003630    0000008c     libclang_rt.builtins.a : mulsf3.S.obj (.text.__mulsf3)
                  000036bc    00000004     libsysbm.a : hostexit.c.obj (.text.HOSTexit)
                  000036c0    00000088     libc.a : strcmp-armv6m.S.obj (.text:strcmp)
                  00003748    0000007c            : fclose.c.obj (.text.__TI_closefile)
                  000037c4    0000007c            : copy_decompress_lzss.c.obj (.text:decompress:lzss)
                  00003840    00000074     ti_msp_dl_config.o (.text.SYSCFG_DL_SYSCTL_init)
                  000038b4    00000074     libclang_rt.builtins.a : comparedf2.c.obj (.text.__gedf2)
                  00003928    00000008     libc.a : aeabi_portable.c.obj (.text.__aeabi_errno_addr)
                  00003930    00000074     libclang_rt.builtins.a : truncdfsf2.S.obj (.text.__truncdfsf2)
                  000039a4    0000006c     libsysbm.a : hostlseek.c.obj (.text.HOSTlseek)
                  00003a10    0000006c                : hostrename.c.obj (.text.HOSTrename)
                  00003a7c    0000006c     libc.a : fseek.c.obj (.text.fseeko)
                  00003ae8    0000006c            : getdevice.c.obj (.text.getdevice)
                  00003b54    00000068     libclang_rt.builtins.a : comparedf2.c.obj (.text.__ledf2)
                  00003bbc    00000068     board.o (.text.lc_printf)
                  00003c24    00000066     libc.a : _printfi.c.obj (.text._mcpy)
                  00003c8a    00000064            : _io_perm.c.obj (.text.__TI_wrt_ok)
                  00003cee    00000002     libclang_rt.builtins.a : aeabi_div0.c.obj (.text.__aeabi_idiv0)
                  00003cf0    00000064     libc.a : memory.c.obj (.text.split)
                  00003d54    00000062     libclang_rt.builtins.a : aeabi_dcmp.S.obj (.text.__aeabi_dcmp)
                  00003db6    00000002                            : aeabi_div0.c.obj (.text.__aeabi_ldiv0)
                  00003db8    00000062                            : aeabi_fcmp.S.obj (.text.__aeabi_fcmp)
                  00003e1a    00000062     libc.a : memset16.S.obj (.text:memset)
                  00003e7c    00000060     libsysbm.a : hostopen.c.obj (.text.HOSTopen)
                  00003edc    00000060     main.o (.text.TIMA0_IRQHandler)
                  00003f3c    0000005c     libc.a : s_frexp.c.obj (.text.frexp)
                  00003f98    00000058     libsysbm.a : hostread.c.obj (.text.HOSTread)
                  00003ff0    00000058                : hostwrite.c.obj (.text.HOSTwrite)
                  00004048    00000058     libc.a : _ltoa.c.obj (.text.__TI_ltoa)
                  000040a0    00000058            : _printfi.c.obj (.text._pconv_f)
                  000040f8    00000056     libclang_rt.builtins.a : aeabi_idivmod.S.obj (.text.__aeabi_idivmod)
                  0000414e    00000002     libc.a : _lock.c.obj (.text._nop)
                  00004150    00000054     motor.o (.text.Set_PWM)
                  000041a4    00000052     libc.a : fflush.c.obj (.text.__TI_doflush)
                  000041f6    00000052            : _printfi.c.obj (.text._ecpy)
                  00004248    00000050     sersor.o (.text.Incremental_Quantity4)
                  00004298    00000050     sersor.o (.text.Incremental_Quantity)
                  000042e8    00000050     ti_msp_dl_config.o (.text.SYSCFG_DL_TIMER_0_init)
                  00004338    00000050     libsysbm.a : close.c.obj (.text.close)
                  00004388    0000004a     libclang_rt.builtins.a : fixdfsi.S.obj (.text.__fixdfsi)
                  000043d2    00000002     --HOLE-- [fill = 0]
                  000043d4    00000048     driverlib.a : dl_uart.o (.text.DL_UART_init)
                  0000441c    00000048     libsysbm.a : hostclose.c.obj (.text.HOSTclose)
                  00004464    00000048                : hostunlink.c.obj (.text.HOSTunlink)
                  000044ac    00000048     ti_msp_dl_config.o (.text.SYSCFG_DL_initPower)
                  000044f4    00000044     driverlib.a : dl_sysctl_mspm0g1x0x_g3x0x.o (.text.DL_SYSCTL_switchMCLKfromSYSOSCtoHSCLK)
                  00004538    00000040     libclang_rt.builtins.a : aeabi_uidivmod.S.obj (.text.__aeabi_uidivmod)
                  00004578    00000040                            : extendsfdf2.S.obj (.text.__extendsfdf2)
                  000045b8    00000040     libc.a : atoi.c.obj (.text.atoi)
                  000045f8    00000040            : vsnprintf.c.obj (.text.vsnprintf)
                  00004638    0000003c     libclang_rt.builtins.a : floatsisf.S.obj (.text.__floatsisf)
                  00004674    0000003c                            : comparesf2.S.obj (.text.__gtsf2)
                  000046b0    0000003c     libc.a : autoinit.c.obj (.text:__TI_auto_init_nobinit_nopinit)
                  000046ec    0000003a     libclang_rt.builtins.a : comparesf2.S.obj (.text.__eqsf2)
                  00004726    00000002     --HOLE-- [fill = 0]
                  00004728    0000003a                            : muldsi3.S.obj (.text.__muldsi3)
                  00004762    00000002     --HOLE-- [fill = 0]
                  00004764    00000038                            : fixsfsi.S.obj (.text.__fixsfsi)
                  0000479c    00000034     ti_msp_dl_config.o (.text.SYSCFG_DL_init)
                  000047d0    00000034     libc.a : fopen.c.obj (.text.__TI_cleanup)
                  00004804    00000034     libsysbm.a : trgmsg.c.obj (.text.__TI_readmsg)
                  00004838    00000034                : trgmsg.c.obj (.text.__TI_writemsg)
                  0000486c    00000034     libc.a : exit.c.obj (.text.exit)
                  000048a0    00000034            : getdevice.c.obj (.text.finddevice)
                  000048d4    00000030            : _printfi.c.obj (.text._fcpy)
                  00004904    00000030            : vsnprintf.c.obj (.text._outs)
                  00004934    0000002c     libclang_rt.builtins.a : floatsidf.S.obj (.text.__floatsidf)
                  00004960    0000002c     libsysbm.a : unlink.c.obj (.text.unlink)
                  0000498c    00000028     libc.a : memory.c.obj (.text.free_list_insert)
                  000049b4    00000028     libsysbm.a : lseek.c.obj (.text.lseek)
                  000049dc    00000028                : write.c.obj (.text.write)
                  00004a04    00000028     libc.a : boot_cortex_m.c.obj (.text:_c_int00_noargs)
                  00004a2c    00000024     libclang_rt.builtins.a : muldi3.S.obj (.text.__muldi3)
                  00004a50    00000024     libc.a : fputs.c.obj (.text.puts)
                  00004a74    00000022            : memccpy.c.obj (.text.memccpy)
                  00004a96    00000002     --HOLE-- [fill = 0]
                  00004a98    00000020     hardware.o (.text.BEEP)
                  00004ab8    0000001e     libclang_rt.builtins.a : ashldi3.S.obj (.text.__ashldi3)
                  00004ad6    00000002     --HOLE-- [fill = 0]
                  00004ad8    0000001c     driverlib.a : dl_timer.o (.text.DL_Timer_setCaptCompUpdateMethod)
                  00004af4    0000001c                 : dl_timer.o (.text.DL_Timer_setClockConfig)
                  00004b10    0000001c     libc.a : memory.c.obj (.text.free_list_remove)
                  00004b2c    00000018     driverlib.a : dl_timer.o (.text.DL_Timer_setCaptureCompareOutCtl)
                  00004b44    00000018     libc.a : vsnprintf.c.obj (.text._outc)
                  00004b5c    00000018     uart.o (.text.uart_Init)
                  00004b74    00000016     libc.a : copy_zero_init.c.obj (.text:decompress:ZI:__TI_zero_init_nomemset)
                  00004b8a    00000002     --HOLE-- [fill = 0]
                  00004b8c    00000014     libclang_rt.builtins.a : aeabi_uldivmod.S.obj (.text.__aeabi_uldivmod)
                  00004ba0    00000014     Encoder.o (.text.encoder_init)
                  00004bb4    00000014     libc.a : _printfi.c.obj (.text.strchr)
                  00004bc8    00000012     driverlib.a : dl_uart.o (.text.DL_UART_setClockConfig)
                  00004bda    00000012     libc.a : copy_decompress_none.c.obj (.text:decompress:none)
                  00004bec    00000010     driverlib.a : dl_timer.o (.text.DL_Timer_setCaptureCompareValue)
                  00004bfc    00000010     board.o (.text.delay_ms)
                  00004c0c    00000010     libc.a : wcslen.c.obj (.text.wcslen)
                  00004c1c    0000000e            : memory.c.obj (.text.OUTLINED_FUNCTION_0)
                  00004c2a    00000002     --HOLE-- [fill = 0]
                  00004c2c    0000000e     libclang_rt.builtins.a : aeabi_memset.S.obj (.text.__aeabi_memset)
                  00004c3a    0000000e     libsysbm.a : hostrename.c.obj (.text.strcpy)
                  00004c48    0000000e     libc.a : _printfi.c.obj (.text.strlen)
                  00004c56    0000000e     libsysbm.a : hostrename.c.obj (.text.strlen)
                  00004c64    0000000c     libclang_rt.builtins.a : aeabi_memset.S.obj (.text.__aeabi_memclr)
                  00004c70    0000000c     board.o (.text.delay_us)
                  00004c7c    0000000c     Encoder.o (.text.get_encoder_countL)
                  00004c88    0000000c     Encoder.o (.text.get_encoder_countR)
                  00004c94    0000000c     libc.a : memory.c.obj (.text.malloc)
                  00004ca0    0000000a     driverlib.a : dl_common.o (.text.DL_Common_delayCycles)
                  00004caa    0000000a     libc.a : _printfi.c.obj (.text.OUTLINED_FUNCTION_0)
                  00004cb4    00000010     libclang_rt.builtins.a : adddf3.S.obj (.tramp.__aeabi_dsub.1)
                  00004cc4    0000000a     libc.a : _printfi.c.obj (.text.OUTLINED_FUNCTION_1)
                  00004cce    00000002     --HOLE-- [fill = 0]
                  00004cd0    00000008     libclang_rt.builtins.a : aeabi_memcpy.S.obj (.text.__aeabi_memcpy)
                  00004cd8    00000008     libc.a : fseek.c.obj (.text.fseek)
                  00004ce0    00000008     libsysbm.a : remove.c.obj (.text.remove)
                  00004ce8    00000006     libc.a : exit.c.obj (.text:abort)
                  00004cee    00000004     startup_mspm0g350x_ticlang.o (.text.Reset_Handler)
                  00004cf2    00000004     libc.a : pre_init.c.obj (.text._system_pre_init)
                  00004cf6    0000000a     --HOLE-- [fill = 0]

.cinit     0    00004e90    00000098     
                  00004e90    0000006e     (.cinit..data.load) [load image, compression = lzss]
                  00004efe    00000002     --HOLE-- [fill = 0]
                  00004f00    0000000c     (__TI_handler_table)
                  00004f0c    00000008     (.cinit..bss.load) [load image, compression = zero_init]
                  00004f14    00000010     (__TI_cinit_table)
                  00004f24    00000004     --HOLE-- [fill = 0]

.rodata    0    00004d00    00000190     
                  00004d00    00000101     libc.a : aeabi_ctype.S.obj (.rodata:__aeabi_ctype_table_)
                  00004e01    00000003     ti_msp_dl_config.o (.rodata.gPWM_MOTORClockConfig)
                  00004e04    00000028     ti_msp_dl_config.o (.rodata.gSYSPLLConfig)
                  00004e2c    00000014     ti_msp_dl_config.o (.rodata.gTIMER_0TimerConfig)
                  00004e40    00000011     libc.a : _printfi.c.obj (.rodata.str1.10348868589481759720.1)
                  00004e51    00000011            : _printfi.c.obj (.rodata.str1.15363888844622738466.1)
                  00004e62    0000000c     bsp_gyro.o (.rodata.str1.3892504646801821206.1)
                  00004e6e    0000000a     ti_msp_dl_config.o (.rodata.gUART_0Config)
                  00004e78    00000008     ti_msp_dl_config.o (.rodata.gPWM_MOTORConfig)
                  00004e80    00000007     control.o (.rodata.str1.16084482527309772942.1)
                  00004e87    00000003     ti_msp_dl_config.o (.rodata.gTIMER_0ClockConfig)
                  00004e8a    00000002     ti_msp_dl_config.o (.rodata.gUART_0ClockConfig)
                  00004e8c    00000002     libc.a : fputs.c.obj (.rodata.str1.16607721268415185390.1)
                  00004e8e    00000002     --HOLE-- [fill = 0]

.init_array 
*          0    00000000    00000000     UNINITIALIZED

.binit     0    00000000    00000000     

.sysmem    0    20200000    00000800     UNINITIALIZED
                  20200000    00000010     libc.a : memory.c.obj (.sysmem)
                  20200010    000007f0     --HOLE--

.bss       0    20200800    0000037c     UNINITIALIZED
                  20200800    00000120     libsysbm.a : trgmsg.c.obj (.bss:_CIOBUF_)
                  20200920    000000bc     (.common:gTIMER_0Backup)
                  202009dc    000000a0     libc.a : defs.c.obj (.bss.__TI_tmpnams)
                  20200a7c    000000a0     (.common:gPWM_MOTORBackup)
                  20200b1c    00000004     control.o (.bss.GYRO_Control.Last2_bias)
                  20200b20    00000018     Encoder.o (.bss.motor_encoder)
                  20200b38    0000000c     (.common:Gyro_Structure)
                  20200b44    00000008     libsysbm.a : hostopen.c.obj (.bss.parmbuf)
                  20200b4c    00000004     control.o (.bss.GYRO_Control.Last_bias)
                  20200b50    00000004     control.o (.bss.GYRO_Control.Pwm)
                  20200b54    00000004     control.o (.bss.PID_A.Last2_bias)
                  20200b58    00000004     control.o (.bss.PID_A.Last_bias)
                  20200b5c    00000004     control.o (.bss.PID_A.Pwm)
                  20200b60    00000004     control.o (.bss.PID_B.Last2_bias)
                  20200b64    00000004     control.o (.bss.PID_B.Last_bias)
                  20200b68    00000004     control.o (.bss.PID_B.Pwm)
                  20200b6c    00000004     libc.a : memory.c.obj (.bss.sys_free)
                  20200b70    00000004     (.common:Motor_Left)
                  20200b74    00000004     (.common:Motor_Right)
                  20200b78    00000004     (.common:Yaw)

.data      0    20200b7c    000001f5     UNINITIALIZED
                  20200b7c    000000f0     libc.a : defs.c.obj (.data._ftable)
                  20200c6c    00000078     libsysbm.a : host_device.c.obj (.data._device)
                  20200ce4    00000050                : host_device.c.obj (.data._stream)
                  20200d34    00000008     libc.a : exit.c.obj (.data..L_MergedGlobals)
                  20200d3c    00000004     sersor.o (.data.Follow_Route.cnt)
                  20200d40    00000004     sersor.o (.data.Follow_Route_Mode3.cnt3)
                  20200d44    00000004     main.o (.data.LED_CNT)
                  20200d48    00000004     control.o (.data.Speed_Middle)
                  20200d4c    00000004     libc.a : defs.c.obj (.data.__TI_ft_end)
                  20200d50    00000004            : aeabi_portable.c.obj (.data.__aeabi_errno)
                  20200d54    00000004            : _lock.c.obj (.data._lock)
                  20200d58    00000004            : _lock.c.obj (.data._unlock)
                  20200d5c    00000004     main.o (.data.cnt)
                  20200d60    00000004     main.o (.data.flag)
                  20200d64    00000004     main.o (.data.flag_en)
                  20200d68    00000004     main.o (.data.mode)
                  20200d6c    00000001     main.o (.data.flag_LED)
                  20200d6d    00000003     --HOLE--
                  20200d70    00000001     libc.a : memory.c.obj (.data.memory_is_initialized)

.stack     0    20207e00    00000200     UNINITIALIZED
                  20207e00    00000004     libc.a : boot_cortex_m.c.obj (.stack)
                  20207e04    000001fc     --HOLE--

__llvm_prf_cnts 
*          0    20200000    00000000     UNINITIALIZED

__llvm_prf_bits 
*          0    20200000    00000000     UNINITIALIZED

MODULE SUMMARY

       Module                         code    ro data   rw data
       ------                         ----    -------   -------
    .\
       ti_msp_dl_config.o             828     86        348    
       main.o                         280     0         21     
       startup_mspm0g350x_ticlang.o   6       192       0      
    +--+------------------------------+-------+---------+---------+
       Total:                         1114    278       369    
                                                               
    .\Board\
       board.o                        132     0         0      
    +--+------------------------------+-------+---------+---------+
       Total:                         132     0         0      
                                                               
    .\Encoder\
       Encoder.o                      212     0         24     
    +--+------------------------------+-------+---------+---------+
       Total:                         212     0         24     
                                                               
    .\Hardware\
       sersor.o                       884     0         8      
       hardware.o                     32      0         0      
    +--+------------------------------+-------+---------+---------+
       Total:                         916     0         8      
                                                               
    .\JY61P\
       bsp_gyro.o                     3684    12        12     
    +--+------------------------------+-------+---------+---------+
       Total:                         3684    12        12     
                                                               
    .\MOTOR\
       motor.o                        84      0         0      
    +--+------------------------------+-------+---------+---------+
       Total:                         84      0         0      
                                                               
    .\UART\
       uart.o                         24      0         0      
    +--+------------------------------+-------+---------+---------+
       Total:                         24      0         0      
                                                               
    .\control\
       control.o                      936     7         52     
    +--+------------------------------+-------+---------+---------+
       Total:                         936     7         52     
                                                               
    C:/ti/mspm0_sdk_2_05_01_00/source/ti/driverlib/lib/ticlang/m0p/mspm0g1x0x_g3x0x/driverlib.a
       dl_timer.o                     588     0         0      
       dl_sysctl_mspm0g1x0x_g3x0x.o   288     0         0      
       dl_uart.o                      90      0         0      
       dl_common.o                    10      0         0      
    +--+------------------------------+-------+---------+---------+
       Total:                         976     0         0      
                                                               
    F:\ti\ccs2020\ccs\tools\compiler\ti-cgt-armllvm_4.0.3.LTS\lib\armv6m-ti-none-eabi/c/libc.a
       _printfi.c.obj                 4510    34        0      
       memory.c.obj                   702     0         5      
       defs.c.obj                     0       0         404    
       fputs.c.obj                    284     2         0      
       aeabi_ctype.S.obj              0       257       0      
       setvbuf.c.obj                  224     0         0      
       s_scalbn.c.obj                 216     0         0      
       getdevice.c.obj                160     0         0      
       memcpy16.S.obj                 154     0         0      
       strcmp-armv6m.S.obj            136     0         0      
       vsnprintf.c.obj                136     0         0      
       copy_decompress_lzss.c.obj     124     0         0      
       fclose.c.obj                   124     0         0      
       fseek.c.obj                    116     0         0      
       _io_perm.c.obj                 100     0         0      
       memset16.S.obj                 98      0         0      
       s_frexp.c.obj                  92      0         0      
       _ltoa.c.obj                    88      0         0      
       fflush.c.obj                   82      0         0      
       exit.c.obj                     58      0         8      
       atoi.c.obj                     64      0         0      
       autoinit.c.obj                 60      0         0      
       fopen.c.obj                    52      0         0      
       boot_cortex_m.c.obj            40      0         0      
       memccpy.c.obj                  34      0         0      
       copy_zero_init.c.obj           22      0         0      
       copy_decompress_none.c.obj     18      0         0      
       wcslen.c.obj                   16      0         0      
       aeabi_portable.c.obj           8       0         4      
       _lock.c.obj                    2       0         8      
       pre_init.c.obj                 4       0         0      
    +--+------------------------------+-------+---------+---------+
       Total:                         7724    293       429    
                                                               
    F:\ti\ccs2020\ccs\tools\compiler\ti-cgt-armllvm_4.0.3.LTS\lib\armv6m-ti-none-eabi/c/libsysbm.a
       trgmsg.c.obj                   104     0         288    
       host_device.c.obj              0       0         200    
       hostrename.c.obj               136     0         0      
       hostlseek.c.obj                108     0         0      
       hostopen.c.obj                 96      0         8      
       hostread.c.obj                 88      0         0      
       hostwrite.c.obj                88      0         0      
       close.c.obj                    80      0         0      
       hostclose.c.obj                72      0         0      
       hostunlink.c.obj               72      0         0      
       unlink.c.obj                   44      0         0      
       lseek.c.obj                    40      0         0      
       write.c.obj                    40      0         0      
       remove.c.obj                   8       0         0      
       hostexit.c.obj                 4       0         0      
    +--+------------------------------+-------+---------+---------+
       Total:                         980     0         496    
                                                               
    F:\ti\ccs2020\ccs\tools\compiler\ti-cgt-armllvm_4.0.3.LTS\lib\armv6m-ti-none-eabi/libclang_rt.builtins.a
       adddf3.S.obj                   418     0         0      
       divdf3.S.obj                   268     0         0      
       muldf3.S.obj                   228     0         0      
       comparedf2.c.obj               220     0         0      
       addsf3.S.obj                   216     0         0      
       udivmoddi4.S.obj               162     0         0      
       mulsf3.S.obj                   140     0         0      
       comparesf2.S.obj               118     0         0      
       truncdfsf2.S.obj               116     0         0      
       aeabi_dcmp.S.obj               98      0         0      
       aeabi_fcmp.S.obj               98      0         0      
       aeabi_idivmod.S.obj            86      0         0      
       fixdfsi.S.obj                  74      0         0      
       aeabi_uidivmod.S.obj           64      0         0      
       extendsfdf2.S.obj              64      0         0      
       floatsisf.S.obj                60      0         0      
       muldsi3.S.obj                  58      0         0      
       fixsfsi.S.obj                  56      0         0      
       floatsidf.S.obj                44      0         0      
       muldi3.S.obj                   36      0         0      
       ashldi3.S.obj                  30      0         0      
       aeabi_memset.S.obj             26      0         0      
       aeabi_uldivmod.S.obj           20      0         0      
       aeabi_memcpy.S.obj             8       0         0      
       aeabi_div0.c.obj               4       0         0      
    +--+------------------------------+-------+---------+---------+
       Total:                         2712    0         0      
                                                               
       Heap:                          0       0         2048   
       Stack:                         0       0         512    
       Linker Generated:              0       146       0      
    +--+------------------------------+-------+---------+---------+
       Grand Total:                   19494   736       3950   


LINKER GENERATED COPY TABLES

__TI_cinit_table @ 00004f14 records: 2, size/record: 8, table size: 16
	.data: load addr=00004e90, load size=0000006e bytes, run addr=20200b7c, run size=000001f5 bytes, compression=lzss
	.bss: load addr=00004f0c, load size=00000008 bytes, run addr=20200800, run size=0000037c bytes, compression=zero_init


LINKER GENERATED HANDLER TABLE

__TI_handler_table @ 00004f00 records: 3, size/record: 4, table size: 12
	index: 0, handler: __TI_decompress_lzss
	index: 1, handler: __TI_decompress_none
	index: 2, handler: __TI_zero_init


FAR CALL TRAMPOLINES

callee name               trampoline name
   callee addr  tramp addr   call addr  call info
--------------  -----------  ---------  ----------------
__aeabi_dsub              $Tramp$TT$L$PI$$__aeabi_dsub
   00001fbd     00004cb4     00004cb2   libc.a : _printfi.c.obj (.text.OUTLINED_FUNCTION_0)

[1 trampolines]
[1 trampoline calls]


GLOBAL SYMBOLS: SORTED ALPHABETICALLY BY Name 

address   name                                 
-------   ----                                 
0000214f  ADC0_IRQHandler                      
0000214f  ADC1_IRQHandler                      
0000214f  AES_IRQHandler                       
00004a99  BEEP                                 
000036bc  C$$EXIT                              
00004865  C$$IO$$                              
0000214f  CANFD0_IRQHandler                    
00001671  Control                              
0000214f  DAC0_IRQHandler                      
00004ca1  DL_Common_delayCycles                
00002db9  DL_SYSCTL_configSYSPLL               
000044f5  DL_SYSCTL_switchMCLKfromSYSOSCtoHSCLK
00002829  DL_Timer_initFourCCPWMMode           
00002a25  DL_Timer_initTimerMode               
00004ad9  DL_Timer_setCaptCompUpdateMethod     
00004b2d  DL_Timer_setCaptureCompareOutCtl     
00004bed  DL_Timer_setCaptureCompareValue      
00004af5  DL_Timer_setClockConfig              
000043d5  DL_UART_init                         
00004bc9  DL_UART_setClockConfig               
0000214f  DMA_IRQHandler                       
0000214f  Default_Handler                      
00001e15  Follow_Route                         
000023bd  Follow_Route_Mode3                   
0000214f  GROUP0_IRQHandler                    
00003289  GROUP1_IRQHandler                    
20200b38  Gyro_Structure                       
0000441d  HOSTclose                            
000036bd  HOSTexit                             
000039a5  HOSTlseek                            
00003e7d  HOSTopen                             
00003f99  HOSTread                             
00003a11  HOSTrename                           
00004465  HOSTunlink                           
00003ff1  HOSTwrite                            
0000214f  HardFault_Handler                    
0000214f  I2C0_IRQHandler                      
0000214f  I2C1_IRQHandler                      
000031d9  I2C_WaitAck                          
00004299  Incremental_Quantity                 
00004249  Incremental_Quantity4                
20200d44  LED_CNT                              
20200b70  Motor_Left                           
20200b74  Motor_Right                          
0000214f  NMI_Handler                          
0000214f  PendSV_Handler                       
0000214f  RTC_IRQHandler                       
00004cef  Reset_Handler                        
0000214f  SPI0_IRQHandler                      
0000214f  SPI1_IRQHandler                      
0000214f  SVC_Handler                          
00002e95  SYSCFG_DL_GPIO_init                  
00003511  SYSCFG_DL_PWM_MOTOR_init             
00003841  SYSCFG_DL_SYSCTL_init                
000042e9  SYSCFG_DL_TIMER_0_init               
000035a5  SYSCFG_DL_UART_0_init                
0000479d  SYSCFG_DL_init                       
000044ad  SYSCFG_DL_initPower                  
00004151  Set_PWM                              
20200d48  Speed_Middle                         
0000214f  SysTick_Handler                      
00003edd  TIMA0_IRQHandler                     
0000214f  TIMA1_IRQHandler                     
0000214f  TIMG0_IRQHandler                     
0000214f  TIMG12_IRQHandler                    
0000214f  TIMG6_IRQHandler                     
0000214f  TIMG7_IRQHandler                     
0000214f  TIMG8_IRQHandler                     
0000214f  UART0_IRQHandler                     
0000214f  UART1_IRQHandler                     
0000214f  UART2_IRQHandler                     
0000214f  UART3_IRQHandler                     
20200b78  Yaw                                  
20200800  _CIOBUF_                             
20200800  __CIOBUF_                            
20208000  __STACK_END                          
00000200  __STACK_SIZE                         
00000800  __SYSMEM_SIZE                        
00000000  __TI_ATRegion0_region_sz             
00000000  __TI_ATRegion0_src_addr              
00000000  __TI_ATRegion0_trg_addr              
00000000  __TI_ATRegion1_region_sz             
00000000  __TI_ATRegion1_src_addr              
00000000  __TI_ATRegion1_trg_addr              
00000000  __TI_ATRegion2_region_sz             
00000000  __TI_ATRegion2_src_addr              
00000000  __TI_ATRegion2_trg_addr              
00004f14  __TI_CINIT_Base                      
00004f24  __TI_CINIT_Limit                     
00004f24  __TI_CINIT_Warm                      
00004f00  __TI_Handler_Table_Base              
00004f0c  __TI_Handler_Table_Limit             
000046b1  __TI_auto_init_nobinit_nopinit       
000047d1  __TI_cleanup                         
20200d34  __TI_cleanup_ptr                     
00003749  __TI_closefile                       
000037c5  __TI_decompress_lzss                 
00004bdb  __TI_decompress_none                 
000041a5  __TI_doflush                         
20200d38  __TI_dtors_ptr                       
20200d4c  __TI_ft_end                          
00004049  __TI_ltoa                            
ffffffff  __TI_pprof_out_hndl                  
000000c1  __TI_printfi                         
ffffffff  __TI_prof_data_size                  
ffffffff  __TI_prof_data_start                 
00004805  __TI_readmsg                         
00000000  __TI_static_base__                   
202009dc  __TI_tmpnams                         
00004839  __TI_writemsg                        
00003c8b  __TI_wrt_ok                          
00004b75  __TI_zero_init_nomemset              
00001fc7  __adddf3                             
00003053  __addsf3                             
00004d00  __aeabi_ctype_table_                 
00004d00  __aeabi_ctype_table_C                
00003931  __aeabi_d2f                          
00004389  __aeabi_d2iz                         
00001fc7  __aeabi_dadd                         
00003d55  __aeabi_dcmpeq                       
00003d91  __aeabi_dcmpge                       
00003da5  __aeabi_dcmpgt                       
00003d7d  __aeabi_dcmple                       
00003d69  __aeabi_dcmplt                       
0000271d  __aeabi_ddiv                         
00002bf5  __aeabi_dmul                         
00001fbd  __aeabi_dsub                         
20200d50  __aeabi_errno                        
00003929  __aeabi_errno_addr                   
00004579  __aeabi_f2d                          
00004765  __aeabi_f2iz                         
00003053  __aeabi_fadd                         
00003db9  __aeabi_fcmpeq                       
00003df5  __aeabi_fcmpge                       
00003e09  __aeabi_fcmpgt                       
00003de1  __aeabi_fcmple                       
00003dcd  __aeabi_fcmplt                       
00003631  __aeabi_fmul                         
00003049  __aeabi_fsub                         
00004935  __aeabi_i2d                          
00004639  __aeabi_i2f                          
000040f9  __aeabi_idiv                         
00003cef  __aeabi_idiv0                        
000040f9  __aeabi_idivmod                      
00003db7  __aeabi_ldiv0                        
00004ab9  __aeabi_llsl                         
00004a2d  __aeabi_lmul                         
00004c65  __aeabi_memclr                       
00004c65  __aeabi_memclr4                      
00004c65  __aeabi_memclr8                      
00004cd1  __aeabi_memcpy                       
00004cd1  __aeabi_memcpy4                      
00004cd1  __aeabi_memcpy8                      
00004c2d  __aeabi_memset                       
00004c2d  __aeabi_memset4                      
00004c2d  __aeabi_memset8                      
00004539  __aeabi_uidiv                        
00004539  __aeabi_uidivmod                     
00004b8d  __aeabi_uldivmod                     
00004ab9  __ashldi3                            
ffffffff  __binit__                            
00003b55  __cmpdf2                             
000046ed  __cmpsf2                             
0000271d  __divdf3                             
00003b55  __eqdf2                              
000046ed  __eqsf2                              
00004579  __extendsfdf2                        
00004389  __fixdfsi                            
00004765  __fixsfsi                            
00004935  __floatsidf                          
00004639  __floatsisf                          
000038b5  __gedf2                              
00004675  __gesf2                              
000038b5  __gtdf2                              
00004675  __gtsf2                              
00003b55  __ledf2                              
000046ed  __lesf2                              
00003b55  __ltdf2                              
000046ed  __ltsf2                              
UNDEFED   __mpu_init                           
00002bf5  __muldf3                             
00004a2d  __muldi3                             
00004729  __muldsi3                            
00003631  __mulsf3                             
00003b55  __nedf2                              
000046ed  __nesf2                              
20207e00  __stack                              
20200000  __start___llvm_prf_bits              
20200000  __start___llvm_prf_cnts              
20200000  __stop___llvm_prf_bits               
20200000  __stop___llvm_prf_cnts               
00001fbd  __subdf3                             
00003049  __subsf3                             
00003931  __truncdfsf2                         
000033d5  __udivmoddi4                         
00004a05  _c_int00_noargs                      
20200c6c  _device                              
20200b7c  _ftable                              
20200d54  _lock                                
0000414f  _nop                                 
20200ce4  _stream                              
20200000  _sys_memory                          
UNDEFED   _system_post_cinit                   
00004cf3  _system_pre_init                     
20200d58  _unlock                              
00004ce9  abort                                
00002609  aligned_alloc                        
000045b9  atoi                                 
ffffffff  binit                                
00004339  close                                
20200d5c  cnt                                  
00004bfd  delay_ms                             
00004c71  delay_us                             
00004ba1  encoder_init                         
0000486d  exit                                 
000048a1  finddevice                           
20200d60  flag                                 
20200d6c  flag_LED                             
20200d64  flag_en                              
0000292d  fputs                                
00002b0d  free                                 
00003f3d  frexp                                
00003f3d  frexpl                               
00004cd9  fseek                                
00003a7d  fseeko                               
20200a7c  gPWM_MOTORBackup                     
20200920  gTIMER_0Backup                       
0000228d  get_angle                            
00004c7d  get_encoder_countL                   
00004c89  get_encoder_countR                   
00003ae9  getdevice                            
00000000  interruptVectors                     
00003331  jy61pInit                            
00003bbd  lc_printf                            
00002f71  ldexp                                
00002f71  ldexpl                               
000049b5  lseek                                
00003121  main                                 
00004c95  malloc                               
00002609  memalign                             
00004a75  memccpy                              
00003477  memcpy                               
00003e1b  memset                               
20200d68  mode                                 
20200b44  parmbuf                              
00004a51  puts                                 
00000a91  readDataJy61p                        
00004ce1  remove                               
00002f71  scalbn                               
00002f71  scalbnl                              
00002cd9  setvbuf                              
000036c1  strcmp                               
00004b5d  uart_Init                            
00004961  unlink                               
000045f9  vsnprintf                            
00004c0d  wcslen                               
000049dd  write                                
000011b9  writeDataJy61p                       


GLOBAL SYMBOLS: SORTED BY Symbol Address 

address   name                                 
-------   ----                                 
00000000  __TI_ATRegion0_region_sz             
00000000  __TI_ATRegion0_src_addr              
00000000  __TI_ATRegion0_trg_addr              
00000000  __TI_ATRegion1_region_sz             
00000000  __TI_ATRegion1_src_addr              
00000000  __TI_ATRegion1_trg_addr              
00000000  __TI_ATRegion2_region_sz             
00000000  __TI_ATRegion2_src_addr              
00000000  __TI_ATRegion2_trg_addr              
00000000  __TI_static_base__                   
00000000  interruptVectors                     
000000c1  __TI_printfi                         
00000200  __STACK_SIZE                         
00000800  __SYSMEM_SIZE                        
00000a91  readDataJy61p                        
000011b9  writeDataJy61p                       
00001671  Control                              
00001e15  Follow_Route                         
00001fbd  __aeabi_dsub                         
00001fbd  __subdf3                             
00001fc7  __adddf3                             
00001fc7  __aeabi_dadd                         
0000214f  ADC0_IRQHandler                      
0000214f  ADC1_IRQHandler                      
0000214f  AES_IRQHandler                       
0000214f  CANFD0_IRQHandler                    
0000214f  DAC0_IRQHandler                      
0000214f  DMA_IRQHandler                       
0000214f  Default_Handler                      
0000214f  GROUP0_IRQHandler                    
0000214f  HardFault_Handler                    
0000214f  I2C0_IRQHandler                      
0000214f  I2C1_IRQHandler                      
0000214f  NMI_Handler                          
0000214f  PendSV_Handler                       
0000214f  RTC_IRQHandler                       
0000214f  SPI0_IRQHandler                      
0000214f  SPI1_IRQHandler                      
0000214f  SVC_Handler                          
0000214f  SysTick_Handler                      
0000214f  TIMA1_IRQHandler                     
0000214f  TIMG0_IRQHandler                     
0000214f  TIMG12_IRQHandler                    
0000214f  TIMG6_IRQHandler                     
0000214f  TIMG7_IRQHandler                     
0000214f  TIMG8_IRQHandler                     
0000214f  UART0_IRQHandler                     
0000214f  UART1_IRQHandler                     
0000214f  UART2_IRQHandler                     
0000214f  UART3_IRQHandler                     
0000228d  get_angle                            
000023bd  Follow_Route_Mode3                   
00002609  aligned_alloc                        
00002609  memalign                             
0000271d  __aeabi_ddiv                         
0000271d  __divdf3                             
00002829  DL_Timer_initFourCCPWMMode           
0000292d  fputs                                
00002a25  DL_Timer_initTimerMode               
00002b0d  free                                 
00002bf5  __aeabi_dmul                         
00002bf5  __muldf3                             
00002cd9  setvbuf                              
00002db9  DL_SYSCTL_configSYSPLL               
00002e95  SYSCFG_DL_GPIO_init                  
00002f71  ldexp                                
00002f71  ldexpl                               
00002f71  scalbn                               
00002f71  scalbnl                              
00003049  __aeabi_fsub                         
00003049  __subsf3                             
00003053  __addsf3                             
00003053  __aeabi_fadd                         
00003121  main                                 
000031d9  I2C_WaitAck                          
00003289  GROUP1_IRQHandler                    
00003331  jy61pInit                            
000033d5  __udivmoddi4                         
00003477  memcpy                               
00003511  SYSCFG_DL_PWM_MOTOR_init             
000035a5  SYSCFG_DL_UART_0_init                
00003631  __aeabi_fmul                         
00003631  __mulsf3                             
000036bc  C$$EXIT                              
000036bd  HOSTexit                             
000036c1  strcmp                               
00003749  __TI_closefile                       
000037c5  __TI_decompress_lzss                 
00003841  SYSCFG_DL_SYSCTL_init                
000038b5  __gedf2                              
000038b5  __gtdf2                              
00003929  __aeabi_errno_addr                   
00003931  __aeabi_d2f                          
00003931  __truncdfsf2                         
000039a5  HOSTlseek                            
00003a11  HOSTrename                           
00003a7d  fseeko                               
00003ae9  getdevice                            
00003b55  __cmpdf2                             
00003b55  __eqdf2                              
00003b55  __ledf2                              
00003b55  __ltdf2                              
00003b55  __nedf2                              
00003bbd  lc_printf                            
00003c8b  __TI_wrt_ok                          
00003cef  __aeabi_idiv0                        
00003d55  __aeabi_dcmpeq                       
00003d69  __aeabi_dcmplt                       
00003d7d  __aeabi_dcmple                       
00003d91  __aeabi_dcmpge                       
00003da5  __aeabi_dcmpgt                       
00003db7  __aeabi_ldiv0                        
00003db9  __aeabi_fcmpeq                       
00003dcd  __aeabi_fcmplt                       
00003de1  __aeabi_fcmple                       
00003df5  __aeabi_fcmpge                       
00003e09  __aeabi_fcmpgt                       
00003e1b  memset                               
00003e7d  HOSTopen                             
00003edd  TIMA0_IRQHandler                     
00003f3d  frexp                                
00003f3d  frexpl                               
00003f99  HOSTread                             
00003ff1  HOSTwrite                            
00004049  __TI_ltoa                            
000040f9  __aeabi_idiv                         
000040f9  __aeabi_idivmod                      
0000414f  _nop                                 
00004151  Set_PWM                              
000041a5  __TI_doflush                         
00004249  Incremental_Quantity4                
00004299  Incremental_Quantity                 
000042e9  SYSCFG_DL_TIMER_0_init               
00004339  close                                
00004389  __aeabi_d2iz                         
00004389  __fixdfsi                            
000043d5  DL_UART_init                         
0000441d  HOSTclose                            
00004465  HOSTunlink                           
000044ad  SYSCFG_DL_initPower                  
000044f5  DL_SYSCTL_switchMCLKfromSYSOSCtoHSCLK
00004539  __aeabi_uidiv                        
00004539  __aeabi_uidivmod                     
00004579  __aeabi_f2d                          
00004579  __extendsfdf2                        
000045b9  atoi                                 
000045f9  vsnprintf                            
00004639  __aeabi_i2f                          
00004639  __floatsisf                          
00004675  __gesf2                              
00004675  __gtsf2                              
000046b1  __TI_auto_init_nobinit_nopinit       
000046ed  __cmpsf2                             
000046ed  __eqsf2                              
000046ed  __lesf2                              
000046ed  __ltsf2                              
000046ed  __nesf2                              
00004729  __muldsi3                            
00004765  __aeabi_f2iz                         
00004765  __fixsfsi                            
0000479d  SYSCFG_DL_init                       
000047d1  __TI_cleanup                         
00004805  __TI_readmsg                         
00004839  __TI_writemsg                        
00004865  C$$IO$$                              
0000486d  exit                                 
000048a1  finddevice                           
00004935  __aeabi_i2d                          
00004935  __floatsidf                          
00004961  unlink                               
000049b5  lseek                                
000049dd  write                                
00004a05  _c_int00_noargs                      
00004a2d  __aeabi_lmul                         
00004a2d  __muldi3                             
00004a51  puts                                 
00004a75  memccpy                              
00004a99  BEEP                                 
00004ab9  __aeabi_llsl                         
00004ab9  __ashldi3                            
00004ad9  DL_Timer_setCaptCompUpdateMethod     
00004af5  DL_Timer_setClockConfig              
00004b2d  DL_Timer_setCaptureCompareOutCtl     
00004b5d  uart_Init                            
00004b75  __TI_zero_init_nomemset              
00004b8d  __aeabi_uldivmod                     
00004ba1  encoder_init                         
00004bc9  DL_UART_setClockConfig               
00004bdb  __TI_decompress_none                 
00004bed  DL_Timer_setCaptureCompareValue      
00004bfd  delay_ms                             
00004c0d  wcslen                               
00004c2d  __aeabi_memset                       
00004c2d  __aeabi_memset4                      
00004c2d  __aeabi_memset8                      
00004c65  __aeabi_memclr                       
00004c65  __aeabi_memclr4                      
00004c65  __aeabi_memclr8                      
00004c71  delay_us                             
00004c7d  get_encoder_countL                   
00004c89  get_encoder_countR                   
00004c95  malloc                               
00004ca1  DL_Common_delayCycles                
00004cd1  __aeabi_memcpy                       
00004cd1  __aeabi_memcpy4                      
00004cd1  __aeabi_memcpy8                      
00004cd9  fseek                                
00004ce1  remove                               
00004ce9  abort                                
00004cef  Reset_Handler                        
00004cf3  _system_pre_init                     
00004d00  __aeabi_ctype_table_                 
00004d00  __aeabi_ctype_table_C                
00004f00  __TI_Handler_Table_Base              
00004f0c  __TI_Handler_Table_Limit             
00004f14  __TI_CINIT_Base                      
00004f24  __TI_CINIT_Limit                     
00004f24  __TI_CINIT_Warm                      
20200000  __start___llvm_prf_bits              
20200000  __start___llvm_prf_cnts              
20200000  __stop___llvm_prf_bits               
20200000  __stop___llvm_prf_cnts               
20200000  _sys_memory                          
20200800  _CIOBUF_                             
20200800  __CIOBUF_                            
20200920  gTIMER_0Backup                       
202009dc  __TI_tmpnams                         
20200a7c  gPWM_MOTORBackup                     
20200b38  Gyro_Structure                       
20200b44  parmbuf                              
20200b70  Motor_Left                           
20200b74  Motor_Right                          
20200b78  Yaw                                  
20200b7c  _ftable                              
20200c6c  _device                              
20200ce4  _stream                              
20200d34  __TI_cleanup_ptr                     
20200d38  __TI_dtors_ptr                       
20200d44  LED_CNT                              
20200d48  Speed_Middle                         
20200d4c  __TI_ft_end                          
20200d50  __aeabi_errno                        
20200d54  _lock                                
20200d58  _unlock                              
20200d5c  cnt                                  
20200d60  flag                                 
20200d64  flag_en                              
20200d68  mode                                 
20200d6c  flag_LED                             
20207e00  __stack                              
20208000  __STACK_END                          
ffffffff  __TI_pprof_out_hndl                  
ffffffff  __TI_prof_data_size                  
ffffffff  __TI_prof_data_start                 
ffffffff  __binit__                            
ffffffff  binit                                
UNDEFED   __mpu_init                           
UNDEFED   _system_post_cinit                   

[258 symbols]
